2021-11-05 21:57:50.969455 0x407      Default     0x0                  41     0    powerd [powerd:prefs] Looking for MDM prefs

2021-11-05 21:57:50.969459 0x407      Error       0x0                  41     0    powerd [powerd:prefs] Failed to get prefs from path

2021-11-05 21:57:50.969703 0x407      Activity    0x90                 41     0    powerd (CoreFoundation) Loading Preferences From System CFPrefsD
2021-11-05 21:57:50.969730 0x407      Activity    0x91                 41     0    powerd (CoreFoundation) Loading Preferences From System CFPrefsD
2021-11-05 21:57:50.969762 0x407      Default     0x0                  41     0    powerd [powerd:pmSettings] Sleep timer 2147483647 display timer 10

2021-11-05 21:57:50.969817 0x407      Default     0x0                  41     0    powerd [powerd:assertions] Trial Initialization: Starting Timer
2021-11-05 21:57:50.969818 0x407      Default     0x0                  41     0    powerd [powerd:systemLoad] rootDomain's user activity state:1

2021-11-05 21:57:50.969886 0x407      Default     0x0                  41     0    powerd [powerd:lowPowerMode] LPM: Initialized PMLowPowerModeService

2021-11-05 21:57:50.969897 0x46a      Default     0x49                 41     0    powerd [powerd:sleepWake] Sleep revert state: 1

2021-11-05 21:57:50.969902 0x46a      Default     0x49                 41     0    powerd [powerd:assertions] Process runningboardd.32 Created SystemIsActive "daemon<com.apple.SpringBoard>32-61-2:FBSystemShellInitialize" age:00:00:00  id:51539640320 [System: SysAct] 
2021-11-05 21:57:50.969902 0x46a      Default     0x49                 41     0    powerd [powerd:assertions] Assertion bufffer initialized. Sending high water mark notification
2021-11-05 21:57:50.969939 0x46a      Default     0x0                  41     0    powerd [powerd:systemLoad] Activity changes from 0xffff to 0x0. UseActiveState:0

2021-11-05 21:57:50.969939 0x46a      Default     0x0                  41     0    powerd [powerd:systemLoad] hidActive:1 displayOff:1 assertionActivityValid:0 now:0xc  hid_ts:0xc assertion_ts:0x0

2021-11-05 21:57:50.969951 0x46b      Default     0x0                  41     0    powerd [powerd:battery] posted 'com.apple.system.powersources.attach'

2021-11-05 21:57:50.969963 0x46b      Default     0x0                  41     0    powerd [powerd:batteryhealth] batteryHealthP0Threshold set to 0

2021-11-05 21:57:50.969965 0x46b      Default     0x0                  41     0    powerd [powerd:batteryhealth] batteryHealthUPOAware set to 0

2021-11-05 21:57:50.969970 0x46b      Activity    0x92                 41     0    powerd (CoreFoundation) Loading Preferences From System CFPrefsD
2021-11-05 21:57:50.970006 0x46b      Default     0x0                  41     0    powerd [powerd:batteryhealth] Previous Battery Health: Flags:3 State:0 MaxCapacity:82 CycleCount:

2021-11-05 21:57:50.970006 0x46b      Default     0x0                  41     0    powerd [powerd:batteryhealth] calib: svcFlags pre: 0x3
2021-11-05 21:57:50.970008 0x46b      Default     0x0                  41     0    powerd [powerd:batteryhealth] calib0: device not relevant
2021-11-05 21:57:50.970008 0x46b      Default     0x0                  41     0    powerd [powerd:batteryhealth] calib: svcFlags post: 0x3
2021-11-05 21:57:50.970008 0x46b      Error       0x0                  41     0    powerd [powerd:batteryhealth] Failed to calculate Nominal Capacity percentage. NominalCapacity:0 DesignCapacity:0

2021-11-05 21:57:50.970008 0x46b      Error       0x0                  41     0    powerd [powerd:batteryhealth] Battery health UPO Aware value not set

2021-11-05 21:57:50.970008 0x46b      Error       0x0                  41     0    powerd [powerd:batteryhealth] Battery P0 threshold is not set

2021-11-05 21:57:50.970008 0x46b      Default     0x0                  41     0    powerd [powerd:batteryhealth] Unable to determine Battery Health Service state. Service Flags:0x2280003 Service State:5

2021-11-05 21:57:50.970008 0x46b      Default     0x0                  41     0    powerd [powerd:batteryhealth] calib: skipping due to precedence
2021-11-05 21:57:50.970033 0x46b      Default     0x0                  41     0    powerd [powerd:batteryhealth] Updated Battery Health: Flags:36175875 State:5 MaxCapacity:82 CycleCount:

2021-11-05 21:57:50.970034 0x46b      Default     0x0                  41     0    powerd [powerd:battery] Battery time remaining posted(0x200000000480000) Time:0 Source:Batt

2021-11-05 21:57:50.970038 0x46b      Default     0x0                  41     0    powerd [powerd:battery] posted 'com.apple.system.powersources.lowbattery'

2021-11-05 21:57:50.970038 0x46b      Default     0x0                  41     0    powerd [powerd:battery] Battery capacity change posted(0x8005f). Capacity:95 Source:Batt

2021-11-05 21:57:50.970038 0x46b      Default     0x0                  41     0    powerd [powerd:battery] Power Source change. Source:Batt
2021-11-05 21:57:50.970042 0x470      Default     0x0                  41     0    powerd [powerd:BDC] No match for SMC IOService. Can't start BDC
2021-11-05 21:57:50.970985 0x46a      Default     0x0                  41     0    powerd [powerd:assertions] Trial Initialization: Deferred due to pending Data Migration.
2021-11-05 21:57:50.989737 0x46b      Default     0x0                  41     0    powerd [powerd:systemLoad] Display state: On NotificationWake : 0

2021-11-05 21:57:50.989738 0x46b      Default     0x0                  41     0    powerd [powerd:systemLoad] Activity changes from 0x0 to 0x1. UseActiveState:1

2021-11-05 21:57:50.989738 0x46b      Default     0x0                  41     0    powerd [powerd:systemLoad] hidActive:1 displayOff:0 assertionActivityValid:0 now:0xd  hid_ts:0xc assertion_ts:0x0

2021-11-05 21:57:51.035712 0x46b      Default     0x0                  41     0    powerd [powerd:assertions] Aysnc Assertion: received initial connection from 86
2021-11-05 21:57:51.056695 0x46b      Default     0x0                  41     0    powerd [powerd:lowPowerMode] LPM: Deferred Init timer fired

2021-11-05 21:57:51.061219 0x62a      Default     0x0                  41     0    powerd [powerd:assertions] Aysnc Assertion: received initial connection from 35
2021-11-05 21:57:51.105932 0x470      Default     0x0                  41     0    powerd [powerd:sleepWake] Sleep revert state: 1

2021-11-05 21:57:51.106167 0x470      Default     0x0                  41     0    powerd [powerd:assertions] Process CommCenter.90 Created SystemIsActive "com.apple.AppleBasebandManager.ServerNotReady" age:00:00:00  id:51539640340 [System: PrevIdle SysAct] 
2021-11-05 21:57:51.109806 0x6d0      Default     0x0                  41     0    powerd [powerd:sleepWake] Sleep revert state: 1

2021-11-05 21:57:51.109808 0x6d0      Default     0x0                  41     0    powerd [powerd:assertions] Process CommCenter.90 Created SystemIsActive "com.apple.AppleBasebandManager.RadioNotReady.Bootup" age:00:00:00  id:51539640341 [System: PrevIdle SysAct] 
2021-11-05 21:57:51.149159 0x46b      Default     0x0                  41     0    powerd [powerd:lowPowerMode] LPM: Pluggedin=0 at init

2021-11-05 21:57:51.149169 0x62a      Default     0x0                  41     0    powerd [powerd:batteryhealth] Received notification for batteryHealthP0Threshold. Value set to 500

2021-11-05 21:57:51.151313 0x62a      Default     0x0                  41     0    powerd [powerd:batteryhealth] Received notification for batteryHealthUPOAware. Value set to 5850451

2021-11-05 21:57:51.151827 0x46b      Default     0x0                  41     0    powerd [powerd:lowPowerMode] LPM: Battery Percentage=95% at init

2021-11-05 21:57:51.152398 0x46b      Default     0x0                  41     0    powerd [powerd:lowPowerMode] LPM: readPreferences: autoDisableThreshold=80%, autoDisableWhenPluggedIn=0

2021-11-05 21:57:51.153632 0x46b      Default     0x0                  41     0    powerd [powerd:lowPowerMode] LPM: No previous defaults state found

2021-11-05 21:57:51.153632 0x46b      Default     0x0                  41     0    powerd [powerd:lowPowerMode] LPM: No saved state found, not auto-enabling

2021-11-05 21:57:51.153633 0x46b      Default     0x0                  41     0    powerd (FindMyDevice) [com.apple.icloud.findmydeviced:_] -[FMDFMIPManager isLostModeActive]
2021-11-05 21:57:51.153634 0x46b      Activity    0x93                 41     0    powerd (libsystem_containermanager.dylib) container_system_path_for_identifier
2021-11-05 21:57:51.153645 0x46b      Info        0x93                 41     0    powerd (libsystem_containermanager.dylib) [com.apple.containermanager:cache] containermanagerd not initialized yet. can't return container for group systemgroup.com.apple.icloud.findmydevice.managed in process
2021-11-05 21:57:51.153645 0x46b      Info        0x93                 41     0    powerd (libsystem_containermanager.dylib) [com.apple.containermanager:cache] Cache miss; command = 17, identifier = <private>, groupIdentifier = systemgroup.com.apple.icloud.findmydevice.managed
2021-11-05 21:57:51.154151 0x46b      Default     0x0                  41     0    powerd (libsystem_containermanager.dylib) [com.apple.containermanager:unspecified] container_system_group_path_for_identifier: success
2021-11-05 21:57:51.154155 0x46b      Default     0x0                  41     0    powerd (FindMyDevice) [com.apple.icloud.findmydeviced:_] Shared file not found. Returning lost mode type as - FMDLostModeTypeNone
2021-11-05 21:57:51.154155 0x46b      Default     0x0                  41     0    powerd (FindMyDevice) [com.apple.icloud.findmydeviced:_] FMiP shared info has lost mode type - 0
2021-11-05 21:57:51.154155 0x46b      Default     0x0                  41     0    powerd (FindMyDevice) [com.apple.icloud.findmydeviced:_] -[FMDFMIPManager isLostModeActive] : NO
2021-11-05 21:57:51.170372 0x62a      Default     0x0                  41     0    powerd [powerd:assertions] Process CommCenter.90 Released SystemIsActive "com.apple.AppleBasebandManager.ServerNotReady" age:00:00:02  id:51539640340 [System: PrevIdle SysAct] 
2021-11-05 21:57:51.170632 0x62a      Default     0x0                  41     0    powerd [powerd:assertions] Process CommCenter.90 Released SystemIsActive "com.apple.AppleBasebandManager.RadioNotReady.Bootup" age:00:00:02  id:51539640341 [System: PrevIdle SysAct] 
2021-11-05 21:57:51.176035 0x62a      Default     0x0                  41     0    powerd [powerd:batteryhealth] Previous Battery Health: Flags:36175875 State:5 MaxCapacity:82 CycleCount:

2021-11-05 21:57:51.176035 0x62a      Default     0x0                  41     0    powerd [powerd:batteryhealth] calib: svcFlags pre: 0x3
2021-11-05 21:57:51.176035 0x62a      Default     0x0                  41     0    powerd [powerd:batteryhealth] calib0: device not relevant
2021-11-05 21:57:51.176035 0x62a      Default     0x0                  41     0    powerd [powerd:batteryhealth] calib: svcFlags post: 0x3
2021-11-05 21:57:51.176047 0x62a      Activity    0x94                 41     0    powerd (CoreFoundation) Loading Preferences From System CFPrefsD
2021-11-05 21:57:51.176421 0x62a      Default     0x0                  41     0    powerd [powerd:batteryhealth] Updated Battery Health: Flags:3 State:0 MaxCapacity:82 CycleCount:

2021-11-05 21:57:51.183520 0x46b      Default     0x0                  41     0    powerd [powerd:assertions] Aysnc Assertion: received initial connection from 58
2021-11-05 21:57:51.191763 0x62a      Default     0x0                  41     0    powerd [powerd:battery] Battery capacity change posted(0x80063). Capacity:99 Source:Batt

2021-11-05 21:57:51.191763 0x62a      Default     0x0                  41     0    powerd [powerd:battery] posted 'com.apple.system.powersources.timeremaining'

2021-11-05 21:57:51.201664 0x6d0      Default     0x0                  41     0    powerd [powerd:lowPowerMode] LPM: monitor: batteryPercentage=99%

2021-11-05 21:57:51.206263 0x46b      Info        0x0                  41     0    powerd (libsystem_containermanager.dylib) [com.apple.containermanager:xpc] connection <0x1029119f0/0/0; 0x0> invalidated
2021-11-05 21:57:51.223264 0x62a      Default     0xaf2                41     0    powerd [powerd:sleepWake] Sleep revert state: 1

2021-11-05 21:57:51.223264 0x62a      Default     0xaf2                41     0    powerd [powerd:assertions] Process runningboardd.32 Created SystemIsActive "daemon<com.apple.ind>32-181-6:com.apple.CFNetwork.StorageDB" age:00:00:00  id:51539640345 [System: PrevIdle SysAct] 
2021-11-05 21:57:51.224569 0x62a      Default     0x9c7                41     0    powerd [powerd:assertions] Aysnc Assertion: received initial connection from 69
2021-11-05 21:57:51.225876 0x62a      Default     0xb16                41     0    powerd [powerd:sleepWake] Sleep revert state: 1

2021-11-05 21:57:51.225877 0x62a      Default     0xb16                41     0    powerd [powerd:assertions] Process runningboardd.32 Created SystemIsActive "daemon<com.apple.akd>32-183-7:com.apple.CFNetwork.StorageDB" age:00:00:00  id:51539640346 [System: PrevIdle SysAct] 
2021-11-05 21:57:51.252282 0x62a      Default     0xbe2                41     0    powerd [powerd:assertions] Process runningboardd.32 Released SystemIsActive "daemon<com.apple.ind>32-181-6:com.apple.CFNetwork.StorageDB" age:00:00:01  id:51539640345 [System: PrevIdle SysAct] 
2021-11-05 21:57:51.254917 0x62a      Default     0xbe4                41     0    powerd [powerd:assertions] Process runningboardd.32 Released SystemIsActive "daemon<com.apple.akd>32-183-7:com.apple.CFNetwork.StorageDB" age:00:00:01  id:51539640346 [System: PrevIdle SysAct] 
2021-11-05 21:57:51.255356 0x62a      Default     0x0                  41     0    powerd [powerd:sleepWake] Sleep revert state: 1

2021-11-05 21:57:51.255358 0x62a      Default     0x0                  41     0    powerd [powerd:assertions] Process CommCenter.90 Created SystemIsActive "LASD cells fetched" age:00:00:00  id:51539640347 [System: PrevIdle SysAct] 
2021-11-05 21:57:51.279774 0x62a      Default     0x0                  41     0    powerd [powerd:assertions] Aysnc Assertion: received initial connection from 182
2021-11-05 21:57:51.303492 0x62a      Default     0xed7                41     0    powerd [powerd:sleepWake] Sleep revert state: 1

2021-11-05 21:57:51.303492 0x62a      Default     0xed7                41     0    powerd [powerd:assertions] Process runningboardd.32 Created SystemIsActive "daemon<com.apple.ABDatabaseDoctor>32-192-8:Contacts shared filesystem lock" age:00:00:00  id:51539640349 [System: PrevIdle SysAct] 
2021-11-05 21:57:51.306060 0x62a      Default     0xf33                41     0    powerd [powerd:assertions] Process runningboardd.32 Released SystemIsActive "daemon<com.apple.ABDatabaseDoctor>32-192-8:Contacts shared filesystem lock" age:00:00:00  id:51539640349 [System: PrevIdle SysAct] 
2021-11-05 21:57:51.308223 0x46b      Default     0x0                  41     0    powerd [powerd:sleepWake] Sleep revert state: 1

2021-11-05 21:57:51.308224 0x46b      Default     0x0                  41     0    powerd [powerd:assertions] Process CommCenter.90 Created SystemIsActive "com.apple.AppleBasebandManager.FSModuleSync" age:00:00:00  id:51539640350 [System: PrevIdle SysAct] 
2021-11-05 21:57:51.308661 0x62a      Default     0x0                  41     0    powerd (CoreAnalytics) [com.apple.CoreAnalytics:client] Received configuration update from daemon (initial)
2021-11-05 21:57:51.321581 0x46b      Default     0x0                  41     0    powerd [powerd:assertions] Aysnc Assertion: received initial connection from 29
2021-11-05 21:57:51.326615 0x46b      Default     0x0                  41     0    powerd [powerd:assertions] Process CommCenter.90 Released SystemIsActive "com.apple.AppleBasebandManager.FSModuleSync" age:00:00:00  id:51539640350 [System: PrevIdle SysAct] 
2021-11-05 21:57:51.328909 0x6d0      Default     0x0                  41     0    powerd [powerd:assertions] Process mediaserverd.35 Released PreventUserIdleDisplaySleep "com.apple.audio.context200.preventuseridledisplaysleep" age:00:00:10  id:21474869265 [System: PrevIdle SysAct] 
2021-11-05 21:57:51.345689 0x46a      Default     0x0                  41     0    powerd [powerd:pmSettings] Energy Saver Prefs have changed
2021-11-05 21:57:51.345753 0x46a      Default     0x0                  41     0    powerd [powerd:pmSettings] Energy Saver Prefs have changed
2021-11-05 21:57:51.367247 0x46a      Default     0x0                  41     0    powerd [powerd:batteryhealth] Previous Battery Health: Flags:3 State:0 MaxCapacity:82 CycleCount:

2021-11-05 21:57:51.367247 0x46a      Default     0x0                  41     0    powerd [powerd:batteryhealth] calib: svcFlags pre: 0x3
2021-11-05 21:57:51.367247 0x46a      Default     0x0                  41     0    powerd [powerd:batteryhealth] calib0: device not relevant
2021-11-05 21:57:51.367247 0x46a      Default     0x0                  41     0    powerd [powerd:batteryhealth] calib: svcFlags post: 0x3
2021-11-05 21:57:51.367250 0x46a      Default     0x0                  41     0    powerd [powerd:batteryhealth] Updated Battery Health: Flags:3 State:0 MaxCapacity:82 CycleCount:

2021-11-05 21:57:51.367393 0x46a      Default     0x0                  41     0    powerd [powerd:batteryhealth] Previous Battery Health: Flags:3 State:0 MaxCapacity:82 CycleCount:

2021-11-05 21:57:51.367393 0x46a      Default     0x0                  41     0    powerd [powerd:batteryhealth] calib: svcFlags pre: 0x3
2021-11-05 21:57:51.367393 0x46a      Default     0x0                  41     0    powerd [powerd:batteryhealth] calib0: device not relevant
2021-11-05 21:57:51.367393 0x46a      Default     0x0                  41     0    powerd [powerd:batteryhealth] calib: svcFlags post: 0x3
2021-11-05 21:57:51.367395 0x46a      Default     0x0                  41     0    powerd [powerd:batteryhealth] Updated Battery Health: Flags:3 State:0 MaxCapacity:82 CycleCount:

2021-11-05 21:57:51.367406 0x46a      Default     0x0                  41     0    powerd [powerd:batteryhealth] Previous Battery Health: Flags:3 State:0 MaxCapacity:82 CycleCount:

2021-11-05 21:57:51.367406 0x46a      Default     0x0                  41     0    powerd [powerd:batteryhealth] calib: svcFlags pre: 0x3
2021-11-05 21:57:51.367406 0x46a      Default     0x0                  41     0    powerd [powerd:batteryhealth] calib0: device not relevant
2021-11-05 21:57:51.367406 0x46a      Default     0x0                  41     0    powerd [powerd:batteryhealth] calib: svcFlags post: 0x3
2021-11-05 21:57:51.367408 0x46a      Default     0x0                  41     0    powerd [powerd:batteryhealth] Updated Battery Health: Flags:3 State:0 MaxCapacity:82 CycleCount:

2021-11-05 21:57:51.496908 0x461      Default     0x0                  41     0    powerd (AggregateDictionary) AggregateDictionary is deprecated and will be removed in this release. Please migrate to Core Analytics.
2021-11-05 21:57:51.502524 0x46a      Default     0x0                  41     0    powerd [powerd:assertions] Check assertion activity update from clients 0
2021-11-05 21:57:51.502529 0x46a      Default     0x0                  41     0    powerd [powerd:assertions] checkForAssertionActivityUpdates : setting timer to fire in 5 secs
2021-11-05 21:57:51.502529 0x46a      Default     0x0                  41     0    powerd [powerd:assertions] checkForAssertionActivityUpdates : setting timer to fire in 5 secs
2021-11-05 21:57:51.502628 0x461      Default     0x0                  41     0    powerd Unexpected readFromIdx -1. arrCnt=90

2021-11-05 21:57:51.502656 0x461      Default     0x0                  41     0    powerd [powerd:assertions] Assertion Activity Update: logged 90 entries. New refCnt 90, overflow 1
2021-11-05 21:57:52.715254 0xa60      Default     0x5026               41     0    powerd [powerd:sleepWake] Sleep revert state: 1

2021-11-05 21:57:52.715256 0xa60      Default     0x5026               41     0    powerd [powerd:assertions] Process runningboardd.32 Created SystemIsActive "daemon<com.apple.coreidvd>32-225-55:com.apple.CFNetwork.StorageDB" age:00:00:00  id:51539640382 [System: PrevIdle SysAct] 
2021-11-05 21:57:52.722872 0xa60      Default     0x5044               41     0    powerd [powerd:sleepWake] Sleep revert state: 1

2021-11-05 21:57:52.722873 0xa60      Default     0x5044               41     0    powerd [powerd:assertions] Process runningboardd.32 Created SystemIsActive "daemon<com.apple.passd>32-125-56:com.apple.CFNetwork.StorageDB" age:00:00:00  id:51539640383 [System: PrevIdle SysAct] 
2021-11-05 21:57:52.728179 0xa60      Default     0x504b               41     0    powerd [powerd:assertions] Process runningboardd.32 Released SystemIsActive "daemon<com.apple.rtcreportingd>32-254-53:com.apple.CFNetwork.StorageDB" age:00:00:01  id:51539640381 [System: PrevIdle SysAct] 
2021-11-05 21:57:52.738932 0xa60      Default     0x50b5               41     0    powerd [powerd:sleepWake] Sleep revert state: 1

2021-11-05 21:57:52.738934 0xa60      Default     0x50b5               41     0    powerd [powerd:assertions] Process runningboardd.32 Created SystemIsActive "daemon<com.apple.amsengagementd>32-249-62:com.apple.CFNetwork.StorageDB" age:00:00:00  id:51539640384 [System: PrevIdle SysAct] 
2021-11-05 21:57:52.740743 0xa60      Default     0x5110               41     0    powerd [powerd:assertions] Process runningboardd.32 Released SystemIsActive "daemon<com.apple.amsaccountsd>32-88-46:com.apple.CFNetwork.StorageDB" age:00:00:05  id:51539640375 [System: PrevIdle SysAct] 
2021-11-05 21:57:52.741072 0xa60      Default     0x0                  41     0    powerd [powerd:batteryhealth] Previous Battery Health: Flags:3 State:0 MaxCapacity:82 CycleCount:

2021-11-05 21:57:52.741072 0xa60      Default     0x0                  41     0    powerd [powerd:batteryhealth] calib: svcFlags pre: 0x3
2021-11-05 21:57:52.741072 0xa60      Default     0x0                  41     0    powerd [powerd:batteryhealth] calib0: device not relevant
2021-11-05 21:57:52.741072 0xa60      Default     0x0                  41     0    powerd [powerd:batteryhealth] calib: svcFlags post: 0x3
2021-11-05 21:57:52.741074 0xa60      Default     0x0                  41     0    powerd [powerd:batteryhealth] Updated Battery Health: Flags:3 State:0 MaxCapacity:82 CycleCount:

2021-11-05 21:57:52.741085 0xa60      Default     0x0                  41     0    powerd [powerd:batteryhealth] Previous Battery Health: Flags:3 State:0 MaxCapacity:82 CycleCount:

2021-11-05 21:57:52.741085 0xa60      Default     0x0                  41     0    powerd [powerd:batteryhealth] calib: svcFlags pre: 0x3
2021-11-05 21:57:52.741086 0xa60      Default     0x0                  41     0    powerd [powerd:batteryhealth] calib0: device not relevant
2021-11-05 21:57:52.741086 0xa60      Default     0x0                  41     0    powerd [powerd:batteryhealth] calib: svcFlags post: 0x3
2021-11-05 21:57:52.741087 0xa60      Default     0x0                  41     0    powerd [powerd:batteryhealth] Updated Battery Health: Flags:3 State:0 MaxCapacity:82 CycleCount:

2021-11-05 21:57:52.741096 0xa60      Default     0x0                  41     0    powerd [powerd:batteryhealth] Previous Battery Health: Flags:3 State:0 MaxCapacity:82 CycleCount:

2021-11-05 21:57:52.741096 0xa60      Default     0x0                  41     0    powerd [powerd:batteryhealth] calib: svcFlags pre: 0x3
2021-11-05 21:57:52.741096 0xa60      Default     0x0                  41     0    powerd [powerd:batteryhealth] calib0: device not relevant
2021-11-05 21:57:52.741096 0xa60      Default     0x0                  41     0    powerd [powerd:batteryhealth] calib: svcFlags post: 0x3
2021-11-05 21:57:52.741098 0xa60      Default     0x0                  41     0    powerd [powerd:batteryhealth] Updated Battery Health: Flags:3 State:0 MaxCapacity:82 CycleCount:

2021-11-05 21:57:52.746264 0xa60      Default     0x5139               41     0    powerd [powerd:sleepWake] Sleep revert state: 1

2021-11-05 21:57:52.746267 0xa60      Default     0x5139               41     0    powerd [powerd:assertions] Process runningboardd.32 Created SystemIsActive "daemon<com.apple.ap.promotedcontentd>32-250-67:com.apple.CFNetwork.StorageDB" age:00:00:00  id:51539640385 [System: PrevIdle SysAct] 
2021-11-05 21:57:52.746876 0xa60      Default     0x0                  41     0    powerd [powerd:assertions] Process locationd.69 Released NoIdleSleepAssertion "com.apple.persistentconnection[locationd,69,FenceManagerStart-PendingSimpleTimer(0x103ff5de0)]" age:00:00:23  id:4295000107 [System: PrevIdle SysAct] 
2021-11-05 21:57:52.749638 0xa60      Default     0x519a               41     0    powerd [powerd:assertions] Process runningboardd.32 Released SystemIsActive "daemon<com.apple.appstored>32-214-54:com.apple.CFNetwork.StorageDB" age:00:00:02  id:51539640380 [System: PrevIdle SysAct] 
2021-11-05 21:57:52.754346 0x46a      Default     0x51b4               41     0    powerd [powerd:assertions] Process runningboardd.32 Released SystemIsActive "daemon<com.apple.passd>32-125-56:com.apple.CFNetwork.StorageDB" age:00:00:01  id:51539640383 [System: PrevIdle SysAct] 
2021-11-05 21:57:52.761498 0x46a      Default     0x51d4               41     0    powerd [powerd:assertions] Process runningboardd.32 Released SystemIsActive "daemon<com.apple.coreidvd>32-225-55:com.apple.CFNetwork.StorageDB" age:00:00:01  id:51539640382 [System: PrevIdle SysAct] 
2021-11-05 21:57:52.780389 0x46a      Default     0x52c1               41     0    powerd [powerd:sleepWake] Sleep revert state: 1

2021-11-05 21:57:52.780392 0x46a      Default     0x52c1               41     0    powerd [powerd:assertions] Process runningboardd.32 Created SystemIsActive "xpcservice<com.apple.mobileslideshow.PhotosReliveWidget([daemon<com.apple.chronod>:96])>32-96-76:[mobileslideshow.PhotosReliveWidget-27590F04A89E]" age:00:00:00  id:51539640386 [System: PrevIdle SysAct] 
2021-11-05 21:57:52.781789 0x461      Default     0x5310               41     0    powerd [powerd:sleepWake] Sleep revert state: 1

2021-11-05 21:57:52.781791 0x461      Default     0x5310               41     0    powerd [powerd:assertions] Process runningboardd.32 Created SystemIsActive "xpcservice<com.apple.AppStore.Widgets([daemon<com.apple.chronod>:96])>32-96-80:[AppStore.Widgets-A746BE311C4C]" age:00:00:00  id:51539640387 [System: PrevIdle SysAct] 
2021-11-05 22:02:05.829285 0x40e      Default     0x0                  41     0    powerd [powerd:prefs] Looking for MDM prefs

2021-11-05 22:02:05.829288 0x40e      Error       0x0                  41     0    powerd [powerd:prefs] Failed to get prefs from path

2021-11-05 22:02:05.829396 0x40e      Activity    0x90                 41     0    powerd (CoreFoundation) Loading Preferences From System CFPrefsD
2021-11-05 22:02:05.829422 0x40e      Activity    0x91                 41     0    powerd (CoreFoundation) Loading Preferences From System CFPrefsD
2021-11-05 22:02:05.829456 0x40e      Default     0x0                  41     0    powerd [powerd:pmSettings] Sleep timer 2147483647 display timer 10

2021-11-05 22:02:05.829515 0x40e      Default     0x0                  41     0    powerd [powerd:assertions] Trial Initialization: Starting Timer
2021-11-05 22:02:05.829515 0x40e      Default     0x0                  41     0    powerd [powerd:systemLoad] rootDomain's user activity state:1

2021-11-05 22:02:05.829605 0x40e      Default     0x0                  41     0    powerd [powerd:lowPowerMode] LPM: Initialized PMLowPowerModeService

2021-11-05 22:02:05.829648 0x48a      Default     0x0                  41     0    powerd [powerd:systemLoad] Activity changes from 0xffff to 0x0. UseActiveState:0

2021-11-05 22:02:05.829648 0x48a      Default     0x0                  41     0    powerd [powerd:systemLoad] hidActive:1 displayOff:1 assertionActivityValid:0 now:0xa  hid_ts:0xa assertion_ts:0x0

2021-11-05 22:02:05.829659 0x48d      Default     0x0                  41     0    powerd [powerd:battery] posted 'com.apple.system.powersources.attach'

2021-11-05 22:02:05.829661 0x48d      Default     0x0                  41     0    powerd [powerd:battery] posted 'com.apple.system.powermanagement.poweradapter'

2021-11-05 22:02:05.829717 0x48d      Default     0x0                  41     0    powerd [powerd:batteryhealth] batteryHealthP0Threshold set to 0

2021-11-05 22:02:05.829719 0x48d      Default     0x0                  41     0    powerd [powerd:batteryhealth] batteryHealthUPOAware set to 0

2021-11-05 22:02:05.829723 0x48d      Activity    0x92                 41     0    powerd (CoreFoundation) Loading Preferences From System CFPrefsD
2021-11-05 22:02:05.829777 0x48d      Default     0x0                  41     0    powerd [powerd:batteryhealth] Previous Battery Health: Flags:3 State:0 MaxCapacity:82 CycleCount:

2021-11-05 22:02:05.829777 0x48d      Default     0x0                  41     0    powerd [powerd:batteryhealth] calib: svcFlags pre: 0x3
2021-11-05 22:02:05.829778 0x48d      Default     0x0                  41     0    powerd [powerd:batteryhealth] calib0: device not relevant
2021-11-05 22:02:05.829778 0x48d      Default     0x0                  41     0    powerd [powerd:batteryhealth] calib: svcFlags post: 0x3
2021-11-05 22:02:05.829778 0x48d      Error       0x0                  41     0    powerd [powerd:batteryhealth] Failed to calculate Nominal Capacity percentage. NominalCapacity:0 DesignCapacity:0

2021-11-05 22:02:05.829778 0x48d      Error       0x0                  41     0    powerd [powerd:batteryhealth] Battery health UPO Aware value not set

2021-11-05 22:02:05.829778 0x48d      Error       0x0                  41     0    powerd [powerd:batteryhealth] Battery P0 threshold is not set

2021-11-05 22:02:05.829778 0x48d      Default     0x0                  41     0    powerd [powerd:batteryhealth] Unable to determine Battery Health Service state. Service Flags:0x2280003 Service State:5

2021-11-05 22:02:05.829778 0x48d      Default     0x0                  41     0    powerd [powerd:batteryhealth] calib: skipping due to precedence
2021-11-05 22:02:05.829810 0x48d      Default     0x0                  41     0    powerd [powerd:batteryhealth] Updated Battery Health: Flags:36175875 State:5 MaxCapacity:82 CycleCount:

2021-11-05 22:02:05.829810 0x48d      Default     0x0                  41     0    powerd [powerd:battery] Battery time remaining posted(0x10000001c4b0000) Time:0 Source:AC

2021-11-05 22:02:05.829816 0x48d      Default     0x0                  41     0    powerd [powerd:battery] posted 'com.apple.system.powersources.lowbattery'

2021-11-05 22:02:05.829816 0x48d      Default     0x0                  41     0    powerd [powerd:battery] Battery capacity change posted(0xb0062). Capacity:98 Source:AC

2021-11-05 22:02:05.829816 0x48d      Default     0x0                  41     0    powerd [powerd:battery] Power Source change. Source:AC
2021-11-05 22:02:05.829820 0x491      Default     0x0                  41     0    powerd [powerd:BDC] No match for SMC IOService. Can't start BDC
2021-11-05 22:02:05.829824 0x48a      Default     0x0                  41     0    powerd [powerd:assertions] Assertion bufffer initialized. Sending high water mark notification
2021-11-05 22:02:05.830564 0x48a      Default     0x0                  41     0    powerd (Trial) [com.apple.trial:_] Initializing TRIClient. Trial version: TrialXP-276
2021-11-05 22:02:05.830572 0x48a      Default     0x0                  41     0    powerd (Trial) [com.apple.trial:_] <private> 0x100b05900 (no container): using Trial root dir <private>
2021-11-05 22:02:05.830626 0x48a      Default     0x0                  41     0    powerd (Trial) [com.apple.trial:_] adding update handler 0 for namespace COREOS_POWERD_ASSERTIONS
2021-11-05 22:02:05.831010 0x48a      Default     0x0                  41     0    powerd (Trial) [com.apple.trial:_] Namespace resolver file not present: <private>
2021-11-05 22:02:05.831039 0x48a      Default     0x0                  41     0    powerd [powerd:assertions] System Assertion Timer: feature enabled, feature flag: 1, trial value: 1
2021-11-05 22:02:05.831044 0x48a      Default     0x0                  41     0    powerd [powerd:assertions] System Assertion Timer: assertion timeouts data: <private>
2021-11-05 22:02:05.831057 0x48a      Default     0x0                  41     0    powerd [powerd:assertions] System Assertion Timer: setting timeout value to 600
2021-11-05 22:02:05.837072 0x48c      Default     0x4d                 41     0    powerd [powerd:sleepWake] Sleep revert state: 1

2021-11-05 22:02:05.837080 0x48c      Default     0x4d                 41     0    powerd [powerd:assertions] Process runningboardd.32 Created SystemIsActive "daemon<com.apple.SpringBoard>32-61-2:FBSystemShellInitialize" age:00:00:00  id:51539640323 [System: PrevIdle SysAct] 
2021-11-05 22:02:05.843226 0x48c      Default     0x0                  41     0    powerd [powerd:assertions] Aysnc Assertion: received initial connection from 35
2021-11-05 22:02:05.844036 0x48c      Default     0x0                  41     0    powerd [powerd:systemLoad] Display state: On NotificationWake : 0

2021-11-05 22:02:05.844036 0x48c      Default     0x0                  41     0    powerd [powerd:systemLoad] Activity changes from 0x0 to 0x1. UseActiveState:1

2021-11-05 22:02:05.844036 0x48c      Default     0x0                  41     0    powerd [powerd:systemLoad] hidActive:1 displayOff:0 assertionActivityValid:0 now:0xa  hid_ts:0xa assertion_ts:0x0

2021-11-05 22:02:05.882186 0x491      Default     0x0                  41     0    powerd [powerd:sleepWake] Sleep revert state: 1

2021-11-05 22:02:05.882188 0x491      Default     0x0                  41     0    powerd [powerd:assertions] Process CommCenter.89 Created SystemIsActive "com.apple.AppleBasebandManager.ServerNotReady" age:00:00:00  id:51539640338 [System: PrevIdle SysAct] 
2021-11-05 22:02:05.898516 0x491      Default     0x0                  41     0    powerd [powerd:sleepWake] Sleep revert state: 1

2021-11-05 22:02:05.898520 0x5cf      Default     0x0                  41     0    powerd [powerd:batteryhealth] Received notification for batteryHealthP0Threshold. Value set to 500

2021-11-05 22:02:05.898521 0x5cf      Default     0x0                  41     0    powerd [powerd:batteryhealth] Received notification for batteryHealthUPOAware. Value set to 5850451

2021-11-05 22:02:05.898522 0x491      Default     0x0                  41     0    powerd [powerd:assertions] Process CommCenter.89 Created SystemIsActive "com.apple.AppleBasebandManager.RadioNotReady.Bootup" age:00:00:00  id:51539640339 [System: PrevIdle SysAct] 
2021-11-05 22:02:05.904225 0x491      Default     0x0                  41     0    powerd [powerd:assertions] Aysnc Assertion: received initial connection from 85
2021-11-05 22:02:05.918720 0x491      Default     0x329                41     0    powerd [powerd:sleepWake] Sleep revert state: 1

2021-11-05 22:02:05.918721 0x491      Default     0x329                41     0    powerd [powerd:assertions] Process runningboardd.32 Created SystemIsActive "daemon<com.apple.nsurlsessiond>32-133-8:com.apple.CFNetwork.StorageDB" age:00:00:00  id:51539640342 [System: PrevIdle SysAct] 
2021-11-05 22:02:05.920249 0x48a      Default     0x0                  41     0    powerd [powerd:lowPowerMode] LPM: Deferred Init timer fired

2021-11-05 22:02:05.980813 0x48a      Default     0x0                  41     0    powerd [powerd:lowPowerMode] LPM: Pluggedin=1 at init

2021-11-05 22:02:05.980826 0x48a      Default     0x0                  41     0    powerd [powerd:lowPowerMode] LPM: Battery Percentage=98% at init

2021-11-05 22:02:05.987027 0x491      Default     0x791                41     0    powerd [powerd:sleepWake] Sleep revert state: 1

2021-11-05 22:02:05.987028 0x491      Default     0x791                41     0    powerd [powerd:assertions] Process runningboardd.32 Created SystemIsActive "daemon<com.apple.ind>32-160-10:com.apple.CFNetwork.StorageDB" age:00:00:00  id:51539640344 [System: PrevIdle SysAct] 
2021-11-05 22:02:05.991637 0x48d      Default     0x795                41     0    powerd [powerd:sleepWake] Sleep revert state: 1

2021-11-05 22:02:05.991637 0x48a      Default     0x0                  41     0    powerd [powerd:lowPowerMode] LPM: readPreferences: autoDisableThreshold=80%, autoDisableWhenPluggedIn=0

2021-11-05 22:02:05.991637 0x48d      Default     0x795                41     0    powerd [powerd:assertions] Process runningboardd.32 Created SystemIsActive "daemon<com.apple.akd>32-161-11:com.apple.CFNetwork.StorageDB" age:00:00:00  id:51539640345 [System: PrevIdle SysAct] 
2021-11-05 22:02:05.996156 0x48d      Default     0x0                  41     0    powerd [powerd:assertions] Aysnc Assertion: received initial connection from 58
2021-11-05 22:02:05.996477 0x48d      Default     0x955                41     0    powerd [powerd:sleepWake] Sleep revert state: 1

2021-11-05 22:02:05.996484 0x48d      Default     0x955                41     0    powerd [powerd:assertions] Process runningboardd.32 Created SystemIsActive "daemon<com.apple.coreidvd>32-137-12:com.apple.CFNetwork.StorageDB" age:00:00:00  id:51539640347 [System: PrevIdle SysAct] 
2021-11-05 22:02:05.998201 0x48a      Default     0x0                  41     0    powerd [powerd:lowPowerMode] LPM: No previous defaults state found

2021-11-05 22:02:05.998201 0x48a      Default     0x0                  41     0    powerd [powerd:lowPowerMode] LPM: No saved state found, not auto-enabling

2021-11-05 22:02:05.998202 0x48a      Default     0x0                  41     0    powerd (FindMyDevice) [com.apple.icloud.findmydeviced:_] -[FMDFMIPManager isLostModeActive]
2021-11-05 22:02:05.998203 0x48a      Activity    0x93                 41     0    powerd (libsystem_containermanager.dylib) container_system_path_for_identifier
2021-11-05 22:02:05.998212 0x48a      Info        0x93                 41     0    powerd (libsystem_containermanager.dylib) [com.apple.containermanager:cache] containermanagerd not initialized yet. can't return container for group systemgroup.com.apple.icloud.findmydevice.managed in process
2021-11-05 22:02:05.998212 0x48a      Info        0x93                 41     0    powerd (libsystem_containermanager.dylib) [com.apple.containermanager:cache] Cache miss; command = 17, identifier = <private>, groupIdentifier = systemgroup.com.apple.icloud.findmydevice.managed
2021-11-05 22:02:06.006738 0x48a      Default     0x0                  41     0    powerd (libsystem_containermanager.dylib) [com.apple.containermanager:unspecified] container_system_group_path_for_identifier: success
2021-11-05 22:02:06.006744 0x48a      Default     0x0                  41     0    powerd (FindMyDevice) [com.apple.icloud.findmydeviced:_] Shared file not found. Returning lost mode type as - FMDLostModeTypeNone
2021-11-05 22:02:06.006744 0x48a      Default     0x0                  41     0    powerd (FindMyDevice) [com.apple.icloud.findmydeviced:_] FMiP shared info has lost mode type - 0
2021-11-05 22:02:06.006744 0x48a      Default     0x0                  41     0    powerd (FindMyDevice) [com.apple.icloud.findmydeviced:_] -[FMDFMIPManager isLostModeActive] : NO
2021-11-05 22:02:06.006826 0x48d      Default     0x0                  41     0    powerd [powerd:assertions] Aysnc Assertion: received initial connection from 147
2021-11-05 22:02:06.020052 0x48d      Default     0xa46                41     0    powerd [powerd:assertions] Process runningboardd.32 Released SystemIsActive "daemon<com.apple.ind>32-160-10:com.apple.CFNetwork.StorageDB" age:00:00:01  id:51539640344 [System: PrevIdle SysAct] 
2021-11-05 22:02:06.030333 0x48d      Default     0x0                  41     0    powerd [powerd:batteryhealth] Previous Battery Health: Flags:36175875 State:5 MaxCapacity:82 CycleCount:

2021-11-05 22:02:06.030333 0x48d      Default     0x0                  41     0    powerd [powerd:batteryhealth] calib: svcFlags pre: 0x3
2021-11-05 22:02:06.030333 0x48d      Default     0x0                  41     0    powerd [powerd:batteryhealth] calib0: device not relevant
2021-11-05 22:02:06.030333 0x48d      Default     0x0                  41     0    powerd [powerd:batteryhealth] calib: svcFlags post: 0x3
2021-11-05 22:02:06.030333 0x48d      Error       0x0                  41     0    powerd [powerd:batteryhealth] Failed to calculate Nominal Capacity percentage. NominalCapacity:0 DesignCapacity:0

2021-11-05 22:02:06.030334 0x48d      Activity    0x94                 41     0    powerd (CoreFoundation) Loading Preferences From System CFPrefsD
2021-11-05 22:02:06.030345 0x48d      Error       0x0                  41     0    powerd [powerd:batteryhealth] Failed to read battery weightedRa

2021-11-05 22:02:06.030346 0x48d      Default     0x0                  41     0    powerd [powerd:batteryhealth] Unable to determine Battery Health Service state. Service Flags:0x2200003 Service State:5

2021-11-05 22:02:06.030346 0x48d      Default     0x0                  41     0    powerd [powerd:batteryhealth] calib: skipping due to precedence
2021-11-05 22:02:06.030360 0x48d      Default     0x0                  41     0    powerd [powerd:batteryhealth] Updated Battery Health: Flags:35651587 State:5 MaxCapacity:82 CycleCount:

2021-11-05 22:02:06.030512 0x48d      Default     0x0                  41     0    powerd [powerd:batteryhealth] Previous Battery Health: Flags:35651587 State:5 MaxCapacity:82 CycleCount:

2021-11-05 22:02:06.030512 0x48d      Default     0x0                  41     0    powerd [powerd:batteryhealth] calib: svcFlags pre: 0x3
2021-11-05 22:02:06.030512 0x48d      Default     0x0                  41     0    powerd [powerd:batteryhealth] calib0: device not relevant
2021-11-05 22:02:06.030512 0x48d      Default     0x0                  41     0    powerd [powerd:batteryhealth] calib: svcFlags post: 0x3
2021-11-05 22:02:06.030513 0x48d      Error       0x0                  41     0    powerd [powerd:batteryhealth] Failed to calculate Nominal Capacity percentage. NominalCapacity:0 DesignCapacity:0

2021-11-05 22:02:06.030513 0x48d      Error       0x0                  41     0    powerd [powerd:batteryhealth] Failed to read battery weightedRa

2021-11-05 22:02:06.030513 0x48d      Default     0x0                  41     0    powerd [powerd:batteryhealth] Unable to determine Battery Health Service state. Service Flags:0x2200003 Service State:5

2021-11-05 22:02:06.030513 0x48d      Default     0x0                  41     0    powerd [powerd:batteryhealth] calib: skipping due to precedence
2021-11-05 22:02:06.030514 0x48d      Default     0x0                  41     0    powerd [powerd:batteryhealth] Updated Battery Health: Flags:35651587 State:5 MaxCapacity:82 CycleCount:

2021-11-05 22:02:06.030527 0x48d      Default     0x0                  41     0    powerd [powerd:batteryhealth] Previous Battery Health: Flags:35651587 State:5 MaxCapacity:82 CycleCount:

2021-11-05 22:02:06.030527 0x48d      Default     0x0                  41     0    powerd [powerd:batteryhealth] calib: svcFlags pre: 0x3
2021-11-05 22:02:06.030527 0x48d      Default     0x0                  41     0    powerd [powerd:batteryhealth] calib0: device not relevant
2021-11-05 22:02:06.030527 0x48d      Default     0x0                  41     0    powerd [powerd:batteryhealth] calib: svcFlags post: 0x3
2021-11-05 22:02:06.030527 0x48d      Error       0x0                  41     0    powerd [powerd:batteryhealth] Failed to calculate Nominal Capacity percentage. NominalCapacity:0 DesignCapacity:0

2021-11-05 22:02:06.030527 0x48d      Error       0x0                  41     0    powerd [powerd:batteryhealth] Failed to read battery weightedRa

2021-11-05 22:02:06.030527 0x48d      Default     0x0                  41     0    powerd [powerd:batteryhealth] Unable to determine Battery Health Service state. Service Flags:0x2200003 Service State:5

2021-11-05 22:02:06.030527 0x48d      Default     0x0                  41     0    powerd [powerd:batteryhealth] calib: skipping due to precedence
2021-11-05 22:02:06.030529 0x48d      Default     0x0                  41     0    powerd [powerd:batteryhealth] Updated Battery Health: Flags:35651587 State:5 MaxCapacity:82 CycleCount:

2021-11-05 22:02:06.033587 0x48d      Default     0xa78                41     0    powerd [powerd:assertions] Process runningboardd.32 Released SystemIsActive "daemon<com.apple.akd>32-161-11:com.apple.CFNetwork.StorageDB" age:00:00:01  id:51539640345 [System: PrevIdle SysAct] 
2021-11-05 22:02:06.035887 0x48d      Default     0xac3                41     0    powerd [powerd:assertions] Process runningboardd.32 Released SystemIsActive "daemon<com.apple.nsurlsessiond>32-133-8:com.apple.CFNetwork.StorageDB" age:00:00:04  id:51539640342 [System: PrevIdle SysAct] 
2021-11-05 22:02:06.038573 0x48d      Default     0xb0f                41     0    powerd [powerd:sleepWake] Sleep revert state: 1

2021-11-05 22:02:06.038573 0x48d      Default     0xb0f                41     0    powerd [powerd:assertions] Process runningboardd.32 Created SystemIsActive "daemon<com.apple.watchlistd>32-163-16:com.apple.CFNetwork.StorageDB" age:00:00:00  id:51539640350 [System: PrevIdle SysAct] 
2021-11-05 22:02:06.042369 0x48d      Default     0x0                  41     0    powerd [powerd:assertions] Aysnc Assertion: received initial connection from 158
2021-11-05 22:02:06.051066 0x48d      Default     0xbb9                41     0    powerd [powerd:sleepWake] Sleep revert state: 1

2021-11-05 22:02:06.051067 0x48d      Default     0xbb9                41     0    powerd [powerd:assertions] Process runningboardd.32 Created SystemIsActive "daemon<com.apple.bookassetd>32-165-19:com.apple.CFNetwork.StorageDB" age:00:00:00  id:51539640351 [System: PrevIdle SysAct] 
2021-11-05 22:02:06.066300 0x48a      Default     0x758                41     0    powerd [powerd:assertions] Aysnc Assertion: received initial connection from 68
2021-11-05 22:02:06.066337 0x48a      Info        0x0                  41     0    powerd (libsystem_containermanager.dylib) [com.apple.containermanager:xpc] connection <0x100829160/0/0; 0x0> invalidated
2021-11-05 22:02:06.066341 0x48d      Default     0x0                  41     0    powerd [powerd:batteryhealth] Previous Battery Health: Flags:35651587 State:5 MaxCapacity:82 CycleCount:

2021-11-05 22:02:06.066341 0x48d      Default     0x0                  41     0    powerd [powerd:batteryhealth] calib: svcFlags pre: 0x3
2021-11-05 22:02:06.066341 0x48d      Default     0x0                  41     0    powerd [powerd:batteryhealth] calib0: device not relevant
2021-11-05 22:02:06.066341 0x48d      Default     0x0                  41     0    powerd [powerd:batteryhealth] calib: svcFlags post: 0x3
2021-11-05 22:02:06.066366 0x48d      Default     0x0                  41     0    powerd [powerd:batteryhealth] Updated Battery Health: Flags:3 State:0 MaxCapacity:82 CycleCount:

2021-11-05 22:02:06.066367 0x48d      Default     0x0                  41     0    powerd [powerd:battery] Battery capacity change posted(0xb005d). Capacity:93 Source:AC

2021-11-05 22:02:06.066368 0x48d      Default     0x0                  41     0    powerd [powerd:battery] posted 'com.apple.system.powersources.timeremaining'

2021-11-05 22:02:06.066458 0x48d      Default     0x0                  41     0    powerd [powerd:lowPowerMode] LPM: monitor: batteryPercentage=93%

2021-11-05 22:02:06.086802 0x5cf      Default     0x0                  41     0    powerd [powerd:assertions] Process CommCenter.89 Released SystemIsActive "com.apple.AppleBasebandManager.ServerNotReady" age:00:00:08  id:51539640338 [System: PrevIdle SysAct] 
2021-11-05 22:02:06.087218 0x5cf      Default     0x0                  41     0    powerd [powerd:assertions] Process CommCenter.89 Released SystemIsActive "com.apple.AppleBasebandManager.RadioNotReady.Bootup" age:00:00:07  id:51539640339 [System: PrevIdle SysAct] 
2021-11-05 22:02:06.093580 0x5cf      Default     0x0                  41     0    powerd [powerd:pmSettings] Energy Saver Prefs have changed
2021-11-05 22:02:06.094537 0x5cf      Default     0x0                  41     0    powerd [powerd:assertions] Kernel assertions 0x0

2021-11-05 22:02:06.094556 0x5cf      Default     0x0                  41     0    powerd [powerd:pmSettings] Energy Saver Prefs have changed
2021-11-05 22:02:06.094635 0x5cf      Default     0x0                  41     0    powerd [powerd:assertions] Aysnc Assertion: received initial connection from 71
2021-11-05 22:02:06.122498 0x5cf      Default     0xe62                41     0    powerd [powerd:assertions] Process runningboardd.32 Released SystemIsActive "daemon<com.apple.coreidvd>32-137-13:com.apple.CFNetwork.StorageDB" age:00:00:05  id:51539640347 [System: PrevIdle SysAct] 
2021-11-05 22:02:06.124486 0x48c      Default     0x0                  41     0    powerd (CoreAnalytics) [com.apple.CoreAnalytics:client] Received configuration update from daemon (initial)
2021-11-05 22:02:06.133962 0x5cf      Default     0xf33                41     0    powerd [powerd:sleepWake] Sleep revert state: 1

2021-11-05 22:02:06.133963 0x5cf      Default     0xf33                41     0    powerd [powerd:assertions] Process runningboardd.32 Created SystemIsActive "application<com.apple.purplebuddy>;(null):(null);32-61-21:FBApplicationProcess" age:00:00:00  id:51539640354 [System: PrevIdle SysAct] 
2021-11-05 22:02:06.148093 0x48d      Default     0x0                  41     0    powerd [powerd:assertions] Process powerd.41 Released PreventUserIdleSystemSleep "Waiting for springboard or equivalent process to start" age:00:00:13  id:4295000065 [System: PrevIdle SysAct] 
2021-11-05 22:02:06.160138 0x5cf      Default     0x108a               41     0    powerd [powerd:assertions] Process runningboardd.32 Released SystemIsActive "application<com.apple.purplebuddy>;(null):(null);32-61-21:FBApplicationProcess" age:00:00:01  id:51539640354 [System: PrevIdle SysAct] 
2021-11-05 22:02:06.161321 0x5cf      Default     0x0                  41     0    powerd [powerd:assertions] Process mediaserverd.35 Released PreventUserIdleDisplaySleep "com.apple.audio.context200.preventuseridledisplaysleep" age:00:00:12  id:21474869263 [System: PrevIdle SysAct] 
2021-11-05 22:02:06.171348 0x5cf      Default     0x10e0               41     0    powerd [powerd:assertions] Process runningboardd.32 Released SystemIsActive "daemon<com.apple.bookassetd>32-165-19:com.apple.CFNetwork.StorageDB" age:00:00:05  id:51539640351 [System: PrevIdle SysAct] 
2021-11-05 22:02:06.203349 0x48d      Default     0x1251               41     0    powerd [powerd:sleepWake] Sleep revert state: 1

2021-11-05 22:02:06.203350 0x48d      Default     0x1251               41     0    powerd [powerd:assertions] Process runningboardd.32 Created SystemIsActive "daemon<com.apple.itunesstored>32-194-31:com.apple.CFNetwork.StorageDB" age:00:00:00  id:51539640362 [System: PrevIdle SysAct] 
2021-11-05 22:02:06.207795 0x5cf      Default     0x1289               41     0    powerd [powerd:sleepWake] Sleep revert state: 1

2021-11-05 22:02:06.207796 0x5cf      Default     0x1289               41     0    powerd [powerd:assertions] Process runningboardd.32 Created SystemIsActive "daemon<com.apple.appstored>32-195-34:com.apple.CFNetwork.StorageDB" age:00:00:00  id:51539640363 [System: PrevIdle SysAct] 
2021-11-05 22:02:06.232911 0x5cf      Default     0x144e               41     0    powerd [powerd:assertions] Process runningboardd.32 Released SystemIsActive "daemon<com.apple.appstored>32-195-34:com.apple.CFNetwork.StorageDB" age:00:00:01  id:51539640363 [System: PrevIdle SysAct] 
2021-11-05 22:02:06.232914 0x5cf      Default     0x144e               41     0    powerd [powerd:assertions] Process runningboardd.32 Released SystemIsActive "daemon<com.apple.itunesstored>32-194-31:com.apple.CFNetwork.StorageDB" age:00:00:01  id:51539640362 [System: PrevIdle SysAct] 
2021-11-05 22:02:06.307659 0x48a      Default     0x168c               41     0    powerd [powerd:assertions] Process runningboardd.32 Released SystemIsActive "daemon<com.apple.watchlistd>32-163-16:com.apple.CFNetwork.StorageDB" age:00:00:11  id:51539640350 [System: PrevIdle SysAct] 
2021-11-05 22:02:06.308851 0x5cf      Default     0x1782               41     0    powerd [powerd:sleepWake] Sleep revert state: 1

2021-11-05 22:02:06.308853 0x5cf      Default     0x1782               41     0    powerd [powerd:assertions] Process runningboardd.32 Created SystemIsActive "daemon<com.apple.atc>32-43-39:com.apple.CFNetwork.StorageDB" age:00:00:00  id:51539640364 [System: PrevIdle SysAct] 
2021-11-05 22:02:06.637233 0x48d      Default     0x0                  41     0    powerd [powerd:assertions] checkForAssertionActivityUpdates : setting timer to fire in 5 secs
2021-11-05 22:02:06.638073 0x48a      Default     0x0                  41     0    powerd [powerd:assertions] Assertion Activity Update: logged 234 entries. New refCnt 234, overflow 1
2021-11-05 22:02:06.661872 0x48a      Default     0x0                  41     0    powerd [powerd:batteryhealth] Previous Battery Health: Flags:3 State:0 MaxCapacity:82 CycleCount:

2021-11-05 22:02:06.661913 0x48a      Default     0x0                  41     0    powerd [powerd:batteryhealth] calib: svcFlags pre: 0x3
2021-11-05 22:02:06.661914 0x48a      Default     0x0                  41     0    powerd [powerd:batteryhealth] calib0: device not relevant
2021-11-05 22:02:06.661915 0x48a      Default     0x0                  41     0    powerd [powerd:batteryhealth] calib: svcFlags post: 0x3
2021-11-05 22:02:06.661988 0x48a      Default     0x0                  41     0    powerd [powerd:batteryhealth] Updated Battery Health: Flags:3 State:0 MaxCapacity:82 CycleCount:

2021-11-05 22:02:06.662010 0x48a      Default     0x0                  41     0    powerd [powerd:batteryhealth] Previous Battery Health: Flags:3 State:0 MaxCapacity:82 CycleCount:

2021-11-05 22:02:06.662013 0x48a      Default     0x0                  41     0    powerd [powerd:batteryhealth] calib: svcFlags pre: 0x3
2021-11-05 22:02:06.662017 0x48a      Default     0x0                  41     0    powerd [powerd:batteryhealth] calib0: device not relevant
2021-11-05 22:02:06.662022 0x48a      Default     0x0                  41     0    powerd [powerd:batteryhealth] calib: svcFlags post: 0x3
2021-11-05 22:02:06.662034 0x48a      Default     0x0                  41     0    powerd [powerd:batteryhealth] Updated Battery Health: Flags:3 State:0 MaxCapacity:82 CycleCount:

2021-11-05 22:02:06.662054 0x48a      Default     0x0                  41     0    powerd [powerd:batteryhealth] Previous Battery Health: Flags:3 State:0 MaxCapacity:82 CycleCount:

2021-11-05 22:02:06.662056 0x48a      Default     0x0                  41     0    powerd [powerd:batteryhealth] calib: svcFlags pre: 0x3
2021-11-05 22:02:06.662065 0x48a      Default     0x0                  41     0    powerd [powerd:batteryhealth] calib0: device not relevant
2021-11-05 22:02:06.662068 0x48a      Default     0x0                  41     0    powerd [powerd:batteryhealth] calib: svcFlags post: 0x3
2021-11-05 22:02:06.662077 0x48a      Default     0x0                  41     0    powerd [powerd:batteryhealth] Updated Battery Health: Flags:3 State:0 MaxCapacity:82 CycleCount:

2021-11-05 22:02:06.662518 0x48d      Default     0x20e7               41     0    powerd [powerd:assertions] Process runningboardd.32 Released SystemIsActive "daemon<com.apple.amsaccountsd>32-87-58:com.apple.CFNetwork.StorageDB" age:00:00:01  id:51539640382 [System: PrevIdle SysAct] 
2021-11-05 22:02:06.662521 0x48d      Default     0x20e7               41     0    powerd [powerd:assertions] Process runningboardd.32 Released SystemIsActive "daemon<com.apple.ap.promotedcontentd>32-223-57:com.apple.CFNetwork.StorageDB" age:00:00:01  id:51539640381 [System: PrevIdle SysAct] 
2021-11-05 22:02:06.782892 0x48d      Default     0x2131               41     0    powerd [powerd:sleepWake] Sleep revert state: 1

2021-11-05 22:02:06.782895 0x48d      Default     0x2131               41     0    powerd [powerd:assertions] Process runningboardd.32 Created SystemIsActive "daemon<com.apple.atc>32-169-62:com.apple.medialibraryd 48850C48-DA6B-400E-A07F-FB9A22E065CB Finish Task Assertion, Database transaction for library at path: /var/mobile/Media/iTunes_Control/iTunes/MediaLibrary.sqlitedb(FinishTask)" age:00:00:00  id:51539640385 [System: PrevIdle SysAct] 
2021-11-05 22:02:06.785677 0x48d      Default     0x213a               41     0    powerd [powerd:assertions] Process runningboardd.32 Released SystemIsActive "daemon<com.apple.atc>32-169-62:com.apple.medialibraryd 48850C48-DA6B-400E-A07F-FB9A22E065CB Finish Task Assertion, Database transaction for library at path: /var/mobile/Media/iTunes_Control/iTunes/MediaLibrary.sqlitedb(FinishTask)" age:00:00:00  id:51539640385 [System: PrevIdle SysAct] 
2021-11-05 22:02:06.842018 0x48d      Default     0x0                  41     0    powerd [powerd:assertions] Process apsd.113 Released NoIdleSleepAssertion "com.apple.apsd-connectcouriers" age:00:00:11  id:4295000124 [System: PrevIdle SysAct] 
2021-11-05 22:02:06.857977 0x48d      Default     0x221c               41     0    powerd [powerd:sleepWake] Sleep revert state: 1

2021-11-05 22:02:06.857979 0x48d      Default     0x221c               41     0    powerd [powerd:assertions] Process runningboardd.32 Created SystemIsActive "xpcservice<com.apple.mobileslideshow.PhotosReliveWidget([daemon<com.apple.chronod>:103])>32-103-65:[mobileslideshow.PhotosReliveWidget-D617338F62EF]" age:00:00:00  id:51539640386 [System: PrevIdle SysAct] 
2021-11-05 22:02:06.859844 0x48d      Default     0x0                  41     0    powerd [powerd:assertions] Process kernel_task.0 Released Idle Sleep Preventer "AppleARMBacklight" age: id:0 [System: PrevIdle SysAct] 
2021-11-05 22:02:06.859859 0x48d      Default     0x0                  41     0    powerd [powerd:systemLoad] rootDomain's user activity state:0

2021-11-05 22:02:06.859860 0x48d      Default     0x0                  41     0    powerd [powerd:systemLoad] Display state: Off NotificationWake : 0

2021-11-05 22:02:06.859868 0x48d      Default     0x0                  41     0    powerd [powerd:systemLoad] Activity changes from 0x1 to 0x0. UseActiveState:0

2021-11-05 22:02:06.859868 0x48d      Default     0x0                  41     0    powerd [powerd:systemLoad] hidActive:0 displayOff:1 assertionActivityValid:0 now:0x35  hid_ts:0x0 assertion_ts:0x0

2021-11-05 22:02:06.859872 0x48d      Default     0x226c               41     0    powerd [powerd:sleepWake] Sleep revert state: 1

2021-11-05 22:02:06.859874 0x48d      Default     0x226c               41     0    powerd [powerd:assertions] Process runningboardd.32 Created SystemIsActive "xpcservice<com.apple.ScreenTimeWidgetApplication.ScreenTimeWidgetExtension([daemon<com.apple.chronod>:103])>32-103-68:[ScreenTimeWidgetApplication.ScreenTimeWidgetExtension-C79F4CB21DBF]" age:00:00:00  id:51539640387 [System: PrevIdle SysAct] 
2021-11-05 22:02:06.859940 0x48d      Default     0x0                  41     0    powerd [powerd:assertions] Process locationd.68 Summary NoIdleSleepAssertion "com.apple.persistentconnection[locationd,68,com.apple.locationd.clSeparationAlertsServicePersistentTimer-PendingSimpleTimer(0x1065f3f70)]" age:00:00:06  id:4295000127 [System: PrevIdle SysAct] 
2021-11-05 22:02:07.532017 0x48a      Default     0x0                  41     0    powerd [powerd:assertions] Process imagent.71 Released NoIdleSleepAssertion "com.apple.persistentconnection[imagent,71,message-watchdog-timer-PendingSimpleTimer(0x11fd418d0)]" age:00:00:14  id:4295000142 [System: PrevIdle] 
2021-11-05 22:02:07.611878 0xd69      Default     0x0                  41     0    powerd [powerd:assertions] Process locationd.68 Released NoIdleSleepAssertion "com.apple.persistentconnection[locationd,68,FenceManagerStart-PendingSimpleTimer(0x10655eb00)]" age:00:00:15  id:4295000143 [System: PrevIdle] 
2021-11-05 22:02:07.895579 0x48a      Default     0x271e               41     0    powerd [powerd:sleepWake] Sleep revert state: 1

2021-11-05 22:02:07.895582 0x48a      Default     0x271e               41     0    powerd [powerd:assertions] Process runningboardd.32 Created SystemIsActive "xpcservice<com.apple.accessibility.AccessibilityUIServer(no host)>:25232-252-107:Shared Background Assertion 0 for com.apple.accessibility.AccessibilityUIServer(FinishTask)" age:00:00:00  id:51539640400 [System: PrevIdle SysAct] 
2021-11-05 22:02:07.898560 0x48a      Default     0x2764               41     0    powerd [powerd:assertions] Process runningboardd.32 Released SystemIsActive "xpcservice<com.apple.accessibility.AccessibilityUIServer(no host)>:25232-252-107:Shared Background Assertion 0 for com.apple.accessibility.AccessibilityUIServer(FinishTask)" age:00:00:00  id:51539640400 [System: PrevIdle] 
2021-11-05 22:02:08.897188 0xe3d      Default     0x2768               41     0    powerd [powerd:sleepWake] Sleep revert state: 1

2021-11-05 22:02:08.897193 0xe3d      Default     0x2768               41     0    powerd [powerd:assertions] Process runningboardd.32 Created SystemIsActive "daemon<com.apple.akd>32-161-108:com.apple.CFNetwork.StorageDB" age:00:00:00  id:51539640401 [System: PrevIdle SysAct] 
2021-11-05 22:02:08.926093 0xe3d      Default     0x276f               41     0    powerd [powerd:assertions] Process runningboardd.32 Released SystemIsActive "daemon<com.apple.akd>32-161-108:com.apple.CFNetwork.StorageDB" age:00:00:01  id:51539640401 [System: PrevIdle] 
2021-11-05 22:02:11.527290 0xf7b      Default     0x0                  41     0    powerd [powerd:battery] Battery capacity change posted(0xb005f). Capacity:95 Source:AC

2021-11-05 22:02:11.527290 0xf7b      Default     0x0                  41     0    powerd [powerd:battery] posted 'com.apple.system.powersources.timeremaining'

2021-11-05 22:02:11.527448 0xfa4      Default     0x0                  41     0    powerd [powerd:lowPowerMode] LPM: monitor: batteryPercentage=95%

2021-11-05 22:02:11.822100 0xfa4      Default     0x277b               41     0    powerd [powerd:sleepWake] Sleep revert state: 1

2021-11-05 22:02:11.822103 0xfa4      Default     0x277b               41     0    powerd [powerd:assertions] Process runningboardd.32 Created SystemIsActive "daemon<com.apple.akd>32-161-109:com.apple.CFNetwork.StorageDB" age:00:00:00  id:51539640402 [System: PrevIdle SysAct] 
2021-11-05 22:02:11.852240 0xfa4      Default     0x2802               41     0    powerd [powerd:assertions] Process runningboardd.32 Released SystemIsActive "daemon<com.apple.akd>32-161-109:com.apple.CFNetwork.StorageDB" age:00:00:01  id:51539640402 [System: PrevIdle] 
2021-11-05 22:02:14.025594 0x10f1     Default     0x0                  41     0    powerd [powerd:batteryhealth] Previous Battery Health: Flags:3 State:0 MaxCapacity:82 CycleCount:

2021-11-05 22:02:14.025594 0x10f1     Default     0x0                  41     0    powerd [powerd:batteryhealth] calib: svcFlags pre: 0x3
2021-11-05 22:02:14.025594 0x10f1     Default     0x0                  41     0    powerd [powerd:batteryhealth] calib0: device not relevant
2021-11-05 22:02:14.025594 0x10f1     Default     0x0                  41     0    powerd [powerd:batteryhealth] calib: svcFlags post: 0x3
2021-11-05 22:02:14.025598 0x10f1     Default     0x0                  41     0    powerd [powerd:batteryhealth] Updated Battery Health: Flags:3 State:0 MaxCapacity:82 CycleCount:

2021-11-05 22:02:14.025629 0x10f1     Default     0x0                  41     0    powerd [powerd:batteryhealth] Previous Battery Health: Flags:3 State:0 MaxCapacity:82 CycleCount:

2021-11-05 22:02:14.025629 0x10f1     Default     0x0                  41     0    powerd [powerd:batteryhealth] calib: svcFlags pre: 0x3
2021-11-05 22:02:14.025629 0x10f1     Default     0x0                  41     0    powerd [powerd:batteryhealth] calib0: device not relevant
2021-11-05 22:02:14.025629 0x10f1     Default     0x0                  41     0    powerd [powerd:batteryhealth] calib: svcFlags post: 0x3
2021-11-05 22:02:14.025633 0x10f1     Default     0x0                  41     0    powerd [powerd:batteryhealth] Updated Battery Health: Flags:3 State:0 MaxCapacity:82 CycleCount:

2021-11-05 22:02:14.033438 0x10f1     Default     0x0                  41     0    powerd [powerd:batteryhealth] Previous Battery Health: Flags:3 State:0 MaxCapacity:82 CycleCount:

2021-11-05 22:02:14.033438 0x10f1     Default     0x0                  41     0    powerd [powerd:batteryhealth] calib: svcFlags pre: 0x3
2021-11-05 22:02:14.033438 0x10f1     Default     0x0                  41     0    powerd [powerd:batteryhealth] calib0: device not relevant
2021-11-05 22:02:14.033438 0x10f1     Default     0x0                  41     0    powerd [powerd:batteryhealth] calib: svcFlags post: 0x3
2021-11-05 22:02:14.033440 0x10f1     Default     0x0                  41     0    powerd [powerd:batteryhealth] Updated Battery Health: Flags:3 State:0 MaxCapacity:82 CycleCount:

2021-11-05 22:02:14.033450 0x10f1     Default     0x0                  41     0    powerd [powerd:batteryhealth] Previous Battery Health: Flags:3 State:0 MaxCapacity:82 CycleCount:

2021-11-05 22:02:14.033450 0x10f1     Default     0x0                  41     0    powerd [powerd:batteryhealth] calib: svcFlags pre: 0x3
2021-11-05 22:02:14.033450 0x10f1     Default     0x0                  41     0    powerd [powerd:batteryhealth] calib0: device not relevant
2021-11-05 22:02:14.033450 0x10f1     Default     0x0                  41     0    powerd [powerd:batteryhealth] calib: svcFlags post: 0x3
2021-11-05 22:02:14.033452 0x10f1     Default     0x0                  41     0    powerd [powerd:batteryhealth] Updated Battery Health: Flags:3 State:0 MaxCapacity:82 CycleCount:

2021-11-05 22:02:14.033932 0x10f1     Default     0x0                  41     0    powerd [powerd:assertions] Check assertion activity update from clients 0
2021-11-05 22:02:14.033938 0x10f1     Default     0x0                  41     0    powerd [powerd:assertions] checkForAssertionActivityUpdates : setting timer to fire in 5 secs
2021-11-05 22:02:14.034167 0x10d0     Default     0x0                  41     0    powerd [powerd:assertions] Assertion Activity Update: logged 80 entries. New refCnt 314, overflow 0
2021-11-05 22:02:14.651760 0x1156     Default     0x2982               41     0    powerd [powerd:sleepWake] Sleep revert state: 1

2021-11-05 22:02:14.651763 0x1156     Default     0x2982               41     0    powerd [powerd:assertions] Process runningboardd.32 Created SystemIsActive "daemon<com.apple.healthappd>32-288-112:com.apple.CFNetwork.StorageDB" age:00:00:00  id:51539640403 [System: PrevIdle SysAct] 
2021-11-05 22:23:55.703748 0x3fe      Default     0x0                  41     0    powerd [powerd:prefs] Looking for MDM prefs

2021-11-05 22:23:55.703752 0x3fe      Error       0x0                  41     0    powerd [powerd:prefs] Failed to get prefs from path

2021-11-05 22:23:55.703862 0x3fe      Activity    0xa0                 41     0    powerd (CoreFoundation) Loading Preferences From System CFPrefsD
2021-11-05 22:23:55.703889 0x3fe      Activity    0xa1                 41     0    powerd (CoreFoundation) Loading Preferences From System CFPrefsD
2021-11-05 22:23:55.703920 0x3fe      Default     0x0                  41     0    powerd [powerd:pmSettings] Sleep timer 2147483647 display timer 10

2021-11-05 22:23:55.703982 0x3fe      Default     0x0                  41     0    powerd [powerd:assertions] Trial Initialization: Starting Timer
2021-11-05 22:23:55.703983 0x3fe      Default     0x0                  41     0    powerd [powerd:systemLoad] rootDomain's user activity state:1

2021-11-05 22:23:55.704081 0x3fe      Default     0x0                  41     0    powerd [powerd:lowPowerMode] LPM: Initialized PMLowPowerModeService

2021-11-05 22:23:55.704123 0x480      Default     0x0                  41     0    powerd [powerd:battery] posted 'com.apple.system.powersources.attach'

2021-11-05 22:23:55.704125 0x480      Default     0x0                  41     0    powerd [powerd:battery] posted 'com.apple.system.powermanagement.poweradapter'

2021-11-05 22:23:55.704139 0x480      Default     0x0                  41     0    powerd [powerd:batteryhealth] batteryHealthP0Threshold set to 0

2021-11-05 22:23:55.704141 0x480      Default     0x0                  41     0    powerd [powerd:batteryhealth] batteryHealthUPOAware set to 0

2021-11-05 22:23:55.704146 0x480      Activity    0xa2                 41     0    powerd (CoreFoundation) Loading Preferences From System CFPrefsD
2021-11-05 22:23:55.704195 0x480      Default     0x0                  41     0    powerd [powerd:batteryhealth] Previous Battery Health: Flags:3 State:0 MaxCapacity:82 CycleCount:

2021-11-05 22:23:55.704195 0x480      Default     0x0                  41     0    powerd [powerd:batteryhealth] calib: svcFlags pre: 0x3
2021-11-05 22:23:55.704197 0x480      Default     0x0                  41     0    powerd [powerd:batteryhealth] calib0: device not relevant
2021-11-05 22:23:55.704197 0x480      Default     0x0                  41     0    powerd [powerd:batteryhealth] calib: svcFlags post: 0x3
2021-11-05 22:23:55.704197 0x480      Error       0x0                  41     0    powerd [powerd:batteryhealth] Failed to calculate Nominal Capacity percentage. NominalCapacity:0 DesignCapacity:0

2021-11-05 22:23:55.704197 0x480      Error       0x0                  41     0    powerd [powerd:batteryhealth] Battery health UPO Aware value not set

2021-11-05 22:23:55.704197 0x480      Error       0x0                  41     0    powerd [powerd:batteryhealth] Battery P0 threshold is not set

2021-11-05 22:23:55.704197 0x480      Default     0x0                  41     0    powerd [powerd:batteryhealth] Unable to determine Battery Health Service state. Service Flags:0x2280003 Service State:5

2021-11-05 22:23:55.704197 0x480      Default     0x0                  41     0    powerd [powerd:batteryhealth] calib: skipping due to precedence
2021-11-05 22:23:55.704224 0x480      Default     0x0                  41     0    powerd [powerd:batteryhealth] Updated Battery Health: Flags:36175875 State:5 MaxCapacity:82 CycleCount:

2021-11-05 22:23:55.704225 0x480      Default     0x0                  41     0    powerd [powerd:battery] Battery time remaining posted(0x10000001c4b0000) Time:0 Source:AC

2021-11-05 22:23:55.704229 0x480      Default     0x0                  41     0    powerd [powerd:battery] posted 'com.apple.system.powersources.lowbattery'

2021-11-05 22:23:55.704229 0x480      Default     0x0                  41     0    powerd [powerd:battery] Battery capacity change posted(0xb0064). Capacity:100 Source:AC

2021-11-05 22:23:55.704229 0x480      Default     0x0                  41     0    powerd [powerd:battery] Power Source change. Source:AC
2021-11-05 22:23:55.704249 0x483      Default     0x0                  41     0    powerd [powerd:BDC] No match for SMC IOService. Can't start BDC
2021-11-05 22:23:55.704395 0x47f      Default     0x0                  41     0    powerd [powerd:systemLoad] Activity changes from 0xffff to 0x0. UseActiveState:0

2021-11-05 22:23:55.704395 0x47f      Default     0x0                  41     0    powerd [powerd:systemLoad] hidActive:1 displayOff:1 assertionActivityValid:0 now:0xa  hid_ts:0xa assertion_ts:0x0

2021-11-05 22:23:55.704400 0x47f      Default     0x0                  41     0    powerd [powerd:assertions] Assertion bufffer initialized. Sending high water mark notification
2021-11-05 22:23:55.705100 0x47f      Default     0x0                  41     0    powerd (Trial) [com.apple.trial:_] Initializing TRIClient. Trial version: TrialXP-276
2021-11-05 22:23:55.705109 0x47f      Default     0x0                  41     0    powerd (Trial) [com.apple.trial:_] <private> 0x10490a340 (no container): using Trial root dir <private>
2021-11-05 22:23:55.705202 0x47f      Default     0x0                  41     0    powerd (Trial) [com.apple.trial:_] adding update handler 0 for namespace COREOS_POWERD_ASSERTIONS
2021-11-05 22:23:55.705597 0x47f      Default     0x0                  41     0    powerd (Trial) [com.apple.trial:_] Namespace resolver file not present: <private>
2021-11-05 22:23:55.705625 0x47f      Default     0x0                  41     0    powerd [powerd:assertions] System Assertion Timer: feature enabled, feature flag: 1, trial value: 1
2021-11-05 22:23:55.705631 0x47f      Default     0x0                  41     0    powerd [powerd:assertions] System Assertion Timer: assertion timeouts data: <private>
2021-11-05 22:23:55.705644 0x47f      Default     0x0                  41     0    powerd [powerd:assertions] System Assertion Timer: setting timeout value to 600
2021-11-05 22:23:55.710920 0x480      Default     0x5d                 41     0    powerd [powerd:sleepWake] Sleep revert state: 1

2021-11-05 22:23:55.710921 0x480      Default     0x5d                 41     0    powerd [powerd:assertions] Process runningboardd.32 Created SystemIsActive "daemon<com.apple.SpringBoard>32-61-2:FBSystemShellInitialize" age:00:00:00  id:51539640323 [System: PrevIdle SysAct] 
2021-11-05 22:23:55.718647 0x483      Default     0x0                  41     0    powerd [powerd:assertions] Aysnc Assertion: received initial connection from 35
2021-11-05 22:23:55.744583 0x481      Default     0x0                  41     0    powerd [powerd:sleepWake] Sleep revert state: 1

2021-11-05 22:23:55.744586 0x481      Default     0x0                  41     0    powerd [powerd:assertions] Process CommCenter.89 Created SystemIsActive "com.apple.AppleBasebandManager.ServerNotReady" age:00:00:00  id:51539640338 [System: PrevIdle SysAct] 
2021-11-05 22:23:55.751024 0x481      Default     0x0                  41     0    powerd [powerd:sleepWake] Sleep revert state: 1

2021-11-05 22:23:55.751027 0x480      Default     0x0                  41     0    powerd [powerd:batteryhealth] Received notification for batteryHealthP0Threshold. Value set to 500

2021-11-05 22:23:55.751028 0x480      Default     0x0                  41     0    powerd [powerd:batteryhealth] Received notification for batteryHealthUPOAware. Value set to 5850451

2021-11-05 22:23:55.751029 0x481      Default     0x0                  41     0    powerd [powerd:assertions] Process CommCenter.89 Created SystemIsActive "com.apple.AppleBasebandManager.RadioNotReady.Bootup" age:00:00:00  id:51539640339 [System: PrevIdle SysAct] 
2021-11-05 22:23:55.764135 0x47f      Default     0x0                  41     0    powerd [powerd:assertions] Aysnc Assertion: received initial connection from 85
2021-11-05 22:23:55.771005 0x47f      Default     0x0                  41     0    powerd [powerd:systemLoad] Display state: On NotificationWake : 0

2021-11-05 22:23:55.771006 0x47f      Default     0x0                  41     0    powerd [powerd:systemLoad] Activity changes from 0x0 to 0x1. UseActiveState:1

2021-11-05 22:23:55.771006 0x47f      Default     0x0                  41     0    powerd [powerd:systemLoad] hidActive:1 displayOff:0 assertionActivityValid:0 now:0xd  hid_ts:0xa assertion_ts:0x0

2021-11-05 22:23:55.775160 0x480      Default     0x0                  41     0    powerd [powerd:lowPowerMode] LPM: Deferred Init timer fired

2021-11-05 22:23:55.819750 0x481      Default     0x0                  41     0    powerd [powerd:assertions] Process CommCenter.89 Released SystemIsActive "com.apple.AppleBasebandManager.ServerNotReady" age:00:00:03  id:51539640338 [System: PrevIdle SysAct] 
2021-11-05 22:23:55.821668 0x481      Default     0x0                  41     0    powerd [powerd:assertions] Process CommCenter.89 Released SystemIsActive "com.apple.AppleBasebandManager.RadioNotReady.Bootup" age:00:00:02  id:51539640339 [System: PrevIdle SysAct] 
2021-11-05 22:23:55.857198 0x47f      Default     0x660                41     0    powerd [powerd:sleepWake] Sleep revert state: 1

2021-11-05 22:23:55.857199 0x47f      Default     0x660                41     0    powerd [powerd:assertions] Process runningboardd.32 Created SystemIsActive "daemon<com.apple.ind>32-138-9:com.apple.CFNetwork.StorageDB" age:00:00:00  id:51539640342 [System: PrevIdle SysAct] 
2021-11-05 22:23:55.857795 0x480      Default     0x0                  41     0    powerd [powerd:lowPowerMode] LPM: Pluggedin=1 at init

2021-11-05 22:23:55.857887 0x480      Default     0x0                  41     0    powerd [powerd:lowPowerMode] LPM: Battery Percentage=100% at init

2021-11-05 22:23:55.857956 0x480      Default     0x0                  41     0    powerd [powerd:lowPowerMode] LPM: readPreferences: autoDisableThreshold=80%, autoDisableWhenPluggedIn=0

2021-11-05 22:23:55.858018 0x480      Default     0x0                  41     0    powerd [powerd:lowPowerMode] LPM: No previous defaults state found

2021-11-05 22:23:55.858018 0x480      Default     0x0                  41     0    powerd [powerd:lowPowerMode] LPM: No saved state found, not auto-enabling

2021-11-05 22:23:55.858019 0x480      Default     0x0                  41     0    powerd (FindMyDevice) [com.apple.icloud.findmydeviced:_] -[FMDFMIPManager isLostModeActive]
2021-11-05 22:23:55.858021 0x480      Activity    0xa3                 41     0    powerd (libsystem_containermanager.dylib) container_system_path_for_identifier
2021-11-05 22:23:55.858022 0x480      Info        0xa3                 41     0    powerd (libsystem_containermanager.dylib) [com.apple.containermanager:cache] containermanagerd not initialized yet. can't return container for group systemgroup.com.apple.icloud.findmydevice.managed in process
2021-11-05 22:23:55.858022 0x480      Info        0xa3                 41     0    powerd (libsystem_containermanager.dylib) [com.apple.containermanager:cache] Cache miss; command = 17, identifier = <private>, groupIdentifier = systemgroup.com.apple.icloud.findmydevice.managed
2021-11-05 22:23:55.858033 0x47f      Default     0x664                41     0    powerd [powerd:sleepWake] Sleep revert state: 1

2021-11-05 22:23:55.858034 0x47f      Default     0x664                41     0    powerd [powerd:assertions] Process runningboardd.32 Created SystemIsActive "daemon<com.apple.nsurlsessiond>32-149-10:com.apple.CFNetwork.StorageDB" age:00:00:00  id:51539640343 [System: PrevIdle SysAct] 
2021-11-05 22:23:55.858077 0x480      Default     0x0                  41     0    powerd (libsystem_containermanager.dylib) [com.apple.containermanager:unspecified] container_system_group_path_for_identifier: success
2021-11-05 22:23:55.858079 0x480      Default     0x0                  41     0    powerd (FindMyDevice) [com.apple.icloud.findmydeviced:_] Shared file not found. Returning lost mode type as - FMDLostModeTypeNone
2021-11-05 22:23:55.858079 0x480      Default     0x0                  41     0    powerd (FindMyDevice) [com.apple.icloud.findmydeviced:_] FMiP shared info has lost mode type - 0
2021-11-05 22:23:55.858080 0x480      Default     0x0                  41     0    powerd (FindMyDevice) [com.apple.icloud.findmydeviced:_] -[FMDFMIPManager isLostModeActive] : NO
2021-11-05 22:23:55.865546 0x481      Default     0x0                  41     0    powerd [powerd:assertions] Aysnc Assertion: received initial connection from 58
2021-11-05 22:23:55.886142 0x481      Default     0x7c2                41     0    powerd [powerd:assertions] Process runningboardd.32 Released SystemIsActive "daemon<com.apple.ind>32-138-9:com.apple.CFNetwork.StorageDB" age:00:00:01  id:51539640342 [System: PrevIdle SysAct] 
2021-11-05 22:23:55.905187 0x480      Default     0x0                  41     0    powerd [powerd:batteryhealth] Previous Battery Health: Flags:36175875 State:5 MaxCapacity:82 CycleCount:

2021-11-05 22:23:55.905187 0x480      Default     0x0                  41     0    powerd [powerd:batteryhealth] calib: svcFlags pre: 0x3
2021-11-05 22:23:55.905187 0x480      Default     0x0                  41     0    powerd [powerd:batteryhealth] calib0: device not relevant
2021-11-05 22:23:55.905187 0x480      Default     0x0                  41     0    powerd [powerd:batteryhealth] calib: svcFlags post: 0x3
2021-11-05 22:23:55.905187 0x480      Error       0x0                  41     0    powerd [powerd:batteryhealth] Failed to calculate Nominal Capacity percentage. NominalCapacity:0 DesignCapacity:0

2021-11-05 22:23:55.905188 0x480      Activity    0xa4                 41     0    powerd (CoreFoundation) Loading Preferences From System CFPrefsD
2021-11-05 22:23:55.905202 0x480      Error       0x0                  41     0    powerd [powerd:batteryhealth] Failed to read battery weightedRa

2021-11-05 22:23:55.905202 0x480      Default     0x0                  41     0    powerd [powerd:batteryhealth] Unable to determine Battery Health Service state. Service Flags:0x2200003 Service State:5

2021-11-05 22:23:55.905202 0x480      Default     0x0                  41     0    powerd [powerd:batteryhealth] calib: skipping due to precedence
2021-11-05 22:23:55.905220 0x480      Default     0x0                  41     0    powerd [powerd:batteryhealth] Updated Battery Health: Flags:35651587 State:5 MaxCapacity:82 CycleCount:

2021-11-05 22:23:55.905444 0x481      Default     0x0                  41     0    powerd [powerd:batteryhealth] Previous Battery Health: Flags:35651587 State:5 MaxCapacity:82 CycleCount:

2021-11-05 22:23:55.905444 0x481      Default     0x0                  41     0    powerd [powerd:batteryhealth] calib: svcFlags pre: 0x3
2021-11-05 22:23:55.905444 0x481      Default     0x0                  41     0    powerd [powerd:batteryhealth] calib0: device not relevant
2021-11-05 22:23:55.905444 0x481      Default     0x0                  41     0    powerd [powerd:batteryhealth] calib: svcFlags post: 0x3
2021-11-05 22:23:55.905444 0x481      Error       0x0                  41     0    powerd [powerd:batteryhealth] Failed to calculate Nominal Capacity percentage. NominalCapacity:0 DesignCapacity:0

2021-11-05 22:23:55.905444 0x481      Error       0x0                  41     0    powerd [powerd:batteryhealth] Failed to read battery weightedRa

2021-11-05 22:23:55.905444 0x481      Default     0x0                  41     0    powerd [powerd:batteryhealth] Unable to determine Battery Health Service state. Service Flags:0x2200003 Service State:5

2021-11-05 22:23:55.905444 0x481      Default     0x0                  41     0    powerd [powerd:batteryhealth] calib: skipping due to precedence
2021-11-05 22:23:55.905446 0x481      Default     0x0                  41     0    powerd [powerd:batteryhealth] Updated Battery Health: Flags:35651587 State:5 MaxCapacity:82 CycleCount:

2021-11-05 22:23:55.905462 0x480      Default     0x0                  41     0    powerd [powerd:batteryhealth] Previous Battery Health: Flags:35651587 State:5 MaxCapacity:82 CycleCount:

2021-11-05 22:23:55.905462 0x480      Default     0x0                  41     0    powerd [powerd:batteryhealth] calib: svcFlags pre: 0x3
2021-11-05 22:23:55.905462 0x480      Default     0x0                  41     0    powerd [powerd:batteryhealth] calib0: device not relevant
2021-11-05 22:23:55.905462 0x480      Default     0x0                  41     0    powerd [powerd:batteryhealth] calib: svcFlags post: 0x3
2021-11-05 22:23:55.905462 0x480      Error       0x0                  41     0    powerd [powerd:batteryhealth] Failed to calculate Nominal Capacity percentage. NominalCapacity:0 DesignCapacity:0

2021-11-05 22:23:55.905463 0x480      Error       0x0                  41     0    powerd [powerd:batteryhealth] Failed to read battery weightedRa

2021-11-05 22:23:55.905463 0x480      Default     0x0                  41     0    powerd [powerd:batteryhealth] Unable to determine Battery Health Service state. Service Flags:0x2200003 Service State:5

2021-11-05 22:23:55.905463 0x480      Default     0x0                  41     0    powerd [powerd:batteryhealth] calib: skipping due to precedence
2021-11-05 22:23:55.905464 0x480      Default     0x0                  41     0    powerd [powerd:batteryhealth] Updated Battery Health: Flags:35651587 State:5 MaxCapacity:82 CycleCount:

2021-11-05 22:23:55.935326 0x481      Info        0x0                  41     0    powerd (libsystem_containermanager.dylib) [com.apple.containermanager:xpc] connection <0x104912610/0/0; 0x0> invalidated
2021-11-05 22:23:55.950431 0x480      Default     0xad3                41     0    powerd [powerd:sleepWake] Sleep revert state: 1

2021-11-05 22:23:55.950433 0x480      Default     0xad3                41     0    powerd [powerd:assertions] Process runningboardd.32 Created SystemIsActive "daemon<com.apple.bookassetd>32-160-15:com.apple.CFNetwork.StorageDB" age:00:00:00  id:51539640346 [System: PrevIdle SysAct] 
2021-11-05 22:23:55.950440 0x480      Default     0xad5                41     0    powerd [powerd:sleepWake] Sleep revert state: 1

2021-11-05 22:23:55.950440 0x480      Default     0xad5                41     0    powerd [powerd:assertions] Process runningboardd.32 Created SystemIsActive "daemon<com.apple.watchlistd>32-165-16:com.apple.CFNetwork.StorageDB" age:00:00:00  id:51539640347 [System: PrevIdle SysAct] 
2021-11-05 22:23:55.957683 0x480      Default     0x0                  41     0    powerd [powerd:assertions] Aysnc Assertion: received initial connection from 139
2021-11-05 22:23:55.970027 0x481      Default     0xc35                41     0    powerd [powerd:sleepWake] Sleep revert state: 1

2021-11-05 22:23:55.970029 0x481      Default     0xc35                41     0    powerd [powerd:assertions] Process runningboardd.32 Created SystemIsActive "daemon<com.apple.coreidvd>32-156-18:com.apple.CFNetwork.StorageDB" age:00:00:00  id:51539640350 [System: PrevIdle SysAct] 
2021-11-05 22:23:55.972270 0x481      Default     0x0                  41     0    powerd [powerd:batteryhealth] Previous Battery Health: Flags:35651587 State:5 MaxCapacity:82 CycleCount:

2021-11-05 22:23:55.972270 0x481      Default     0x0                  41     0    powerd [powerd:batteryhealth] calib: svcFlags pre: 0x3
2021-11-05 22:23:55.972270 0x481      Default     0x0                  41     0    powerd [powerd:batteryhealth] calib0: device not relevant
2021-11-05 22:23:55.972270 0x481      Default     0x0                  41     0    powerd [powerd:batteryhealth] calib: svcFlags post: 0x3
2021-11-05 22:23:55.972303 0x481      Default     0x0                  41     0    powerd [powerd:batteryhealth] Updated Battery Health: Flags:3 State:0 MaxCapacity:82 CycleCount:

2021-11-05 22:23:55.972893 0x480      Default     0x0                  41     0    powerd [powerd:sleepWake] Sleep revert state: 1

2021-11-05 22:23:55.973685 0x481      Default     0x0                  41     0    powerd [powerd:battery] Battery capacity change posted(0xb0061). Capacity:97 Source:AC

2021-11-05 22:23:55.973688 0x481      Default     0x0                  41     0    powerd [powerd:battery] posted 'com.apple.system.powersources.timeremaining'

2021-11-05 22:23:55.973690 0x480      Default     0x0                  41     0    powerd [powerd:assertions] Process CommCenter.89 Created SystemIsActive "LASD cells fetched" age:00:00:00  id:51539640351 [System: PrevIdle SysAct] 
2021-11-05 22:23:56.482600 0x47f      Default     0x208c               41     0    powerd [powerd:assertions] Process runningboardd.32 Created SystemIsActive "daemon<com.apple.ap.promotedcontentd>32-217-59:com.apple.CFNetwork.StorageDB" age:00:00:00  id:51539640381 [System: PrevIdle SysAct] 
2021-11-05 22:23:56.484965 0x47f      Default     0x0                  41     0    powerd [powerd:assertions] Check assertion activity update from clients 0
2021-11-05 22:23:56.484976 0x47f      Default     0x0                  41     0    powerd [powerd:assertions] checkForAssertionActivityUpdates : setting timer to fire in 5 secs
2021-11-05 22:23:56.484978 0x47f      Default     0x0                  41     0    powerd [powerd:assertions] checkForAssertionActivityUpdates : setting timer to fire in 5 secs
2021-11-05 22:23:56.485283 0x481      Default     0x0                  41     0    powerd Unexpected readFromIdx 371. arrCnt=261

2021-11-05 22:23:56.485358 0x481      Default     0x0                  41     0    powerd [powerd:assertions] Assertion Activity Update: logged 261 entries. New refCnt 261, overflow 1
2021-11-05 22:23:56.505480 0x481      Default     0x0                  41     0    powerd [powerd:batteryhealth] Previous Battery Health: Flags:3 State:0 MaxCapacity:82 CycleCount:

2021-11-05 22:23:56.505483 0x481      Default     0x0                  41     0    powerd [powerd:batteryhealth] calib: svcFlags pre: 0x3
2021-11-05 22:23:56.505488 0x481      Default     0x0                  41     0    powerd [powerd:batteryhealth] calib0: device not relevant
2021-11-05 22:23:56.505495 0x481      Default     0x0                  41     0    powerd [powerd:batteryhealth] calib: svcFlags post: 0x3
2021-11-05 22:23:56.505507 0x481      Default     0x0                  41     0    powerd [powerd:batteryhealth] Updated Battery Health: Flags:3 State:0 MaxCapacity:82 CycleCount:

2021-11-05 22:23:56.505528 0x481      Default     0x0                  41     0    powerd [powerd:batteryhealth] Previous Battery Health: Flags:3 State:0 MaxCapacity:82 CycleCount:

2021-11-05 22:23:56.505529 0x481      Default     0x0                  41     0    powerd [powerd:batteryhealth] calib: svcFlags pre: 0x3
2021-11-05 22:23:56.505536 0x481      Default     0x0                  41     0    powerd [powerd:batteryhealth] calib0: device not relevant
2021-11-05 22:23:56.505540 0x481      Default     0x0                  41     0    powerd [powerd:batteryhealth] calib: svcFlags post: 0x3
2021-11-05 22:23:56.505544 0x481      Default     0x0                  41     0    powerd [powerd:batteryhealth] Updated Battery Health: Flags:3 State:0 MaxCapacity:82 CycleCount:

2021-11-05 22:23:56.505568 0x481      Default     0x0                  41     0    powerd [powerd:batteryhealth] Previous Battery Health: Flags:3 State:0 MaxCapacity:82 CycleCount:

2021-11-05 22:23:56.505570 0x481      Default     0x0                  41     0    powerd [powerd:batteryhealth] calib: svcFlags pre: 0x3
2021-11-05 22:23:56.505571 0x481      Default     0x0                  41     0    powerd [powerd:batteryhealth] calib0: device not relevant
2021-11-05 22:23:56.505573 0x481      Default     0x0                  41     0    powerd [powerd:batteryhealth] calib: svcFlags post: 0x3
2021-11-05 22:23:56.505579 0x481      Default     0x0                  41     0    powerd [powerd:batteryhealth] Updated Battery Health: Flags:3 State:0 MaxCapacity:82 CycleCount:

2021-11-05 22:23:56.511985 0x47f      Default     0x20e6               41     0    powerd [powerd:assertions] Process runningboardd.32 Released SystemIsActive "daemon<com.apple.ap.promotedcontentd>32-217-59:com.apple.CFNetwork.StorageDB" age:00:00:01  id:51539640381 [System: PrevIdle SysAct] 
2021-11-05 22:23:56.638082 0x47f      Default     0x0                  41     0    powerd [powerd:assertions] Process apsd.109 Released NoIdleSleepAssertion "com.apple.apsd-connectcouriers" age:00:00:11  id:4295000124 [System: PrevIdle SysAct] 
2021-11-05 22:23:56.644459 0x47f      Default     0x2106               41     0    powerd [powerd:sleepWake] Sleep revert state: 1

2021-11-05 22:23:56.644462 0x47f      Default     0x2106               41     0    powerd [powerd:assertions] Process runningboardd.32 Created SystemIsActive "daemon<com.apple.atc>32-177-61:com.apple.medialibraryd 245277BF-F357-4AB3-A994-E74040CE1D89 Finish Task Assertion, Database transaction for library at path: /var/mobile/Media/iTunes_Control/iTunes/MediaLibrary.sqlitedb(FinishTask)" age:00:00:00  id:51539640384 [System: PrevIdle SysAct] 
2021-11-05 22:23:56.647197 0x47f      Default     0x210f               41     0    powerd [powerd:assertions] Process runningboardd.32 Released SystemIsActive "daemon<com.apple.atc>32-177-61:com.apple.medialibraryd 245277BF-F357-4AB3-A994-E74040CE1D89 Finish Task Assertion, Database transaction for library at path: /var/mobile/Media/iTunes_Control/iTunes/MediaLibrary.sqlitedb(FinishTask)" age:00:00:00  id:51539640384 [System: PrevIdle SysAct] 
2021-11-05 22:23:56.811805 0x481      Default     0x0                  41     0    powerd [powerd:systemLoad] rootDomain's user activity state:0

2021-11-05 22:23:56.811805 0x481      Default     0x0                  41     0    powerd [powerd:systemLoad] Display state: Off NotificationWake : 0

2021-11-05 22:23:56.811875 0x481      Default     0x0                  41     0    powerd [powerd:systemLoad] Activity changes from 0x1 to 0x0. UseActiveState:0

2021-11-05 22:23:56.811875 0x481      Default     0x0                  41     0    powerd [powerd:systemLoad] hidActive:0 displayOff:1 assertionActivityValid:0 now:0x38  hid_ts:0x0 assertion_ts:0x0

2021-11-05 22:23:56.813382 0x481      Default     0x0                  41     0    powerd [powerd:assertions] Process locationd.68 Summary NoIdleSleepAssertion "com.apple.persistentconnection[locationd,68,com.apple.locationd.clSeparationAlertsServicePersistentTimer-PendingSimpleTimer(0x1035b5560)]" age:00:00:11  id:4295000126 [System: PrevIdle SysAct] 
2021-11-05 22:23:56.813383 0x481      Default     0x0                  41     0    powerd [powerd:assertions] Process runningboardd.32 Summary SystemIsActive "daemon<com.apple.SpringBoard>32-61-3:FBSystemApp-PreventIdleSleep" age:00:00:45  id:51539640323 [System: PrevIdle SysAct] 
2021-11-05 22:23:56.813529 0x481      Default     0x0                  41     0    powerd [powerd:assertions] Process kernel_task.0 Released Idle Sleep Preventer "AppleARMBacklight" age: id:0 [System: PrevIdle SysAct] 
2021-11-05 22:23:56.826133 0x47f      Default     0x220a               41     0    powerd [powerd:assertions] Process runningboardd.32 Released SystemIsActive "daemon<com.apple.SpringBoard>32-61-3:FBSystemApp-PreventIdleSleep" age:00:00:46  id:51539640323 [System: PrevIdle] 
2021-11-05 22:23:56.897854 0x47f      Default     0x0                  41     0    powerd [powerd:assertions] Process locationd.68 Released NoIdleSleepAssertion "com.apple.persistentconnection[locationd,68,com.apple.locationd.clSeparationAlertsServicePersistentTimer-PendingSimpleTimer(0x1035b5560)]" age:00:00:14  id:4295000126 [System: PrevIdle] 
2021-11-05 22:23:57.210712 0xc4f      Default     0x0                  41     0    powerd [powerd:assertions] Sending assertion timeout message for id 0x8042 to 29 for 0x80020000

2021-11-05 22:23:57.210763 0xc4f      Default     0x0                  41     0    powerd [powerd:assertions] Process UserEventAgent.29 TimedOut PreventUserIdleSystemSleep "TEMP:com.apple.nanotimekitcompanion.snapshots.prewarm" age:00:00:14  id:4295000130 [System: PrevIdle] 
2021-11-05 22:23:57.450599 0x47f      Default     0x0                  41     0    powerd [powerd:assertions] Process imagent.71 Released NoIdleSleepAssertion "com.apple.persistentconnection[imagent,71,message-watchdog-timer-PendingSimpleTimer(0x100d404e0)]" age:00:00:15  id:4295000131 [System: PrevIdle] 
2021-11-05 22:23:57.788024 0xd97      Default     0x2345               41     0    powerd [powerd:sleepWake] Sleep revert state: 1

2021-11-05 22:23:57.788026 0xd97      Default     0x2345               41     0    powerd [powerd:assertions] Process runningboardd.32 Created SystemIsActive "xpcservice<com.apple.accessibility.AccessibilityUIServer(no host)>:25232-252-62:Shared Background Assertion 0 for com.apple.accessibility.AccessibilityUIServer(FinishTask)" age:00:00:00  id:51539640388 [System: PrevIdle SysAct] 
2021-11-05 22:23:57.790779 0xd97      Default     0x234b               41     0    powerd [powerd:assertions] Process runningboardd.32 Released SystemIsActive "xpcservice<com.apple.accessibility.AccessibilityUIServer(no host)>:25232-252-62:Shared Background Assertion 0 for com.apple.accessibility.AccessibilityUIServer(FinishTask)" age:00:00:00  id:51539640388 [System: PrevIdle] 
2021-11-05 22:23:58.923296 0xdd2      Default     0x23a2               41     0    powerd [powerd:sleepWake] Sleep revert state: 1

2021-11-05 22:23:58.923299 0xdd2      Default     0x23a2               41     0    powerd [powerd:assertions] Process runningboardd.32 Created SystemIsActive "daemon<com.apple.akd>32-140-63:com.apple.CFNetwork.StorageDB" age:00:00:00  id:51539640389 [System: PrevIdle SysAct] 
2021-11-05 22:23:58.953564 0xdd2      Default     0x23a9               41     0    powerd [powerd:assertions] Process runningboardd.32 Released SystemIsActive "daemon<com.apple.akd>32-140-63:com.apple.CFNetwork.StorageDB" age:00:00:01  id:51539640389 [System: PrevIdle] 
2021-11-05 22:24:01.814492 0xf69      Default     0x23d2               41     0    powerd [powerd:sleepWake] Sleep revert state: 1

2021-11-05 22:24:01.814496 0xf69      Default     0x23d2               41     0    powerd [powerd:assertions] Process runningboardd.32 Created SystemIsActive "daemon<com.apple.akd>32-140-64:com.apple.CFNetwork.StorageDB" age:00:00:00  id:51539640390 [System: PrevIdle SysAct] 
2021-11-05 22:24:01.843892 0xf69      Default     0x23d9               41     0    powerd [powerd:assertions] Process runningboardd.32 Released SystemIsActive "daemon<com.apple.akd>32-140-64:com.apple.CFNetwork.StorageDB" age:00:00:01  id:51539640390 [System: PrevIdle] 
2021-11-05 22:24:03.942183 0x10a4     Default     0x0                  41     0    powerd [powerd:batteryhealth] Previous Battery Health: Flags:3 State:0 MaxCapacity:82 CycleCount:

2021-11-05 22:24:03.942183 0x10a4     Default     0x0                  41     0    powerd [powerd:batteryhealth] calib: svcFlags pre: 0x3
2021-11-05 22:24:03.942183 0x10a4     Default     0x0                  41     0    powerd [powerd:batteryhealth] calib0: device not relevant
2021-11-05 22:24:03.942183 0x10a4     Default     0x0                  41     0    powerd [powerd:batteryhealth] calib: svcFlags post: 0x3
2021-11-05 22:24:03.942187 0x10a4     Default     0x0                  41     0    powerd [powerd:batteryhealth] Updated Battery Health: Flags:3 State:0 MaxCapacity:82 CycleCount:

2021-11-05 22:24:03.942208 0x10a4     Default     0x0                  41     0    powerd [powerd:batteryhealth] Previous Battery Health: Flags:3 State:0 MaxCapacity:82 CycleCount:

2021-11-05 22:24:03.942208 0x10a4     Default     0x0                  41     0    powerd [powerd:batteryhealth] calib: svcFlags pre: 0x3
2021-11-05 22:24:03.942208 0x10a4     Default     0x0                  41     0    powerd [powerd:batteryhealth] calib0: device not relevant
2021-11-05 22:24:03.942208 0x10a4     Default     0x0                  41     0    powerd [powerd:batteryhealth] calib: svcFlags post: 0x3
2021-11-05 22:24:03.942212 0x10a4     Default     0x0                  41     0    powerd [powerd:batteryhealth] Updated Battery Health: Flags:3 State:0 MaxCapacity:82 CycleCount:

2021-11-05 22:24:03.947608 0x10a4     Default     0x0                  41     0    powerd [powerd:batteryhealth] Previous Battery Health: Flags:3 State:0 MaxCapacity:82 CycleCount:

2021-11-05 22:24:03.947608 0x10a4     Default     0x0                  41     0    powerd [powerd:batteryhealth] calib: svcFlags pre: 0x3
2021-11-05 22:24:03.947608 0x10a4     Default     0x0                  41     0    powerd [powerd:batteryhealth] calib0: device not relevant
2021-11-05 22:24:03.947608 0x10a4     Default     0x0                  41     0    powerd [powerd:batteryhealth] calib: svcFlags post: 0x3
2021-11-05 22:24:03.947612 0x10a4     Default     0x0                  41     0    powerd [powerd:batteryhealth] Updated Battery Health: Flags:3 State:0 MaxCapacity:82 CycleCount:

2021-11-05 22:24:03.947632 0x10a4     Default     0x0                  41     0    powerd [powerd:batteryhealth] Previous Battery Health: Flags:3 State:0 MaxCapacity:82 CycleCount:

2021-11-05 22:24:03.947632 0x10a4     Default     0x0                  41     0    powerd [powerd:batteryhealth] calib: svcFlags pre: 0x3
2021-11-05 22:24:03.947632 0x10a4     Default     0x0                  41     0    powerd [powerd:batteryhealth] calib0: device not relevant
2021-11-05 22:24:03.947632 0x10a4     Default     0x0                  41     0    powerd [powerd:batteryhealth] calib: svcFlags post: 0x3
2021-11-05 22:24:03.947635 0x10a4     Default     0x0                  41     0    powerd [powerd:batteryhealth] Updated Battery Health: Flags:3 State:0 MaxCapacity:82 CycleCount:

2021-11-05 22:24:03.948287 0x10a4     Default     0x0                  41     0    powerd [powerd:assertions] Check assertion activity update from clients 0
2021-11-05 22:24:03.948295 0x10a4     Default     0x0                  41     0    powerd [powerd:assertions] checkForAssertionActivityUpdates : setting timer to fire in 5 secs
2021-11-05 22:24:03.948526 0x10a4     Default     0x0                  41     0    powerd [powerd:assertions] Assertion Activity Update: logged 62 entries. New refCnt 323, overflow 0
2021-11-05 22:24:04.720074 0x1084     Default     0x2524               41     0    powerd [powerd:sleepWake] Sleep revert state: 1

2021-11-05 22:24:04.720076 0x1084     Default     0x2524               41     0    powerd [powerd:assertions] Process runningboardd.32 Created SystemIsActive "daemon<com.apple.akd>32-140-65:com.apple.CFNetwork.StorageDB" age:00:00:00  id:51539640391 [System: PrevIdle SysAct] 
2021-11-05 22:24:04.749829 0x1084     Default     0x252b               41     0    powerd [powerd:assertions] Process runningboardd.32 Released SystemIsActive "daemon<com.apple.akd>32-140-65:com.apple.CFNetwork.StorageDB" age:00:00:01  id:51539640391 [System: PrevIdle] 
2021-11-05 22:24:07.642789 0x12f6     Default     0x2654               41     0    powerd [powerd:sleepWake] Sleep revert state: 1

2021-11-05 22:34:20.260811 0x40b      Default     0x0                  41     0    powerd [powerd:prefs] Looking for MDM prefs

2021-11-05 22:34:20.260814 0x40b      Error       0x0                  41     0    powerd [powerd:prefs] Failed to get prefs from path

2021-11-05 22:34:20.260944 0x40b      Activity    0x90                 41     0    powerd (CoreFoundation) Loading Preferences From System CFPrefsD
2021-11-05 22:34:20.260972 0x40b      Activity    0x91                 41     0    powerd (CoreFoundation) Loading Preferences From System CFPrefsD
2021-11-05 22:34:20.261002 0x40b      Default     0x0                  41     0    powerd [powerd:pmSettings] Sleep timer 2147483647 display timer 10

2021-11-05 22:34:20.261061 0x40b      Default     0x0                  41     0    powerd [powerd:assertions] Trial Initialization: Starting Timer
2021-11-05 22:34:20.261062 0x40b      Default     0x0                  41     0    powerd [powerd:systemLoad] rootDomain's user activity state:1

2021-11-05 22:34:20.261153 0x40b      Default     0x0                  41     0    powerd [powerd:lowPowerMode] LPM: Initialized PMLowPowerModeService

2021-11-05 22:34:20.261176 0x47f      Default     0x0                  41     0    powerd [powerd:battery] posted 'com.apple.system.powersources.attach'

2021-11-05 22:34:20.261178 0x47f      Default     0x0                  41     0    powerd [powerd:battery] posted 'com.apple.system.powermanagement.poweradapter'

2021-11-05 22:34:20.261193 0x47f      Default     0x0                  41     0    powerd [powerd:batteryhealth] batteryHealthP0Threshold set to 0

2021-11-05 22:34:20.261200 0x47f      Default     0x0                  41     0    powerd [powerd:batteryhealth] batteryHealthUPOAware set to 0

2021-11-05 22:34:20.261204 0x47f      Activity    0x92                 41     0    powerd (CoreFoundation) Loading Preferences From System CFPrefsD
2021-11-05 22:34:20.261239 0x47f      Default     0x0                  41     0    powerd [powerd:batteryhealth] Previous Battery Health: Flags:3 State:0 MaxCapacity:82 CycleCount:

2021-11-05 22:34:20.261239 0x47f      Default     0x0                  41     0    powerd [powerd:batteryhealth] calib: svcFlags pre: 0x3
2021-11-05 22:34:20.261240 0x47f      Default     0x0                  41     0    powerd [powerd:batteryhealth] calib0: device not relevant
2021-11-05 22:34:20.261240 0x47f      Default     0x0                  41     0    powerd [powerd:batteryhealth] calib: svcFlags post: 0x3
2021-11-05 22:34:20.261240 0x47f      Error       0x0                  41     0    powerd [powerd:batteryhealth] Failed to calculate Nominal Capacity percentage. NominalCapacity:0 DesignCapacity:0

2021-11-05 22:34:20.261240 0x47f      Error       0x0                  41     0    powerd [powerd:batteryhealth] Battery health UPO Aware value not set

2021-11-05 22:34:20.261240 0x47f      Error       0x0                  41     0    powerd [powerd:batteryhealth] Battery P0 threshold is not set

2021-11-05 22:34:20.261241 0x47f      Default     0x0                  41     0    powerd [powerd:batteryhealth] Unable to determine Battery Health Service state. Service Flags:0x2280003 Service State:5

2021-11-05 22:34:20.261241 0x47f      Default     0x0                  41     0    powerd [powerd:batteryhealth] calib: skipping due to precedence
2021-11-05 22:34:20.261270 0x47f      Default     0x0                  41     0    powerd [powerd:batteryhealth] Updated Battery Health: Flags:36175875 State:5 MaxCapacity:82 CycleCount:

2021-11-05 22:34:20.261270 0x47f      Default     0x0                  41     0    powerd [powerd:battery] Battery time remaining posted(0x10000001c4b0000) Time:0 Source:AC

2021-11-05 22:34:20.261274 0x47f      Default     0x0                  41     0    powerd [powerd:battery] posted 'com.apple.system.powersources.lowbattery'

2021-11-05 22:34:20.261274 0x47f      Default     0x0                  41     0    powerd [powerd:battery] Battery capacity change posted(0xb0064). Capacity:100 Source:AC

2021-11-05 22:34:20.261274 0x47f      Default     0x0                  41     0    powerd [powerd:battery] Power Source change. Source:AC
2021-11-05 22:34:20.261277 0x47f      Default     0x0                  41     0    powerd [powerd:BDC] No match for SMC IOService. Can't start BDC
2021-11-05 22:34:20.261444 0x480      Default     0x0                  41     0    powerd [powerd:systemLoad] Activity changes from 0xffff to 0x0. UseActiveState:0

2021-11-05 22:34:20.261444 0x480      Default     0x0                  41     0    powerd [powerd:systemLoad] hidActive:1 displayOff:1 assertionActivityValid:0 now:0xa  hid_ts:0xa assertion_ts:0x0

2021-11-05 22:34:20.261449 0x480      Default     0x0                  41     0    powerd [powerd:assertions] Assertion bufffer initialized. Sending high water mark notification
2021-11-05 22:34:20.262154 0x480      Default     0x0                  41     0    powerd (Trial) [com.apple.trial:_] Initializing TRIClient. Trial version: TrialXP-276
2021-11-05 22:34:20.262164 0x480      Default     0x0                  41     0    powerd (Trial) [com.apple.trial:_] <private> 0x102f05a90 (no container): using Trial root dir <private>
2021-11-05 22:34:20.262242 0x480      Default     0x0                  41     0    powerd (Trial) [com.apple.trial:_] adding update handler 0 for namespace COREOS_POWERD_ASSERTIONS
2021-11-05 22:34:20.262558 0x480      Default     0x0                  41     0    powerd (Trial) [com.apple.trial:_] Namespace resolver file not present: <private>
2021-11-05 22:34:20.262587 0x480      Default     0x0                  41     0    powerd [powerd:assertions] System Assertion Timer: feature enabled, feature flag: 1, trial value: 1
2021-11-05 22:34:20.262594 0x480      Default     0x0                  41     0    powerd [powerd:assertions] System Assertion Timer: assertion timeouts data: <private>
2021-11-05 22:34:20.262609 0x480      Default     0x0                  41     0    powerd [powerd:assertions] System Assertion Timer: setting timeout value to 600
2021-11-05 22:34:20.267869 0x480      Default     0x5b                 41     0    powerd [powerd:sleepWake] Sleep revert state: 1

2021-11-05 22:34:20.267876 0x480      Default     0x5b                 41     0    powerd [powerd:assertions] Process runningboardd.32 Created SystemIsActive "daemon<com.apple.SpringBoard>32-61-2:FBSystemShellInitialize" age:00:00:00  id:51539640323 [System: PrevIdle SysAct] 
2021-11-05 22:34:20.273930 0x480      Default     0x0                  41     0    powerd [powerd:assertions] Aysnc Assertion: received initial connection from 35
2021-11-05 22:34:20.283036 0x482      Default     0x0                  41     0    powerd [powerd:systemLoad] Display state: On NotificationWake : 0

2021-11-05 22:34:20.283036 0x482      Default     0x0                  41     0    powerd [powerd:systemLoad] Activity changes from 0x0 to 0x1. UseActiveState:1

2021-11-05 22:34:20.283036 0x482      Default     0x0                  41     0    powerd [powerd:systemLoad] hidActive:1 displayOff:0 assertionActivityValid:0 now:0xb  hid_ts:0xa assertion_ts:0x0

2021-11-05 22:34:20.320544 0x47f      Default     0x0                  41     0    powerd [powerd:lowPowerMode] LPM: Deferred Init timer fired

2021-11-05 22:34:20.343275 0x480      Default     0x0                  41     0    powerd [powerd:assertions] Aysnc Assertion: received initial connection from 85
2021-11-05 22:34:20.350028 0x482      Default     0x448                41     0    powerd [powerd:sleepWake] Sleep revert state: 1

2021-11-05 22:34:20.350029 0x482      Default     0x448                41     0    powerd [powerd:assertions] Process runningboardd.32 Created SystemIsActive "daemon<com.apple.ind>32-123-8:com.apple.CFNetwork.StorageDB" age:00:00:00  id:51539640340 [System: PrevIdle SysAct] 
2021-11-05 22:34:20.357880 0x481      Default     0x0                  41     0    powerd [powerd:assertions] Aysnc Assertion: received initial connection from 58
2021-11-05 22:34:20.359856 0x47f      Default     0x0                  41     0    powerd [powerd:lowPowerMode] LPM: Pluggedin=1 at init

2021-11-05 22:34:20.359946 0x481      Default     0x590                41     0    powerd [powerd:sleepWake] Sleep revert state: 1

2021-11-05 22:34:20.359947 0x481      Default     0x590                41     0    powerd [powerd:assertions] Process runningboardd.32 Created SystemIsActive "daemon<com.apple.nsurlsessiond>32-142-9:com.apple.CFNetwork.StorageDB" age:00:00:00  id:51539640341 [System: PrevIdle SysAct] 
2021-11-05 22:34:20.367676 0x47f      Default     0x0                  41     0    powerd [powerd:lowPowerMode] LPM: Battery Percentage=100% at init

2021-11-05 22:34:20.380974 0x47f      Default     0x0                  41     0    powerd [powerd:lowPowerMode] LPM: readPreferences: autoDisableThreshold=80%, autoDisableWhenPluggedIn=0

2021-11-05 22:34:20.381432 0x47f      Default     0x0                  41     0    powerd [powerd:lowPowerMode] LPM: No previous defaults state found

2021-11-05 22:34:20.381432 0x47f      Default     0x0                  41     0    powerd [powerd:lowPowerMode] LPM: No saved state found, not auto-enabling

2021-11-05 22:34:20.381433 0x47f      Default     0x0                  41     0    powerd (FindMyDevice) [com.apple.icloud.findmydeviced:_] -[FMDFMIPManager isLostModeActive]
2021-11-05 22:34:20.381433 0x47f      Activity    0x93                 41     0    powerd (libsystem_containermanager.dylib) container_system_path_for_identifier
2021-11-05 22:34:20.381434 0x47f      Info        0x93                 41     0    powerd (libsystem_containermanager.dylib) [com.apple.containermanager:cache] containermanagerd not initialized yet. can't return container for group systemgroup.com.apple.icloud.findmydevice.managed in process
2021-11-05 22:34:20.381434 0x47f      Info        0x93                 41     0    powerd (libsystem_containermanager.dylib) [com.apple.containermanager:cache] Cache miss; command = 17, identifier = <private>, groupIdentifier = systemgroup.com.apple.icloud.findmydevice.managed
2021-11-05 22:34:20.383812 0x47f      Default     0x0                  41     0    powerd (libsystem_containermanager.dylib) [com.apple.containermanager:unspecified] container_system_group_path_for_identifier: success
2021-11-05 22:34:20.383814 0x47f      Default     0x0                  41     0    powerd (FindMyDevice) [com.apple.icloud.findmydeviced:_] Shared file not found. Returning lost mode type as - FMDLostModeTypeNone
2021-11-05 22:34:20.383814 0x47f      Default     0x0                  41     0    powerd (FindMyDevice) [com.apple.icloud.findmydeviced:_] FMiP shared info has lost mode type - 0
2021-11-05 22:34:20.383814 0x47f      Default     0x0                  41     0    powerd (FindMyDevice) [com.apple.icloud.findmydeviced:_] -[FMDFMIPManager isLostModeActive] : NO
2021-11-05 22:34:20.384673 0x482      Default     0x0                  41     0    powerd [powerd:assertions] Aysnc Assertion: received initial connection from 124
2021-11-05 22:34:20.384976 0x481      Default     0x59d                41     0    powerd [powerd:assertions] Process runningboardd.32 Released SystemIsActive "daemon<com.apple.ind>32-123-8:com.apple.CFNetwork.StorageDB" age:00:00:01  id:51539640340 [System: PrevIdle SysAct] 
2021-11-05 22:34:20.386038 0x482      Default     0x0                  41     0    powerd [powerd:batteryhealth] Previous Battery Health: Flags:36175875 State:5 MaxCapacity:82 CycleCount:

2021-11-05 22:34:20.386038 0x482      Default     0x0                  41     0    powerd [powerd:batteryhealth] calib: svcFlags pre: 0x3
2021-11-05 22:34:20.386038 0x482      Default     0x0                  41     0    powerd [powerd:batteryhealth] calib0: device not relevant
2021-11-05 22:34:20.386038 0x482      Default     0x0                  41     0    powerd [powerd:batteryhealth] calib: svcFlags post: 0x3
2021-11-05 22:34:20.386038 0x482      Error       0x0                  41     0    powerd [powerd:batteryhealth] Failed to calculate Nominal Capacity percentage. NominalCapacity:0 DesignCapacity:0

2021-11-05 22:34:20.386038 0x482      Error       0x0                  41     0    powerd [powerd:batteryhealth] Battery health UPO Aware value not set

2021-11-05 22:34:20.386038 0x482      Error       0x0                  41     0    powerd [powerd:batteryhealth] Battery P0 threshold is not set

2021-11-05 22:34:20.386038 0x482      Default     0x0                  41     0    powerd [powerd:batteryhealth] Unable to determine Battery Health Service state. Service Flags:0x2280003 Service State:5

2021-11-05 22:34:20.386038 0x482      Default     0x0                  41     0    powerd [powerd:batteryhealth] calib: skipping due to precedence
2021-11-05 22:34:20.386039 0x482      Default     0x0                  41     0    powerd [powerd:batteryhealth] Updated Battery Health: Flags:36175875 State:5 MaxCapacity:82 CycleCount:

2021-11-05 22:34:20.386271 0x481      Default     0x0                  41     0    powerd [powerd:batteryhealth] Previous Battery Health: Flags:36175875 State:5 MaxCapacity:82 CycleCount:

2021-11-05 22:34:20.386271 0x481      Default     0x0                  41     0    powerd [powerd:batteryhealth] calib: svcFlags pre: 0x3
2021-11-05 22:34:20.386272 0x481      Default     0x0                  41     0    powerd [powerd:batteryhealth] calib0: device not relevant
2021-11-05 22:34:20.386272 0x481      Default     0x0                  41     0    powerd [powerd:batteryhealth] calib: svcFlags post: 0x3
2021-11-05 22:34:20.386272 0x481      Error       0x0                  41     0    powerd [powerd:batteryhealth] Failed to calculate Nominal Capacity percentage. NominalCapacity:0 DesignCapacity:0

2021-11-05 22:34:20.386272 0x481      Error       0x0                  41     0    powerd [powerd:batteryhealth] Battery health UPO Aware value not set

2021-11-05 22:34:20.386272 0x481      Error       0x0                  41     0    powerd [powerd:batteryhealth] Battery P0 threshold is not set

2021-11-05 22:34:20.386272 0x481      Default     0x0                  41     0    powerd [powerd:batteryhealth] Unable to determine Battery Health Service state. Service Flags:0x2280003 Service State:5

2021-11-05 22:34:20.386272 0x481      Default     0x0                  41     0    powerd [powerd:batteryhealth] calib: skipping due to precedence
2021-11-05 22:34:20.386273 0x481      Default     0x0                  41     0    powerd [powerd:batteryhealth] Updated Battery Health: Flags:36175875 State:5 MaxCapacity:82 CycleCount:

2021-11-05 22:34:20.386284 0x55b      Default     0x0                  41     0    powerd [powerd:batteryhealth] Previous Battery Health: Flags:36175875 State:5 MaxCapacity:82 CycleCount:

2021-11-05 22:34:20.386284 0x55b      Default     0x0                  41     0    powerd [powerd:batteryhealth] calib: svcFlags pre: 0x3
2021-11-05 22:34:20.386284 0x55b      Default     0x0                  41     0    powerd [powerd:batteryhealth] calib0: device not relevant
2021-11-05 22:34:20.386284 0x55b      Default     0x0                  41     0    powerd [powerd:batteryhealth] calib: svcFlags post: 0x3
2021-11-05 22:34:20.386284 0x55b      Error       0x0                  41     0    powerd [powerd:batteryhealth] Failed to calculate Nominal Capacity percentage. NominalCapacity:0 DesignCapacity:0

2021-11-05 22:34:20.386284 0x55b      Error       0x0                  41     0    powerd [powerd:batteryhealth] Battery health UPO Aware value not set

2021-11-05 22:34:20.386284 0x55b      Error       0x0                  41     0    powerd [powerd:batteryhealth] Battery P0 threshold is not set

2021-11-05 22:34:20.386284 0x55b      Default     0x0                  41     0    powerd [powerd:batteryhealth] Unable to determine Battery Health Service state. Service Flags:0x2280003 Service State:5

2021-11-05 22:34:20.386284 0x55b      Default     0x0                  41     0    powerd [powerd:batteryhealth] calib: skipping due to precedence
2021-11-05 22:34:20.386285 0x55b      Default     0x0                  41     0    powerd [powerd:batteryhealth] Updated Battery Health: Flags:36175875 State:5 MaxCapacity:82 CycleCount:

2021-11-05 22:34:20.395996 0x481      Default     0x42b                41     0    powerd [powerd:assertions] Aysnc Assertion: received initial connection from 68
2021-11-05 22:34:20.397503 0x481      Default     0x810                41     0    powerd [powerd:sleepWake] Sleep revert state: 1

2021-11-05 22:34:20.397504 0x481      Default     0x810                41     0    powerd [powerd:assertions] Process runningboardd.32 Created SystemIsActive "daemon<com.apple.akd>32-126-10:com.apple.CFNetwork.StorageDB" age:00:00:00  id:51539640346 [System: PrevIdle SysAct] 
2021-11-05 22:34:20.400001 0x55b      Default     0x841                41     0    powerd [powerd:assertions] Process runningboardd.32 Released SystemIsActive "daemon<com.apple.nsurlsessiond>32-142-9:com.apple.CFNetwork.StorageDB" age:00:00:01  id:51539640341 [System: PrevIdle SysAct] 
2021-11-05 22:34:20.406666 0x55b      Default     0x0                  41     0    powerd [powerd:batteryhealth] Previous Battery Health: Flags:36175875 State:5 MaxCapacity:82 CycleCount:

2021-11-05 22:34:20.406666 0x55b      Default     0x0                  41     0    powerd [powerd:batteryhealth] calib: svcFlags pre: 0x3
2021-11-05 22:34:20.406666 0x55b      Default     0x0                  41     0    powerd [powerd:batteryhealth] calib0: device not relevant
2021-11-05 22:34:20.406666 0x55b      Default     0x0                  41     0    powerd [powerd:batteryhealth] calib: svcFlags post: 0x3
2021-11-05 22:34:20.406667 0x55b      Error       0x0                  41     0    powerd [powerd:batteryhealth] Battery health UPO Aware value not set

2021-11-05 22:34:20.406667 0x55b      Error       0x0                  41     0    powerd [powerd:batteryhealth] Battery P0 threshold is not set

2021-11-05 22:34:20.406667 0x55b      Default     0x0                  41     0    powerd [powerd:batteryhealth] Unable to determine Battery Health Service state. Service Flags:0x2080003 Service State:5

2021-11-05 22:34:20.406667 0x55b      Default     0x0                  41     0    powerd [powerd:batteryhealth] calib: skipping due to precedence
2021-11-05 22:34:20.408279 0x55b      Default     0x0                  41     0    powerd [powerd:batteryhealth] Updated Battery Health: Flags:34078723 State:5 MaxCapacity:82 CycleCount:

2021-11-05 22:34:20.408280 0x55b      Default     0x0                  41     0    powerd [powerd:battery] Battery capacity change posted(0xb0062). Capacity:98 Source:AC

2021-11-05 22:34:20.408280 0x55b      Default     0x0                  41     0    powerd [powerd:battery] posted 'com.apple.system.powersources.timeremaining'

2021-11-05 22:34:20.424192 0x482      Default     0x0                  41     0    powerd [powerd:lowPowerMode] LPM: monitor: batteryPercentage=98%

2021-11-05 22:34:20.430731 0x481      Default     0x94b                41     0    powerd [powerd:assertions] Process runningboardd.32 Released SystemIsActive "daemon<com.apple.akd>32-126-10:com.apple.CFNetwork.StorageDB" age:00:00:01  id:51539640346 [System: PrevIdle SysAct] 
2021-11-05 22:34:20.437164 0x482      Default     0x9f1                41     0    powerd [powerd:sleepWake] Sleep revert state: 1

2021-11-05 22:34:20.437165 0x482      Default     0x9f1                41     0    powerd [powerd:assertions] Process runningboardd.32 Created SystemIsActive "daemon<com.apple.watchlistd>32-146-17:com.apple.CFNetwork.StorageDB" age:00:00:00  id:51539640347 [System: PrevIdle SysAct] 
2021-11-05 22:34:20.437167 0x481      Info        0x0                  41     0    powerd (libsystem_containermanager.dylib) [com.apple.containermanager:xpc] connection <0x102f16980/0/0; 0x0> invalidated
2021-11-05 22:34:20.446773 0x55b      Default     0xaa0                41     0    powerd [powerd:sleepWake] Sleep revert state: 1

2021-11-05 22:34:20.446774 0x55b      Default     0xaa0                41     0    powerd [powerd:assertions] Process runningboardd.32 Created SystemIsActive "daemon<com.apple.bookassetd>32-159-19:com.apple.CFNetwork.StorageDB" age:00:00:00  id:51539640348 [System: PrevIdle SysAct] 
2021-11-05 22:34:20.447471 0x481      Default     0xa4e                41     0    powerd [powerd:sleepWake] Sleep revert state: 1

2021-11-05 22:34:20.447472 0x481      Default     0xa4e                41     0    powerd [powerd:assertions] Process runningboardd.32 Created SystemIsActive "daemon<com.apple.akd>32-126-18:com.apple.CFNetwork.StorageDB" age:00:00:00  id:51539640349 [System: PrevIdle SysAct] 
2021-11-05 22:34:20.457832 0x481      Default     0xaa6                41     0    powerd [powerd:sleepWake] Sleep revert state: 1

2021-11-05 22:34:20.457833 0x481      Default     0xaa6                41     0    powerd [powerd:assertions] Process runningboardd.32 Created SystemIsActive "daemon<com.apple.coreidvd>32-155-20:com.apple.CFNetwork.StorageDB" age:00:00:00  id:51539640350 [System: PrevIdle SysAct] 
2021-11-05 22:34:20.466540 0x482      Default     0xcda                41     0    powerd [powerd:assertions] Process runningboardd.32 Released SystemIsActive "daemon<com.apple.watchlistd>32-146-17:com.apple.CFNetwork.StorageDB" age:00:00:01  id:51539640347 [System: PrevIdle SysAct] 
2021-11-05 22:34:20.467623 0x482      Default     0x0                  41     0    powerd [powerd:pmSettings] Energy Saver Prefs have changed
2021-11-05 22:34:20.468141 0x482      Default     0x0                  41     0    powerd [powerd:pmSettings] Energy Saver Prefs have changed
2021-11-05 22:34:20.468254 0x482      Default     0x0                  41     0    powerd [powerd:assertions] Kernel assertions 0x0

2021-11-05 22:34:20.471051 0x55b      Default     0x0                  41     0    powerd [powerd:sleepWake] Sleep revert state: 1

2021-11-05 22:34:20.471054 0x55b      Default     0x0                  41     0    powerd [powerd:assertions] Process CommCenter.89 Created SystemIsActive "com.apple.AppleBasebandManager.ServerNotReady" age:00:00:00  id:51539640351 [System: PrevIdle SysAct] 
2021-11-05 22:34:20.471222 0x482      Default     0x0                  41     0    powerd [powerd:sleepWake] Sleep revert state: 1

2021-11-05 22:34:20.471223 0x482      Default     0x0                  41     0    powerd [powerd:assertions] Process CommCenter.89 Created SystemIsActive "com.apple.AppleBasebandManager.RadioNotReady.Bootup" age:00:00:00  id:51539640352 [System: PrevIdle SysAct] 
2021-11-05 22:34:20.479657 0x482      Default     0xd77                41     0    powerd [powerd:assertions] Process runningboardd.32 Released SystemIsActive "daemon<com.apple.coreidvd>32-155-20:com.apple.CFNetwork.StorageDB" age:00:00:00  id:51539640350 [System: PrevIdle SysAct] 
2021-11-05 22:34:20.479670 0x55b      Default     0xd77                41     0    powerd [powerd:assertions] Process runningboardd.32 Released SystemIsActive "daemon<com.apple.bookassetd>32-159-19:com.apple.CFNetwork.StorageDB" age:00:00:01  id:51539640348 [System: PrevIdle SysAct] 
2021-11-05 22:34:20.479691 0x481      Default     0x0                  41     0    powerd [powerd:batteryhealth] Received notification for batteryHealthP0Threshold. Value set to 500

2021-11-05 22:34:20.479708 0x481      Default     0x0                  41     0    powerd [powerd:batteryhealth] Received notification for batteryHealthUPOAware. Value set to 5850451

2021-11-05 22:34:20.496436 0x55b      Default     0xe2f                41     0    powerd [powerd:assertions] Process runningboardd.32 Released SystemIsActive "daemon<com.apple.akd>32-126-18:com.apple.CFNetwork.StorageDB" age:00:00:02  id:51539640349 [System: PrevIdle SysAct] 
2021-11-05 22:34:20.499602 0x482      Default     0x0                  41     0    powerd [powerd:assertions] Aysnc Assertion: received initial connection from 71
2021-11-05 22:34:20.529862 0x480      Default     0x1119               41     0    powerd [powerd:sleepWake] Sleep revert state: 1

2021-11-05 22:34:20.529863 0x480      Default     0x1119               41     0    powerd [powerd:assertions] Process runningboardd.32 Created SystemIsActive "application<com.apple.purplebuddy>;(null):(null);32-61-22:FBApplicationProcess" age:00:00:00  id:51539640354 [System: PrevIdle SysAct] 
2021-11-05 22:34:20.548614 0x480      Default     0x0                  41     0    powerd [powerd:assertions] Process powerd.41 Released PreventUserIdleSystemSleep "Waiting for springboard or equivalent process to start" age:00:00:11  id:4295000065 [System: PrevIdle SysAct] 
2021-11-05 22:34:20.562225 0x480      Default     0x12a2               41     0    powerd [powerd:assertions] Process runningboardd.32 Released SystemIsActive "application<com.apple.purplebuddy>;(null):(null);32-61-22:FBApplicationProcess" age:00:00:01  id:51539640354 [System: PrevIdle SysAct] 
2021-11-05 22:34:20.577669 0x55b      Default     0x0                  41     0    powerd [powerd:assertions] Aysnc Assertion: received initial connection from 75
2021-11-05 22:34:20.612962 0x481      Default     0x13f9               41     0    powerd [powerd:sleepWake] Sleep revert state: 1

2021-11-05 22:34:20.612962 0x481      Default     0x13f9               41     0    powerd [powerd:assertions] Process runningboardd.32 Created SystemIsActive "daemon<com.apple.appstored>32-205-33:com.apple.CFNetwork.StorageDB" age:00:00:00  id:51539640360 [System: PrevIdle SysAct] 
2021-11-05 22:34:20.621606 0x55b      Default     0x0                  41     0    powerd [powerd:assertions] Process CommCenter.89 Released SystemIsActive "com.apple.AppleBasebandManager.ServerNotReady" age:00:00:06  id:51539640351 [System: PrevIdle SysAct] 
2021-11-05 22:34:20.622466 0x55b      Default     0x0                  41     0    powerd [powerd:assertions] Process CommCenter.89 Released SystemIsActive "com.apple.AppleBasebandManager.RadioNotReady.Bootup" age:00:00:06  id:51539640352 [System: PrevIdle SysAct] 
2021-11-05 22:34:20.630492 0x481      Default     0x1494               41     0    powerd [powerd:sleepWake] Sleep revert state: 1

2021-11-05 22:34:20.630494 0x481      Default     0x1494               41     0    powerd [powerd:assertions] Process runningboardd.32 Created SystemIsActive "daemon<com.apple.itunesstored>32-204-34:com.apple.CFNetwork.StorageDB" age:00:00:00  id:51539640361 [System: PrevIdle SysAct] 
2021-11-05 22:34:20.640296 0x480      Default     0x14d4               41     0    powerd [powerd:assertions] Process runningboardd.32 Released SystemIsActive "daemon<com.apple.appstored>32-205-33:com.apple.CFNetwork.StorageDB" age:00:00:01  id:51539640360 [System: PrevIdle SysAct] 
2021-11-05 22:34:20.978316 0x480      Default     0x1fe7               41     0    powerd [powerd:assertions] Process runningboardd.32 Created SystemIsActive "daemon<com.apple.ap.promotedcontentd>32-216-62:com.apple.CFNetwork.StorageDB" age:00:00:00  id:51539640381 [System: PrevIdle SysAct] 
2021-11-05 22:34:20.984739 0x480      Default     0x2036               41     0    powerd [powerd:assertions] Process runningboardd.32 Released SystemIsActive "daemon<com.apple.amsaccountsd>32-87-58:com.apple.CFNetwork.StorageDB" age:00:00:01  id:51539640380 [System: PrevIdle SysAct] 
2021-11-05 22:34:20.984746 0x480      Default     0x2036               41     0    powerd [powerd:assertions] Process runningboardd.32 Released SystemIsActive "daemon<com.apple.amsengagementd>32-154-53:com.apple.CFNetwork.StorageDB" age:00:00:01  id:51539640378 [System: PrevIdle SysAct] 
2021-11-05 22:34:20.987580 0x55b      Error       0x0                  41     0    powerd [powerd:assertions] Async client id is not found for id 0x8002

2021-11-05 22:34:20.987587 0x55b      Default     0x0                  41     0    powerd [powerd:assertions] Process mediaserverd.35 TimedOut PreventUserIdleSystemSleep "com.apple.APEndpointManagerCarPlay.timed" age:00:00:30  id:4295000066 [System: PrevIdle SysAct] 
2021-11-05 22:34:21.008955 0x55b      Default     0x0                  41     0    powerd [powerd:assertions] Check assertion activity update from clients 0
2021-11-05 22:34:21.009038 0x55b      Default     0x0                  41     0    powerd [powerd:assertions] checkForAssertionActivityUpdates : setting timer to fire in 5 secs
2021-11-05 22:34:21.009052 0x55b      Default     0x0                  41     0    powerd [powerd:assertions] checkForAssertionActivityUpdates : setting timer to fire in 5 secs
2021-11-05 22:34:21.009696 0x480      Default     0x0                  41     0    powerd Unexpected readFromIdx 323. arrCnt=219

2021-11-05 22:34:21.009778 0x480      Default     0x0                  41     0    powerd [powerd:assertions] Assertion Activity Update: logged 219 entries. New refCnt 219, overflow 1
2021-11-05 22:34:21.015584 0x480      Default     0x2099               41     0    powerd [powerd:assertions] Process runningboardd.32 Released SystemIsActive "daemon<com.apple.ap.promotedcontentd>32-216-62:com.apple.CFNetwork.StorageDB" age:00:00:01  id:51539640381 [System: PrevIdle SysAct] 
2021-11-05 22:34:21.028355 0x480      Default     0x0                  41     0    powerd [powerd:batteryhealth] Previous Battery Health: Flags:34078723 State:5 MaxCapacity:82 CycleCount:

2021-11-05 22:34:21.028399 0x480      Default     0x0                  41     0    powerd [powerd:batteryhealth] calib: svcFlags pre: 0x3
2021-11-05 22:34:21.028401 0x480      Default     0x0                  41     0    powerd [powerd:batteryhealth] calib0: device not relevant
2021-11-05 22:34:21.028412 0x480      Default     0x0                  41     0    powerd [powerd:batteryhealth] calib: svcFlags post: 0x3
2021-11-05 22:34:21.028419 0x480      Activity    0x94                 41     0    powerd (CoreFoundation) Loading Preferences From System CFPrefsD
2021-11-05 22:34:21.028471 0x480      Default     0x0                  41     0    powerd [powerd:batteryhealth] Updated Battery Health: Flags:3 State:0 MaxCapacity:82 CycleCount:

2021-11-05 22:34:21.028491 0x480      Default     0x0                  41     0    powerd [powerd:batteryhealth] Previous Battery Health: Flags:3 State:0 MaxCapacity:82 CycleCount:

2021-11-05 22:34:21.028492 0x480      Default     0x0                  41     0    powerd [powerd:batteryhealth] calib: svcFlags pre: 0x3
2021-11-05 22:34:21.028494 0x480      Default     0x0                  41     0    powerd [powerd:batteryhealth] calib0: device not relevant
2021-11-05 22:34:21.028495 0x480      Default     0x0                  41     0    powerd [powerd:batteryhealth] calib: svcFlags post: 0x3
2021-11-05 22:34:21.028501 0x480      Default     0x0                  41     0    powerd [powerd:batteryhealth] Updated Battery Health: Flags:3 State:0 MaxCapacity:82 CycleCount:

2021-11-05 22:34:21.028513 0x480      Default     0x0                  41     0    powerd [powerd:batteryhealth] Previous Battery Health: Flags:3 State:0 MaxCapacity:82 CycleCount:

2021-11-05 22:34:21.028515 0x480      Default     0x0                  41     0    powerd [powerd:batteryhealth] calib: svcFlags pre: 0x3
2021-11-05 22:34:21.028517 0x480      Default     0x0                  41     0    powerd [powerd:batteryhealth] calib0: device not relevant
2021-11-05 22:34:21.028518 0x480      Default     0x0                  41     0    powerd [powerd:batteryhealth] calib: svcFlags post: 0x3
2021-11-05 22:34:21.028523 0x480      Default     0x0                  41     0    powerd [powerd:batteryhealth] Updated Battery Health: Flags:3 State:0 MaxCapacity:82 CycleCount:

2021-11-05 22:34:21.111809 0x55b      Default     0x2109               41     0    powerd [powerd:sleepWake] Sleep revert state: 1

2021-11-05 22:34:21.111812 0x55b      Default     0x2109               41     0    powerd [powerd:assertions] Process runningboardd.32 Created SystemIsActive "daemon<com.apple.atc>32-179-65:com.apple.medialibraryd 7241BA35-6EF7-473D-A35E-CC6D649C0E92 Finish Task Assertion, Database transaction for library at path: /var/mobile/Media/iTunes_Control/iTunes/MediaLibrary.sqlitedb(FinishTask)" age:00:00:00  id:51539640383 [System: PrevIdle SysAct] 
2021-11-05 22:34:21.114603 0x55b      Default     0x2132               41     0    powerd [powerd:assertions] Process runningboardd.32 Released SystemIsActive "daemon<com.apple.atc>32-179-65:com.apple.medialibraryd 7241BA35-6EF7-473D-A35E-CC6D649C0E92 Finish Task Assertion, Database transaction for library at path: /var/mobile/Media/iTunes_Control/iTunes/MediaLibrary.sqlitedb(FinishTask)" age:00:00:00  id:51539640383 [System: PrevIdle SysAct] 
2021-11-05 22:34:21.195822 0x55b      Default     0x0                  41     0    powerd [powerd:assertions] Process apsd.110 Released NoIdleSleepAssertion "com.apple.apsd-connectcouriers" age:00:00:11  id:4295000123 [System: PrevIdle SysAct] 
2021-11-05 22:34:21.259939 0x480      Default     0x0                  41     0    powerd [powerd:systemLoad] rootDomain's user activity state:0

2021-11-05 22:34:21.259939 0x480      Default     0x0                  41     0    powerd [powerd:systemLoad] Display state: Off NotificationWake : 0

2021-11-05 22:34:21.259954 0x480      Default     0x0                  41     0    powerd [powerd:systemLoad] Activity changes from 0x1 to 0x0. UseActiveState:0

2021-11-05 22:34:21.259954 0x480      Default     0x0                  41     0    powerd [powerd:systemLoad] hidActive:0 displayOff:1 assertionActivityValid:0 now:0x34  hid_ts:0x0 assertion_ts:0x0

2021-11-05 22:34:21.264878 0x480      Default     0x0                  41     0    powerd [powerd:assertions] Process locationd.68 Summary NoIdleSleepAssertion "com.apple.persistentconnection[locationd,68,com.apple.locationd.clSeparationAlertsServicePersistentTimer-PendingSimpleTimer(0x1450e5c30)]" age:00:00:08  id:4295000126 [System: PrevIdle SysAct] 
2021-11-05 22:38:44.144341 0x40f      Default     0x0                  41     0    powerd [powerd:prefs] Looking for MDM prefs

2021-11-05 22:38:44.144346 0x40f      Error       0x0                  41     0    powerd [powerd:prefs] Failed to get prefs from path

2021-11-05 22:38:44.144453 0x40f      Activity    0xa0                 41     0    powerd (CoreFoundation) Loading Preferences From System CFPrefsD
2021-11-05 22:38:44.144480 0x40f      Activity    0xa1                 41     0    powerd (CoreFoundation) Loading Preferences From System CFPrefsD
2021-11-05 22:38:44.144519 0x40f      Default     0x0                  41     0    powerd [powerd:pmSettings] Sleep timer 2147483647 display timer 10

2021-11-05 22:38:44.144603 0x40f      Default     0x0                  41     0    powerd [powerd:assertions] Trial Initialization: Starting Timer
2021-11-05 22:38:44.144604 0x40f      Default     0x0                  41     0    powerd [powerd:systemLoad] rootDomain's user activity state:1

2021-11-05 22:38:44.144678 0x40f      Default     0x0                  41     0    powerd [powerd:lowPowerMode] LPM: Initialized PMLowPowerModeService

2021-11-05 22:38:44.144728 0x487      Default     0x0                  41     0    powerd [powerd:systemLoad] Activity changes from 0xffff to 0x0. UseActiveState:0

2021-11-05 22:38:44.144728 0x487      Default     0x0                  41     0    powerd [powerd:systemLoad] hidActive:1 displayOff:1 assertionActivityValid:0 now:0xa  hid_ts:0xa assertion_ts:0x0

2021-11-05 22:38:44.144740 0x48d      Default     0x0                  41     0    powerd [powerd:battery] posted 'com.apple.system.powersources.attach'

2021-11-05 22:38:44.144742 0x48d      Default     0x0                  41     0    powerd [powerd:battery] posted 'com.apple.system.powermanagement.poweradapter'

2021-11-05 22:38:44.144802 0x48d      Default     0x0                  41     0    powerd [powerd:batteryhealth] batteryHealthP0Threshold set to 0

2021-11-05 22:38:44.144806 0x48d      Default     0x0                  41     0    powerd [powerd:batteryhealth] batteryHealthUPOAware set to 0

2021-11-05 22:38:44.144810 0x48d      Activity    0xa2                 41     0    powerd (CoreFoundation) Loading Preferences From System CFPrefsD
2021-11-05 22:38:44.144844 0x48d      Default     0x0                  41     0    powerd [powerd:batteryhealth] Previous Battery Health: Flags:3 State:0 MaxCapacity:82 CycleCount:

2021-11-05 22:38:44.144844 0x48d      Default     0x0                  41     0    powerd [powerd:batteryhealth] calib: svcFlags pre: 0x3
2021-11-05 22:38:44.144846 0x48d      Default     0x0                  41     0    powerd [powerd:batteryhealth] calib0: device not relevant
2021-11-05 22:38:44.144846 0x48d      Default     0x0                  41     0    powerd [powerd:batteryhealth] calib: svcFlags post: 0x3
2021-11-05 22:38:44.144846 0x48d      Error       0x0                  41     0    powerd [powerd:batteryhealth] Failed to calculate Nominal Capacity percentage. NominalCapacity:0 DesignCapacity:0

2021-11-05 22:38:44.144846 0x48d      Error       0x0                  41     0    powerd [powerd:batteryhealth] Battery health UPO Aware value not set

2021-11-05 22:38:44.144846 0x48d      Error       0x0                  41     0    powerd [powerd:batteryhealth] Battery P0 threshold is not set

2021-11-05 22:38:44.144846 0x48d      Default     0x0                  41     0    powerd [powerd:batteryhealth] Unable to determine Battery Health Service state. Service Flags:0x2280003 Service State:5

2021-11-05 22:38:44.144846 0x48d      Default     0x0                  41     0    powerd [powerd:batteryhealth] calib: skipping due to precedence
2021-11-05 22:38:44.144877 0x48d      Default     0x0                  41     0    powerd [powerd:batteryhealth] Updated Battery Health: Flags:36175875 State:5 MaxCapacity:82 CycleCount:

2021-11-05 22:38:44.144878 0x48d      Default     0x0                  41     0    powerd [powerd:battery] Battery time remaining posted(0x10000001c490000) Time:0 Source:AC

2021-11-05 22:38:44.144881 0x48d      Default     0x0                  41     0    powerd [powerd:battery] posted 'com.apple.system.powersources.lowbattery'

2021-11-05 22:38:44.144882 0x48d      Default     0x0                  41     0    powerd [powerd:battery] Battery capacity change posted(0x290064). Capacity:100 Source:AC

2021-11-05 22:38:44.144882 0x48d      Default     0x0                  41     0    powerd [powerd:battery] Power Source change. Source:AC
2021-11-05 22:38:44.144886 0x48f      Default     0x0                  41     0    powerd [powerd:BDC] No match for SMC IOService. Can't start BDC
2021-11-05 22:38:44.144891 0x487      Default     0x0                  41     0    powerd [powerd:assertions] Assertion bufffer initialized. Sending high water mark notification
2021-11-05 22:38:44.145668 0x487      Default     0x0                  41     0    powerd (Trial) [com.apple.trial:_] Initializing TRIClient. Trial version: TrialXP-276
2021-11-05 22:38:44.145678 0x487      Default     0x0                  41     0    powerd (Trial) [com.apple.trial:_] <private> 0x101511bb0 (no container): using Trial root dir <private>
2021-11-05 22:38:44.145740 0x487      Default     0x0                  41     0    powerd (Trial) [com.apple.trial:_] adding update handler 0 for namespace COREOS_POWERD_ASSERTIONS
2021-11-05 22:38:44.146048 0x487      Default     0x0                  41     0    powerd (Trial) [com.apple.trial:_] Namespace resolver file not present: <private>
2021-11-05 22:38:44.146076 0x487      Default     0x0                  41     0    powerd [powerd:assertions] System Assertion Timer: feature enabled, feature flag: 1, trial value: 1
2021-11-05 22:38:44.146082 0x487      Default     0x0                  41     0    powerd [powerd:assertions] System Assertion Timer: assertion timeouts data: <private>
2021-11-05 22:38:44.146095 0x487      Default     0x0                  41     0    powerd [powerd:assertions] System Assertion Timer: setting timeout value to 600
2021-11-05 22:38:44.150516 0x489      Default     0x5b                 41     0    powerd [powerd:sleepWake] Sleep revert state: 1

2021-11-05 22:38:44.150519 0x489      Default     0x5b                 41     0    powerd [powerd:assertions] Process runningboardd.32 Created SystemIsActive "daemon<com.apple.SpringBoard>32-61-2:FBSystemShellInitialize" age:00:00:00  id:51539640323 [System: PrevIdle SysAct] 
2021-11-05 22:38:44.157436 0x48f      Default     0x0                  41     0    powerd [powerd:assertions] Aysnc Assertion: received initial connection from 35
2021-11-05 22:38:44.159424 0x48d      Default     0x0                  41     0    powerd [powerd:systemLoad] Display state: On NotificationWake : 0

2021-11-05 22:38:44.159425 0x48d      Default     0x0                  41     0    powerd [powerd:systemLoad] Activity changes from 0x0 to 0x1. UseActiveState:1

2021-11-05 22:38:44.159425 0x48d      Default     0x0                  41     0    powerd [powerd:systemLoad] hidActive:1 displayOff:0 assertionActivityValid:0 now:0xa  hid_ts:0xa assertion_ts:0x0

2021-11-05 22:38:44.195627 0x572      Default     0x0                  41     0    powerd [powerd:sleepWake] Sleep revert state: 1

2021-11-05 22:38:44.195636 0x572      Default     0x0                  41     0    powerd [powerd:assertions] Process CommCenter.89 Created SystemIsActive "com.apple.AppleBasebandManager.ServerNotReady" age:00:00:00  id:51539640337 [System: PrevIdle SysAct] 
2021-11-05 22:38:44.204436 0x572      Default     0x0                  41     0    powerd [powerd:sleepWake] Sleep revert state: 1

2021-11-05 22:38:44.204440 0x5a5      Default     0x0                  41     0    powerd [powerd:batteryhealth] Received notification for batteryHealthP0Threshold. Value set to 500

2021-11-05 22:38:44.204441 0x5a5      Default     0x0                  41     0    powerd [powerd:batteryhealth] Received notification for batteryHealthUPOAware. Value set to 5850451

2021-11-05 22:38:44.204442 0x572      Default     0x0                  41     0    powerd [powerd:assertions] Process CommCenter.89 Created SystemIsActive "com.apple.AppleBasebandManager.RadioNotReady.Bootup" age:00:00:00  id:51539640339 [System: PrevIdle SysAct] 
2021-11-05 22:38:44.223484 0x572      Default     0x0                  41     0    powerd [powerd:assertions] Aysnc Assertion: received initial connection from 85
2021-11-05 22:38:44.248250 0x48d      Default     0x0                  41     0    powerd [powerd:lowPowerMode] LPM: Deferred Init timer fired

2021-11-05 22:38:44.264740 0x5a5      Default     0x0                  41     0    powerd [powerd:assertions] Process CommCenter.89 Released SystemIsActive "com.apple.AppleBasebandManager.ServerNotReady" age:00:00:02  id:51539640337 [System: PrevIdle SysAct] 
2021-11-05 22:38:44.265035 0x572      Default     0x0                  41     0    powerd [powerd:assertions] Process CommCenter.89 Released SystemIsActive "com.apple.AppleBasebandManager.RadioNotReady.Bootup" age:00:00:02  id:51539640339 [System: PrevIdle SysAct] 
2021-11-05 22:38:44.265687 0x4eb      Default     0x0                  41     0    powerd [powerd:batteryhealth] Previous Battery Health: Flags:36175875 State:5 MaxCapacity:82 CycleCount:

2021-11-05 22:38:44.265687 0x4eb      Default     0x0                  41     0    powerd [powerd:batteryhealth] calib: svcFlags pre: 0x3
2021-11-05 22:38:44.265687 0x4eb      Default     0x0                  41     0    powerd [powerd:batteryhealth] calib0: device not relevant
2021-11-05 22:38:44.265687 0x4eb      Default     0x0                  41     0    powerd [powerd:batteryhealth] calib: svcFlags post: 0x3
2021-11-05 22:38:44.265687 0x4eb      Error       0x0                  41     0    powerd [powerd:batteryhealth] Failed to calculate Nominal Capacity percentage. NominalCapacity:0 DesignCapacity:0

2021-11-05 22:38:44.265688 0x4eb      Activity    0xa3                 41     0    powerd (CoreFoundation) Loading Preferences From System CFPrefsD
2021-11-05 22:38:44.265713 0x4eb      Error       0x0                  41     0    powerd [powerd:batteryhealth] Failed to read battery weightedRa

2021-11-05 22:38:44.265713 0x4eb      Default     0x0                  41     0    powerd [powerd:batteryhealth] Unable to determine Battery Health Service state. Service Flags:0x2200003 Service State:5

2021-11-05 22:38:44.265713 0x4eb      Default     0x0                  41     0    powerd [powerd:batteryhealth] calib: skipping due to precedence
2021-11-05 22:38:44.265727 0x4eb      Default     0x0                  41     0    powerd [powerd:batteryhealth] Updated Battery Health: Flags:35651587 State:5 MaxCapacity:82 CycleCount:

2021-11-05 22:38:44.265935 0x572      Default     0x0                  41     0    powerd [powerd:batteryhealth] Previous Battery Health: Flags:35651587 State:5 MaxCapacity:82 CycleCount:

2021-11-05 22:38:44.265935 0x572      Default     0x0                  41     0    powerd [powerd:batteryhealth] calib: svcFlags pre: 0x3
2021-11-05 22:38:44.265936 0x572      Default     0x0                  41     0    powerd [powerd:batteryhealth] calib0: device not relevant
2021-11-05 22:38:44.265936 0x572      Default     0x0                  41     0    powerd [powerd:batteryhealth] calib: svcFlags post: 0x3
2021-11-05 22:38:44.265936 0x572      Error       0x0                  41     0    powerd [powerd:batteryhealth] Failed to calculate Nominal Capacity percentage. NominalCapacity:0 DesignCapacity:0

2021-11-05 22:38:44.265936 0x572      Error       0x0                  41     0    powerd [powerd:batteryhealth] Failed to read battery weightedRa

2021-11-05 22:38:44.265936 0x572      Default     0x0                  41     0    powerd [powerd:batteryhealth] Unable to determine Battery Health Service state. Service Flags:0x2200003 Service State:5

2021-11-05 22:38:44.265936 0x572      Default     0x0                  41     0    powerd [powerd:batteryhealth] calib: skipping due to precedence
2021-11-05 22:38:44.265938 0x572      Default     0x0                  41     0    powerd [powerd:batteryhealth] Updated Battery Health: Flags:35651587 State:5 MaxCapacity:82 CycleCount:

2021-11-05 22:38:44.265959 0x4eb      Default     0x0                  41     0    powerd [powerd:batteryhealth] Previous Battery Health: Flags:35651587 State:5 MaxCapacity:82 CycleCount:

2021-11-05 22:38:44.265959 0x4eb      Default     0x0                  41     0    powerd [powerd:batteryhealth] calib: svcFlags pre: 0x3
2021-11-05 22:38:44.265959 0x4eb      Default     0x0                  41     0    powerd [powerd:batteryhealth] calib0: device not relevant
2021-11-05 22:38:44.265959 0x4eb      Default     0x0                  41     0    powerd [powerd:batteryhealth] calib: svcFlags post: 0x3
2021-11-05 22:38:44.265959 0x4eb      Error       0x0                  41     0    powerd [powerd:batteryhealth] Failed to calculate Nominal Capacity percentage. NominalCapacity:0 DesignCapacity:0

2021-11-05 22:38:44.265959 0x4eb      Error       0x0                  41     0    powerd [powerd:batteryhealth] Failed to read battery weightedRa

2021-11-05 22:38:44.265960 0x4eb      Default     0x0                  41     0    powerd [powerd:batteryhealth] Unable to determine Battery Health Service state. Service Flags:0x2200003 Service State:5

2021-11-05 22:38:44.265960 0x4eb      Default     0x0                  41     0    powerd [powerd:batteryhealth] calib: skipping due to precedence
2021-11-05 22:38:44.265961 0x4eb      Default     0x0                  41     0    powerd [powerd:batteryhealth] Updated Battery Health: Flags:35651587 State:5 MaxCapacity:82 CycleCount:

2021-11-05 22:38:44.274312 0x48d      Default     0x0                  41     0    powerd [powerd:lowPowerMode] LPM: Pluggedin=1 at init

2021-11-05 22:38:44.274580 0x48d      Default     0x0                  41     0    powerd [powerd:lowPowerMode] LPM: Battery Percentage=100% at init

2021-11-05 22:38:44.324312 0x48f      Default     0x0                  41     0    powerd [powerd:assertions] Aysnc Assertion: received initial connection from 58
2021-11-05 22:38:44.331146 0x48f      Default     0x0                  41     0    powerd [powerd:battery] Battery time remaining posted(0x10000001c4b0000) Time:0 Source:AC

2021-11-05 22:38:44.331153 0x48d      Default     0x0                  41     0    powerd [powerd:lowPowerMode] LPM: readPreferences: autoDisableThreshold=80%, autoDisableWhenPluggedIn=0

2021-11-05 22:38:44.331184 0x4eb      Default     0x7bf                41     0    powerd [powerd:sleepWake] Sleep revert state: 1

2021-11-05 22:38:44.331186 0x4eb      Default     0x7bf                41     0    powerd [powerd:assertions] Process runningboardd.32 Created SystemIsActive "daemon<com.apple.watchlistd>32-158-11:com.apple.CFNetwork.StorageDB" age:00:00:00  id:51539640342 [System: PrevIdle SysAct] 
2021-11-05 22:38:44.334712 0x48d      Default     0x0                  41     0    powerd [powerd:lowPowerMode] LPM: No previous defaults state found

2021-11-05 22:38:44.334712 0x48d      Default     0x0                  41     0    powerd [powerd:lowPowerMode] LPM: No saved state found, not auto-enabling

2021-11-05 22:38:44.339442 0x48d      Default     0x0                  41     0    powerd (FindMyDevice) [com.apple.icloud.findmydeviced:_] -[FMDFMIPManager isLostModeActive]
2021-11-05 22:38:44.339443 0x48d      Activity    0xa4                 41     0    powerd (libsystem_containermanager.dylib) container_system_path_for_identifier
2021-11-05 22:38:44.339528 0x48d      Info        0xa4                 41     0    powerd (libsystem_containermanager.dylib) [com.apple.containermanager:cache] containermanagerd not initialized yet. can't return container for group systemgroup.com.apple.icloud.findmydevice.managed in process
2021-11-05 22:38:44.339528 0x48d      Info        0xa4                 41     0    powerd (libsystem_containermanager.dylib) [com.apple.containermanager:cache] Cache miss; command = 17, identifier = <private>, groupIdentifier = systemgroup.com.apple.icloud.findmydevice.managed
2021-11-05 22:38:44.348349 0x48d      Default     0x0                  41     0    powerd (libsystem_containermanager.dylib) [com.apple.containermanager:unspecified] container_system_group_path_for_identifier: success
2021-11-05 22:38:44.348354 0x48d      Default     0x0                  41     0    powerd (FindMyDevice) [com.apple.icloud.findmydeviced:_] Shared file not found. Returning lost mode type as - FMDLostModeTypeNone
2021-11-05 22:38:44.348354 0x48d      Default     0x0                  41     0    powerd (FindMyDevice) [com.apple.icloud.findmydeviced:_] FMiP shared info has lost mode type - 0
2021-11-05 22:38:44.348354 0x48d      Default     0x0                  41     0    powerd (FindMyDevice) [com.apple.icloud.findmydeviced:_] -[FMDFMIPManager isLostModeActive] : NO
2021-11-05 22:38:44.351532 0x4eb      Default     0x9d0                41     0    powerd [powerd:sleepWake] Sleep revert state: 1

2021-11-05 22:38:44.351533 0x4eb      Default     0x9d0                41     0    powerd [powerd:assertions] Process runningboardd.32 Created SystemIsActive "daemon<com.apple.akd>32-163-12:com.apple.CFNetwork.StorageDB" age:00:00:00  id:51539640345 [System: PrevIdle SysAct] 
2021-11-05 22:38:44.378085 0x487      Default     0x0                  41     0    powerd [powerd:assertions] Aysnc Assertion: received initial connection from 147
2021-11-05 22:38:44.384609 0x48d      Default     0xa6c                41     0    powerd [powerd:sleepWake] Sleep revert state: 1

2021-11-05 22:38:44.384609 0x48d      Default     0xa6c                41     0    powerd [powerd:assertions] Process runningboardd.32 Created SystemIsActive "daemon<com.apple.nsurlsessiond>32-138-16:com.apple.CFNetwork.StorageDB" age:00:00:00  id:51539640348 [System: PrevIdle SysAct] 
2021-11-05 22:38:44.385443 0x4eb      Default     0x0                  41     0    powerd [powerd:batteryhealth] Previous Battery Health: Flags:35651587 State:5 MaxCapacity:82 CycleCount:

2021-11-05 22:38:44.385443 0x4eb      Default     0x0                  41     0    powerd [powerd:batteryhealth] calib: svcFlags pre: 0x3
2021-11-05 22:38:44.385444 0x4eb      Default     0x0                  41     0    powerd [powerd:batteryhealth] calib0: device not relevant
2021-11-05 22:38:44.385444 0x4eb      Default     0x0                  41     0    powerd [powerd:batteryhealth] calib: svcFlags post: 0x3
2021-11-05 22:38:44.387691 0x4eb      Default     0x0                  41     0    powerd [powerd:batteryhealth] Updated Battery Health: Flags:3 State:0 MaxCapacity:82 CycleCount:

2021-11-05 22:38:44.387691 0x4eb      Default     0x0                  41     0    powerd [powerd:battery] Battery capacity change posted(0xb0063). Capacity:99 Source:AC

2021-11-05 22:38:44.387692 0x4eb      Default     0x0                  41     0    powerd [powerd:battery] posted 'com.apple.system.powersources.timeremaining'

2021-11-05 22:38:44.387694 0x4eb      Default     0xb95                41     0    powerd [powerd:assertions] Process runningboardd.32 Released SystemIsActive "daemon<com.apple.akd>32-163-12:com.apple.CFNetwork.StorageDB" age:00:00:01  id:51539640345 [System: PrevIdle SysAct] 
2021-11-05 22:38:44.387741 0x5a5      Default     0xb95                41     0    powerd [powerd:assertions] Process runningboardd.32 Released SystemIsActive "daemon<com.apple.watchlistd>32-158-11:com.apple.CFNetwork.StorageDB" age:00:00:02  id:51539640342 [System: PrevIdle SysAct] 
2021-11-05 22:38:44.387896 0x5a5      Default     0x0                  41     0    powerd [powerd:lowPowerMode] LPM: monitor: batteryPercentage=99%

2021-11-05 22:38:44.389721 0x487      Default     0xb9b                41     0    powerd [powerd:sleepWake] Sleep revert state: 1

2021-11-05 22:38:44.389722 0x487      Default     0xb9b                41     0    powerd [powerd:assertions] Process runningboardd.32 Created SystemIsActive "daemon<com.apple.ind>32-175-20:com.apple.CFNetwork.StorageDB" age:00:00:00  id:51539640349 [System: PrevIdle SysAct] 
2021-11-05 22:38:44.390635 0x4eb      Default     0xbdd                41     0    powerd [powerd:sleepWake] Sleep revert state: 1

2021-11-05 22:38:44.390635 0x4eb      Default     0xbdd                41     0    powerd [powerd:assertions] Process runningboardd.32 Created SystemIsActive "daemon<com.apple.coreidvd>32-164-21:com.apple.CFNetwork.StorageDB" age:00:00:00  id:51539640350 [System: PrevIdle SysAct] 
2021-11-05 22:38:44.393965 0x487      Default     0xc04                41     0    powerd [powerd:sleepWake] Sleep revert state: 1

2021-11-05 22:38:44.875091 0x489      Default     0x1f61               41     0    powerd [powerd:assertions] Process runningboardd.32 Created SystemIsActive "daemon<com.apple.ap.promotedcontentd>32-210-56:com.apple.CFNetwork.StorageDB" age:00:00:00  id:51539640384 [System: PrevIdle SysAct] 
2021-11-05 22:38:44.876852 0x489      Error       0x0                  41     0    powerd [powerd:assertions] Async client id is not found for id 0x8002

2021-11-05 22:38:44.876855 0x489      Default     0x0                  41     0    powerd [powerd:assertions] Process mediaserverd.35 TimedOut PreventUserIdleSystemSleep "com.apple.APEndpointManagerCarPlay.timed" age:00:00:30  id:4295000066 [System: PrevIdle SysAct] 
2021-11-05 22:38:44.898813 0x487      Default     0x0                  41     0    powerd (AggregateDictionary) AggregateDictionary is deprecated and will be removed in this release. Please migrate to Core Analytics.
2021-11-05 22:38:44.905282 0x489      Default     0x200d               41     0    powerd [powerd:assertions] Process runningboardd.32 Released SystemIsActive "daemon<com.apple.ap.promotedcontentd>32-210-56:com.apple.CFNetwork.StorageDB" age:00:00:01  id:51539640384 [System: PrevIdle SysAct] 
2021-11-05 22:38:44.922467 0x487      Default     0x2092               41     0    powerd [powerd:sleepWake] Sleep revert state: 1

2021-11-05 22:38:44.922472 0x487      Default     0x2092               41     0    powerd [powerd:assertions] Process runningboardd.32 Created SystemIsActive "daemon<com.apple.amsengagementd>32-162-64:com.apple.CFNetwork.StorageDB" age:00:00:00  id:51539640385 [System: PrevIdle SysAct] 
2021-11-05 22:38:44.930296 0x487      Default     0x0                  41     0    powerd [powerd:assertions] Check assertion activity update from clients 0
2021-11-05 22:38:44.930306 0x487      Default     0x0                  41     0    powerd [powerd:assertions] checkForAssertionActivityUpdates : setting timer to fire in 5 secs
2021-11-05 22:38:44.930307 0x487      Default     0x0                  41     0    powerd [powerd:assertions] checkForAssertionActivityUpdates : setting timer to fire in 5 secs
2021-11-05 22:38:44.930469 0x487      Default     0x0                  41     0    powerd [powerd:assertions] Assertion Activity Update: logged 18 entries. New refCnt 237, overflow 0
2021-11-05 22:38:44.946263 0x487      Default     0x0                  41     0    powerd [powerd:batteryhealth] Previous Battery Health: Flags:3 State:0 MaxCapacity:82 CycleCount:

2021-11-05 22:38:44.946305 0x487      Default     0x0                  41     0    powerd [powerd:batteryhealth] calib: svcFlags pre: 0x3
2021-11-05 22:38:44.946306 0x487      Default     0x0                  41     0    powerd [powerd:batteryhealth] calib0: device not relevant
2021-11-05 22:38:44.946308 0x487      Default     0x0                  41     0    powerd [powerd:batteryhealth] calib: svcFlags post: 0x3
2021-11-05 22:38:44.946324 0x487      Default     0x0                  41     0    powerd [powerd:batteryhealth] Updated Battery Health: Flags:3 State:0 MaxCapacity:82 CycleCount:

2021-11-05 22:38:44.946347 0x487      Default     0x0                  41     0    powerd [powerd:batteryhealth] Previous Battery Health: Flags:3 State:0 MaxCapacity:82 CycleCount:

2021-11-05 22:38:44.946348 0x487      Default     0x0                  41     0    powerd [powerd:batteryhealth] calib: svcFlags pre: 0x3
2021-11-05 22:38:44.946350 0x487      Default     0x0                  41     0    powerd [powerd:batteryhealth] calib0: device not relevant
2021-11-05 22:38:44.946351 0x487      Default     0x0                  41     0    powerd [powerd:batteryhealth] calib: svcFlags post: 0x3
2021-11-05 22:38:44.946365 0x487      Default     0x0                  41     0    powerd [powerd:batteryhealth] Updated Battery Health: Flags:3 State:0 MaxCapacity:82 CycleCount:

2021-11-05 22:38:44.946465 0x487      Default     0x0                  41     0    powerd [powerd:batteryhealth] Previous Battery Health: Flags:3 State:0 MaxCapacity:82 CycleCount:

2021-11-05 22:38:44.946467 0x487      Default     0x0                  41     0    powerd [powerd:batteryhealth] calib: svcFlags pre: 0x3
2021-11-05 22:38:44.946469 0x487      Default     0x0                  41     0    powerd [powerd:batteryhealth] calib0: device not relevant
2021-11-05 22:38:44.946470 0x487      Default     0x0                  41     0    powerd [powerd:batteryhealth] calib: svcFlags post: 0x3
2021-11-05 22:38:44.946667 0x487      Default     0x0                  41     0    powerd [powerd:batteryhealth] Updated Battery Health: Flags:3 State:0 MaxCapacity:82 CycleCount:

2021-11-05 22:38:44.951835 0x48f      Default     0x20db               41     0    powerd [powerd:assertions] Process runningboardd.32 Released SystemIsActive "daemon<com.apple.amsengagementd>32-162-64:com.apple.CFNetwork.StorageDB" age:00:00:01  id:51539640385 [System: PrevIdle SysAct] 
2021-11-05 22:38:45.032643 0x489      Default     0x211c               41     0    powerd [powerd:sleepWake] Sleep revert state: 1

2021-11-05 22:38:45.032645 0x489      Default     0x211c               41     0    powerd [powerd:assertions] Process runningboardd.32 Created SystemIsActive "daemon<com.apple.atc>32-176-66:com.apple.medialibraryd 1820E7AA-1AAB-4229-A615-B23172EB14F7 Finish Task Assertion, Database transaction for library at path: /var/mobile/Media/iTunes_Control/iTunes/MediaLibrary.sqlitedb(FinishTask)" age:00:00:00  id:51539640386 [System: PrevIdle SysAct] 
2021-11-05 22:38:45.035520 0x489      Default     0x2135               41     0    powerd [powerd:assertions] Process runningboardd.32 Released SystemIsActive "daemon<com.apple.atc>32-176-66:com.apple.medialibraryd 1820E7AA-1AAB-4229-A615-B23172EB14F7 Finish Task Assertion, Database transaction for library at path: /var/mobile/Media/iTunes_Control/iTunes/MediaLibrary.sqlitedb(FinishTask)" age:00:00:00  id:51539640386 [System: PrevIdle SysAct] 
2021-11-05 22:38:45.092522 0x489      Default     0x0                  41     0    powerd [powerd:assertions] Process apsd.111 Released NoIdleSleepAssertion "com.apple.apsd-connectcouriers" age:00:00:11  id:4295000127 [System: PrevIdle SysAct] 
2021-11-05 22:38:45.212739 0x489      Default     0x0                  41     0    powerd [powerd:systemLoad] rootDomain's user activity state:0

2021-11-05 22:38:45.212739 0x489      Default     0x0                  41     0    powerd [powerd:systemLoad] Display state: Off NotificationWake : 0

2021-11-05 22:38:45.212749 0x489      Default     0x0                  41     0    powerd [powerd:systemLoad] Activity changes from 0x1 to 0x0. UseActiveState:0

2021-11-05 22:38:45.212749 0x489      Default     0x0                  41     0    powerd [powerd:systemLoad] hidActive:0 displayOff:1 assertionActivityValid:0 now:0x36  hid_ts:0x0 assertion_ts:0x0

2021-11-05 22:38:45.213259 0x489      Default     0x0                  41     0    powerd [powerd:assertions] Process locationd.68 Summary NoIdleSleepAssertion "com.apple.persistentconnection[locationd,68,com.apple.locationd.clSeparationAlertsServicePersistentTimer-PendingSimpleTimer(0x1097f1150)]" age:00:00:08  id:4295000131 [System: PrevIdle SysAct] 
2021-11-05 22:38:45.213260 0x489      Default     0x0                  41     0    powerd [powerd:assertions] Process runningboardd.32 Summary SystemIsActive "daemon<com.apple.SpringBoard>32-61-3:FBSystemApp-PreventIdleSleep" age:00:00:44  id:51539640323 [System: PrevIdle SysAct] 
2021-11-05 22:38:45.213510 0x489      Default     0x0                  41     0    powerd [powerd:assertions] Process kernel_task.0 Released Idle Sleep Preventer "AppleARMBacklight" age: id:0 [System: PrevIdle SysAct] 
2021-11-05 22:38:45.225188 0x487      Default     0x21ae               41     0    powerd [powerd:assertions] Process runningboardd.32 Released SystemIsActive "daemon<com.apple.SpringBoard>32-61-3:FBSystemApp-PreventIdleSleep" age:00:00:44  id:51539640323 [System: PrevIdle] 
2021-11-05 22:38:45.369660 0x489      Default     0x0                  41     0    powerd [powerd:assertions] Process locationd.68 Released NoIdleSleepAssertion "com.apple.persistentconnection[locationd,68,com.apple.locationd.clSeparationAlertsServicePersistentTimer-PendingSimpleTimer(0x1097f1150)]" age:00:00:14  id:4295000131 [System: PrevIdle] 
2021-11-05 22:38:45.609787 0x487      Default     0x0                  41     0    powerd [powerd:assertions] Sending assertion timeout message for id 0x8046 to 29 for 0x80040000

2021-11-05 22:38:45.609799 0x487      Default     0x0                  41     0    powerd [powerd:assertions] Process UserEventAgent.29 TimedOut PreventUserIdleSystemSleep "TEMP:com.apple.nanotimekitcompanion.snapshots.prewarm" age:00:00:14  id:4295000134 [System: PrevIdle] 
2021-11-05 22:38:45.862591 0x489      Default     0x0                  41     0    powerd [powerd:assertions] Process imagent.71 Released NoIdleSleepAssertion "com.apple.persistentconnection[imagent,71,message-watchdog-timer-PendingSimpleTimer(0x1044485c0)]" age:00:00:14  id:4295000135 [System: PrevIdle] 
2021-11-05 22:38:45.903658 0xd0b      Default     0x0                  41     0    powerd [powerd:assertions] Process locationd.68 Released NoIdleSleepAssertion "com.apple.persistentconnection[locationd,68,FenceManagerStart-PendingSimpleTimer(0x109833c30)]" age:00:00:15  id:4295000136 [System: PrevIdle] 
2021-11-05 22:38:46.258338 0xd7a      Default     0x22bf               41     0    powerd [powerd:sleepWake] Sleep revert state: 1

2021-11-05 22:38:46.258343 0xd7a      Default     0x22bf               41     0    powerd [powerd:assertions] Process runningboardd.32 Created SystemIsActive "xpcservice<com.apple.accessibility.AccessibilityUIServer(no host)>:25032-250-67:Shared Background Assertion 0 for com.apple.accessibility.AccessibilityUIServer(FinishTask)" age:00:00:00  id:51539640393 [System: PrevIdle SysAct] 
2021-11-05 22:38:46.261251 0xd7a      Default     0x2385               41     0    powerd [powerd:assertions] Process runningboardd.32 Released SystemIsActive "xpcservice<com.apple.accessibility.AccessibilityUIServer(no host)>:25032-250-67:Shared Background Assertion 0 for com.apple.accessibility.AccessibilityUIServer(FinishTask)" age:00:00:00  id:51539640393 [System: PrevIdle] 
2021-11-05 22:38:47.279661 0xe5a      Default     0x2389               41     0    powerd [powerd:sleepWake] Sleep revert state: 1

2021-11-05 22:38:47.279668 0xe5a      Default     0x2389               41     0    powerd [powerd:assertions] Process runningboardd.32 Created SystemIsActive "daemon<com.apple.akd>32-163-68:com.apple.CFNetwork.StorageDB" age:00:00:00  id:51539640394 [System: PrevIdle SysAct] 
2021-11-05 22:38:47.309120 0xe5a      Default     0x23d0               41     0    powerd [powerd:assertions] Process runningboardd.32 Released SystemIsActive "daemon<com.apple.akd>32-163-68:com.apple.CFNetwork.StorageDB" age:00:00:01  id:51539640394 [System: PrevIdle] 
2021-11-05 22:38:50.206603 0x101a     Default     0x23dc               41     0    powerd [powerd:sleepWake] Sleep revert state: 1

2021-11-05 22:38:50.206613 0x101a     Default     0x23dc               41     0    powerd [powerd:assertions] Process runningboardd.32 Created SystemIsActive "daemon<com.apple.akd>32-163-69:com.apple.CFNetwork.StorageDB" age:00:00:00  id:51539640395 [System: PrevIdle SysAct] 
2021-11-05 22:38:50.236000 0x101a     Default     0x2433               41     0    powerd [powerd:assertions] Process runningboardd.32 Released SystemIsActive "daemon<com.apple.akd>32-163-69:com.apple.CFNetwork.StorageDB" age:00:00:01  id:51539640395 [System: PrevIdle] 
2021-11-05 22:38:51.874907 0x1104     Default     0x0                  41     0    powerd [powerd:assertions] Process apsd.111 Released NoIdleSleepAssertion "com.apple.persistentconnection[apsd,111,APSTopicManager-PendingSimpleTimer(0x105239560)]" age:00:00:14  id:4295000140 [System: PrevIdle] 
2021-11-05 22:38:52.366882 0x1229     Default     0x0                  41     0    powerd [powerd:batteryhealth] Previous Battery Health: Flags:3 State:0 MaxCapacity:82 CycleCount:

2021-11-05 22:38:52.366882 0x1229     Default     0x0                  41     0    powerd [powerd:batteryhealth] calib: svcFlags pre: 0x3
2021-11-05 22:38:52.366882 0x1229     Default     0x0                  41     0    powerd [powerd:batteryhealth] calib0: device not relevant
2021-11-05 22:38:52.366882 0x1229     Default     0x0                  41     0    powerd [powerd:batteryhealth] calib: svcFlags post: 0x3
2021-11-05 22:38:52.366886 0x1229     Default     0x0                  41     0    powerd [powerd:batteryhealth] Updated Battery Health: Flags:3 State:0 MaxCapacity:82 CycleCount:

2021-11-05 22:38:52.366915 0x1229     Default     0x0                  41     0    powerd [powerd:batteryhealth] Previous Battery Health: Flags:3 State:0 MaxCapacity:82 CycleCount:

2021-11-05 22:38:52.366915 0x1229     Default     0x0                  41     0    powerd [powerd:batteryhealth] calib: svcFlags pre: 0x3
2021-11-05 22:38:52.366915 0x1229     Default     0x0                  41     0    powerd [powerd:batteryhealth] calib0: device not relevant
2021-11-05 22:38:52.366915 0x1229     Default     0x0                  41     0    powerd [powerd:batteryhealth] calib: svcFlags post: 0x3
2021-11-05 22:38:52.366918 0x1229     Default     0x0                  41     0    powerd [powerd:batteryhealth] Updated Battery Health: Flags:3 State:0 MaxCapacity:82 CycleCount:

2021-11-05 22:38:52.372386 0x1229     Default     0x0                  41     0    powerd [powerd:batteryhealth] Previous Battery Health: Flags:3 State:0 MaxCapacity:82 CycleCount:

2021-11-05 22:38:52.372387 0x1229     Default     0x0                  41     0    powerd [powerd:batteryhealth] calib: svcFlags pre: 0x3
2021-11-05 22:38:52.372387 0x1229     Default     0x0                  41     0    powerd [powerd:batteryhealth] calib0: device not relevant
2021-11-05 22:38:52.372387 0x1229     Default     0x0                  41     0    powerd [powerd:batteryhealth] calib: svcFlags post: 0x3
2021-11-05 22:38:52.372391 0x1229     Default     0x0                  41     0    powerd [powerd:batteryhealth] Updated Battery Health: Flags:3 State:0 MaxCapacity:82 CycleCount:

2021-11-05 22:38:52.372412 0x1229     Default     0x0                  41     0    powerd [powerd:batteryhealth] Previous Battery Health: Flags:3 State:0 MaxCapacity:82 CycleCount:

2021-11-05 22:38:52.372412 0x1229     Default     0x0                  41     0    powerd [powerd:batteryhealth] calib: svcFlags pre: 0x3
2021-11-05 22:38:52.372412 0x1229     Default     0x0                  41     0    powerd [powerd:batteryhealth] calib0: device not relevant
2021-11-05 22:38:52.372412 0x1229     Default     0x0                  41     0    powerd [powerd:batteryhealth] calib: svcFlags post: 0x3
2021-11-05 22:38:52.372416 0x1229     Default     0x0                  41     0    powerd [powerd:batteryhealth] Updated Battery Health: Flags:3 State:0 MaxCapacity:82 CycleCount:

2021-11-05 22:38:52.410421 0x1229     Default     0x0                  41     0    powerd [powerd:assertions] Process kernel_task.0 Released Idle Sleep Preventer "IOAccessoryUSBConnectShim" age: id:0 [System: PrevIdle] 
2021-11-05 22:38:52.410424 0x1229     Default     0x249d               41     0    powerd [powerd:sleepWake] Sleep revert state: 1

2021-11-05 22:38:52.410428 0x1229     Default     0x249d               41     0    powerd [powerd:assertions] Process runningboardd.32 Created SystemIsActive "daemon<com.apple.SpringBoard>32-61-70:FBSystemApp-PreventIdleSleep" age:00:00:00  id:51539640397 [System: PrevIdle SysAct] 
2021-11-05 22:38:52.411855 0x11e7     Default     0x0                  41     0    powerd [powerd:systemLoad] rootDomain's user activity state:1

2021-11-05 22:38:52.411855 0x11e7     Default     0x0                  41     0    powerd [powerd:systemLoad] Display state: On NotificationWake : 0

2021-11-05 22:38:52.411856 0x11e7     Default     0x0                  41     0    powerd [powerd:systemLoad] Activity changes from 0x0 to 0x2. UseActiveState:0

2021-11-05 22:38:52.411856 0x11e7     Default     0x0                  41     0    powerd [powerd:systemLoad] hidActive:0 displayOff:0 assertionActivityValid:0 now:0x162  hid_ts:0x0 assertion_ts:0x0

2021-11-05 22:38:52.413508 0x122c     Default     0x0                  41     0    powerd [powerd:battery] posted 'com.apple.system.powermanagement.poweradapter'

2021-11-05 22:38:52.413509 0x122c     Default     0x0                  41     0    powerd [powerd:battery] Battery time remaining posted(0x200000000480000) Time:0 Source:Batt

2021-11-05 22:38:52.413509 0x122c     Default     0x0                  41     0    powerd [powerd:battery] Battery capacity change posted(0x80063). Capacity:99 Source:Batt

2021-11-05 22:38:52.413509 0x122c     Default     0x0                  41     0    powerd [powerd:battery] Power Source change. Source:Batt
2021-11-05 22:38:52.414017 0x122c     Default     0x0                  41     0    powerd [powerd:assertions] Aysnc Assertion: received initial connection from 194
2021-11-05 22:38:52.414214 0x122c     Default     0x0                  41     0    powerd [powerd:assertions] Aysnc Assertion: received initial connection from 75
2021-11-05 22:38:52.414656 0x11e7     Default     0x0                  41     0    powerd [powerd:lowPowerMode] LPM: monitor: pluggedIn=0

2021-11-05 22:38:52.442824 0x11e7     Default     0x0                  41     0    powerd [powerd:battery] posted 'com.apple.system.powermanagement.poweradapter'

2021-11-05 22:38:52.442825 0x11e7     Default     0x0                  41     0    powerd [powerd:battery] Battery time remaining posted(0x10000001c490000) Time:0 Source:AC

2021-11-05 22:38:52.442826 0x11e7     Default     0x0                  41     0    powerd [powerd:battery] Battery capacity change posted(0x290063). Capacity:99 Source:AC

2021-11-05 22:38:52.442826 0x11e7     Default     0x0                  41     0    powerd [powerd:battery] Power Source change. Source:AC
2021-11-05 22:38:52.442985 0x122c     Default     0x0                  41     0    powerd [powerd:assertions] Updated properties for assertion id 0x8026(rc:0xe00002c2)

2021-11-05 22:38:52.442985 0x122c     Error       0x0                  41     0    powerd [powerd:assertions] Failed to change properties for assertion id 0x8026 (rc:0xe00002c2) for pid 35

2021-11-05 22:38:52.443256 0x1296     Default     0x0                  41     0    powerd [powerd:lowPowerMode] LPM: monitor: pluggedIn=1

2021-11-05 22:38:52.445688 0x1229     Default     0x0                  41     0    powerd [powerd:battery] Battery time remaining posted(0x10000001c4b0000) Time:0 Source:AC

2021-11-05 22:38:52.517685 0x1296     Default     0x0                  41     0    powerd [powerd:assertions] Process kernel_task.0 Released Idle Sleep Preventer "IOAccessoryUSBConnectShim" age: id:0 [System: PrevIdle SysAct] 
2021-11-05 22:38:52.518190 0x1296     Default     0x0                  41     0    powerd [powerd:battery] posted 'com.apple.system.powermanagement.poweradapter'

2021-11-05 22:38:52.518191 0x1296     Default     0x0                  41     0    powerd [powerd:battery] Battery time remaining posted(0x200000000480000) Time:0 Source:Batt

2021-11-05 22:38:52.518191 0x1296     Default     0x0                  41     0    powerd [powerd:battery] Battery capacity change posted(0x80063). Capacity:99 Source:Batt

2021-11-05 22:38:52.518200 0x1296     Default     0x0                  41     0    powerd [powerd:battery] Power Source change. Source:Batt
2021-11-05 22:38:52.518480 0x11e7     Default     0x0                  41     0    powerd [powerd:lowPowerMode] LPM: monitor: pluggedIn=0

2021-11-05 22:38:52.553079 0x11e7     Default     0x0                  41     0    powerd [powerd:battery] posted 'com.apple.system.powermanagement.poweradapter'

2021-11-05 22:38:52.553080 0x11e7     Default     0x0                  41     0    powerd [powerd:battery] Battery time remaining posted(0x10000001c490000) Time:0 Source:AC

2021-11-05 22:38:52.553080 0x11e7     Default     0x0                  41     0    powerd [powerd:battery] Battery capacity change posted(0x290063). Capacity:99 Source:AC

2021-11-05 22:38:52.553080 0x11e7     Default     0x0                  41     0    powerd [powerd:battery] Power Source change. Source:AC
2021-11-05 22:38:52.553286 0x11e7     Default     0x0                  41     0    powerd [powerd:assertions] Updated properties for assertion id 0x804f(rc:0xe00002c2)

2021-11-05 22:38:52.553286 0x11e7     Error       0x0                  41     0    powerd [powerd:assertions] Failed to change properties for assertion id 0x804f (rc:0xe00002c2) for pid 35

2021-11-05 22:38:52.554102 0x1229     Default     0x0                  41     0    powerd [powerd:lowPowerMode] LPM: monitor: pluggedIn=1

2021-11-05 22:38:52.554471 0x122c     Default     0x0                  41     0    powerd [powerd:battery] Battery time remaining posted(0x10000001c4b0000) Time:0 Source:AC

2021-11-05 22:38:53.120656 0x13ae     Default     0x276a               41     0    powerd [powerd:sleepWake] Sleep revert state: 1

2021-11-05 22:38:53.120661 0x13ae     Default     0x276a               41     0    powerd [powerd:assertions] Process runningboardd.32 Created SystemIsActive "daemon<com.apple.akd>32-163-71:com.apple.CFNetwork.StorageDB" age:00:00:00  id:51539640401 [System: PrevIdle SysAct] 
2021-11-05 22:38:53.150063 0x13ae     Default     0x28a1               41     0    powerd [powerd:assertions] Process runningboardd.32 Released SystemIsActive "daemon<com.apple.akd>32-163-71:com.apple.CFNetwork.StorageDB" age:00:00:01  id:51539640401 [System: PrevIdle SysAct] 
2021-11-05 22:38:53.349427 0x13ae     Default     0x0                  41     0    powerd [powerd:systemLoad] rootDomain's user activity state:0

2021-11-05 22:38:53.349429 0x13ae     Default     0x0                  41     0    powerd [powerd:systemLoad] Display state: Off NotificationWake : 0

2021-11-05 22:38:53.349435 0x13ae     Default     0x0                  41     0    powerd [powerd:systemLoad] Activity changes from 0x2 to 0x0. UseActiveState:0

2021-11-05 22:38:53.349445 0x13ae     Default     0x0                  41     0    powerd [powerd:systemLoad] hidActive:0 displayOff:1 assertionActivityValid:0 now:0x189  hid_ts:0x0 assertion_ts:0x0

2021-11-05 22:38:53.349523 0x13ae     Default     0x0                  41     0    powerd [powerd:assertions] Process dasd.98 Summary PreventUserIdleSystemSleep "DASActivity:com.apple.UsageTrackingAgent.activity.reset-device-activity-alarms" age:00:05:39  id:4295000133 [System: PrevIdle SysAct] 
2021-11-05 22:49:22.324171 0x3ea      Default     0x0                  41     0    powerd [powerd:prefs] Looking for MDM prefs

2021-11-05 22:49:22.324175 0x3ea      Error       0x0                  41     0    powerd [powerd:prefs] Failed to get prefs from path

2021-11-05 22:49:22.324286 0x3ea      Activity    0xb0                 41     0    powerd (CoreFoundation) Loading Preferences From System CFPrefsD
2021-11-05 22:49:22.324318 0x3ea      Activity    0xb1                 41     0    powerd (CoreFoundation) Loading Preferences From System CFPrefsD
2021-11-05 22:49:22.324352 0x3ea      Default     0x0                  41     0    powerd [powerd:pmSettings] Sleep timer 2147483647 display timer 10

2021-11-05 22:49:22.324410 0x3ea      Default     0x0                  41     0    powerd [powerd:assertions] Trial Initialization: Starting Timer
2021-11-05 22:49:22.324411 0x3ea      Default     0x0                  41     0    powerd [powerd:systemLoad] rootDomain's user activity state:1

2021-11-05 22:49:22.324533 0x3ea      Default     0x0                  41     0    powerd [powerd:lowPowerMode] LPM: Initialized PMLowPowerModeService

2021-11-05 22:49:22.324581 0x480      Default     0x0                  41     0    powerd [powerd:systemLoad] Activity changes from 0xffff to 0x0. UseActiveState:0

2021-11-05 22:49:22.324581 0x480      Default     0x0                  41     0    powerd [powerd:systemLoad] hidActive:1 displayOff:1 assertionActivityValid:0 now:0xa  hid_ts:0xa assertion_ts:0x0

2021-11-05 22:49:22.324593 0x483      Default     0x0                  41     0    powerd [powerd:battery] posted 'com.apple.system.powersources.attach'

2021-11-05 22:49:22.324595 0x483      Default     0x0                  41     0    powerd [powerd:battery] posted 'com.apple.system.powermanagement.poweradapter'

2021-11-05 22:49:22.324651 0x483      Default     0x0                  41     0    powerd [powerd:batteryhealth] batteryHealthP0Threshold set to 0

2021-11-05 22:49:22.324653 0x483      Default     0x0                  41     0    powerd [powerd:batteryhealth] batteryHealthUPOAware set to 0

2021-11-05 22:49:22.324657 0x483      Activity    0xb2                 41     0    powerd (CoreFoundation) Loading Preferences From System CFPrefsD
2021-11-05 22:49:22.324712 0x483      Default     0x0                  41     0    powerd [powerd:batteryhealth] Previous Battery Health: Flags:3 State:0 MaxCapacity:82 CycleCount:

2021-11-05 22:49:22.324712 0x483      Default     0x0                  41     0    powerd [powerd:batteryhealth] calib: svcFlags pre: 0x3
2021-11-05 22:49:22.324714 0x483      Default     0x0                  41     0    powerd [powerd:batteryhealth] calib0: device not relevant
2021-11-05 22:49:22.324714 0x483      Default     0x0                  41     0    powerd [powerd:batteryhealth] calib: svcFlags post: 0x3
2021-11-05 22:49:22.324714 0x483      Error       0x0                  41     0    powerd [powerd:batteryhealth] Failed to calculate Nominal Capacity percentage. NominalCapacity:0 DesignCapacity:0

2021-11-05 22:49:22.324714 0x483      Error       0x0                  41     0    powerd [powerd:batteryhealth] Battery health UPO Aware value not set

2021-11-05 22:49:22.324714 0x483      Error       0x0                  41     0    powerd [powerd:batteryhealth] Battery P0 threshold is not set

2021-11-05 22:49:22.324714 0x483      Default     0x0                  41     0    powerd [powerd:batteryhealth] Unable to determine Battery Health Service state. Service Flags:0x2280003 Service State:5

2021-11-05 22:49:22.324714 0x483      Default     0x0                  41     0    powerd [powerd:batteryhealth] calib: skipping due to precedence
2021-11-05 22:49:22.324744 0x483      Default     0x0                  41     0    powerd [powerd:batteryhealth] Updated Battery Health: Flags:36175875 State:5 MaxCapacity:82 CycleCount:

2021-11-05 22:49:22.324745 0x483      Default     0x0                  41     0    powerd [powerd:battery] Battery time remaining posted(0x10000001c4b0000) Time:0 Source:AC

2021-11-05 22:49:22.324749 0x483      Default     0x0                  41     0    powerd [powerd:battery] posted 'com.apple.system.powersources.lowbattery'

2021-11-05 22:49:22.324749 0x483      Default     0x0                  41     0    powerd [powerd:battery] Battery capacity change posted(0xb0064). Capacity:100 Source:AC

2021-11-05 22:49:22.324750 0x483      Default     0x0                  41     0    powerd [powerd:battery] Power Source change. Source:AC
2021-11-05 22:49:22.324754 0x482      Default     0x0                  41     0    powerd [powerd:BDC] No match for SMC IOService. Can't start BDC
2021-11-05 22:49:22.324759 0x480      Default     0x0                  41     0    powerd [powerd:assertions] Assertion bufffer initialized. Sending high water mark notification
2021-11-05 22:49:22.325485 0x480      Default     0x0                  41     0    powerd (Trial) [com.apple.trial:_] Initializing TRIClient. Trial version: TrialXP-276
2021-11-05 22:49:22.325495 0x480      Default     0x0                  41     0    powerd (Trial) [com.apple.trial:_] <private> 0x155e05900 (no container): using Trial root dir <private>
2021-11-05 22:49:22.325570 0x480      Default     0x0                  41     0    powerd (Trial) [com.apple.trial:_] adding update handler 0 for namespace COREOS_POWERD_ASSERTIONS
2021-11-05 22:49:22.325925 0x480      Default     0x0                  41     0    powerd (Trial) [com.apple.trial:_] Namespace resolver file not present: <private>
2021-11-05 22:49:22.325953 0x480      Default     0x0                  41     0    powerd [powerd:assertions] System Assertion Timer: feature enabled, feature flag: 1, trial value: 1
2021-11-05 22:49:22.325959 0x480      Default     0x0                  41     0    powerd [powerd:assertions] System Assertion Timer: assertion timeouts data: <private>
2021-11-05 22:49:22.325976 0x480      Default     0x0                  41     0    powerd [powerd:assertions] System Assertion Timer: setting timeout value to 600
2021-11-05 22:49:22.331501 0x485      Default     0x5b                 41     0    powerd [powerd:sleepWake] Sleep revert state: 1

2021-11-05 22:49:22.331502 0x485      Default     0x5b                 41     0    powerd [powerd:assertions] Process runningboardd.32 Created SystemIsActive "daemon<com.apple.SpringBoard>32-61-2:FBSystemShellInitialize" age:00:00:00  id:51539640323 [System: PrevIdle SysAct] 
2021-11-05 22:49:22.337482 0x485      Default     0x0                  41     0    powerd [powerd:assertions] Aysnc Assertion: received initial connection from 35
2021-11-05 22:49:22.341537 0x480      Default     0x0                  41     0    powerd [powerd:systemLoad] Display state: On NotificationWake : 0

2021-11-05 22:49:22.341538 0x480      Default     0x0                  41     0    powerd [powerd:systemLoad] Activity changes from 0x0 to 0x1. UseActiveState:1

2021-11-05 22:49:22.341538 0x480      Default     0x0                  41     0    powerd [powerd:systemLoad] hidActive:1 displayOff:0 assertionActivityValid:0 now:0xb  hid_ts:0xa assertion_ts:0x0

2021-11-05 22:49:22.379574 0x482      Default     0x0                  41     0    powerd [powerd:sleepWake] Sleep revert state: 1

2021-11-05 22:49:22.379576 0x482      Default     0x0                  41     0    powerd [powerd:assertions] Process CommCenter.89 Created SystemIsActive "com.apple.AppleBasebandManager.ServerNotReady" age:00:00:00  id:51539640338 [System: PrevIdle SysAct] 
2021-11-05 22:49:22.379726 0x563      Default     0x0                  41     0    powerd [powerd:sleepWake] Sleep revert state: 1

2021-11-05 22:49:22.379728 0x563      Default     0x0                  41     0    powerd [powerd:assertions] Process CommCenter.89 Created SystemIsActive "com.apple.AppleBasebandManager.RadioNotReady.Bootup" age:00:00:00  id:51539640339 [System: PrevIdle SysAct] 
2021-11-05 22:49:22.399213 0x5be      Default     0x0                  41     0    powerd [powerd:assertions] Aysnc Assertion: received initial connection from 85
2021-11-05 22:49:22.406706 0x482      Default     0x0                  41     0    powerd [powerd:lowPowerMode] LPM: Deferred Init timer fired

2021-11-05 22:49:22.418336 0x480      Default     0x0                  41     0    powerd [powerd:batteryhealth] Received notification for batteryHealthP0Threshold. Value set to 500

2021-11-05 22:49:22.418338 0x480      Default     0x0                  41     0    powerd [powerd:batteryhealth] Received notification for batteryHealthUPOAware. Value set to 5850451

2021-11-05 22:49:22.422223 0x563      Default     0x426                41     0    powerd [powerd:sleepWake] Sleep revert state: 1

2021-11-05 22:49:22.422224 0x563      Default     0x426                41     0    powerd [powerd:assertions] Process runningboardd.32 Created SystemIsActive "daemon<com.apple.nsurlsessiond>32-138-8:com.apple.CFNetwork.StorageDB" age:00:00:00  id:51539640342 [System: PrevIdle SysAct] 
2021-11-05 22:49:22.478871 0x483      Default     0x757                41     0    powerd [powerd:assertions] Process runningboardd.32 Released SystemIsActive "daemon<com.apple.nsurlsessiond>32-138-8:com.apple.CFNetwork.StorageDB" age:00:00:02  id:51539640342 [System: PrevIdle SysAct] 
2021-11-05 22:49:22.480498 0x485      Default     0x755                41     0    powerd [powerd:sleepWake] Sleep revert state: 1

2021-11-05 22:49:22.480500 0x485      Default     0x755                41     0    powerd [powerd:assertions] Process runningboardd.32 Created SystemIsActive "daemon<com.apple.akd>32-147-10:com.apple.CFNetwork.StorageDB" age:00:00:00  id:51539640344 [System: PrevIdle SysAct] 
2021-11-05 22:49:22.480727 0x483      Default     0x0                  41     0    powerd [powerd:batteryhealth] Previous Battery Health: Flags:36175875 State:5 MaxCapacity:82 CycleCount:

2021-11-05 22:49:22.480727 0x483      Default     0x0                  41     0    powerd [powerd:batteryhealth] calib: svcFlags pre: 0x3
2021-11-05 22:49:22.480727 0x483      Default     0x0                  41     0    powerd [powerd:batteryhealth] calib0: device not relevant
2021-11-05 22:49:22.480727 0x483      Default     0x0                  41     0    powerd [powerd:batteryhealth] calib: svcFlags post: 0x3
2021-11-05 22:49:22.480727 0x483      Error       0x0                  41     0    powerd [powerd:batteryhealth] Failed to calculate Nominal Capacity percentage. NominalCapacity:0 DesignCapacity:0

2021-11-05 22:49:22.480728 0x483      Activity    0xb3                 41     0    powerd (CoreFoundation) Loading Preferences From System CFPrefsD
2021-11-05 22:49:22.480739 0x483      Error       0x0                  41     0    powerd [powerd:batteryhealth] Failed to read battery weightedRa

2021-11-05 22:49:22.480739 0x483      Default     0x0                  41     0    powerd [powerd:batteryhealth] Unable to determine Battery Health Service state. Service Flags:0x2200003 Service State:5

2021-11-05 22:49:22.480739 0x483      Default     0x0                  41     0    powerd [powerd:batteryhealth] calib: skipping due to precedence
2021-11-05 22:49:22.480752 0x483      Default     0x0                  41     0    powerd [powerd:batteryhealth] Updated Battery Health: Flags:35651587 State:5 MaxCapacity:82 CycleCount:

2021-11-05 22:49:22.480944 0x482      Default     0x0                  41     0    powerd [powerd:lowPowerMode] LPM: Pluggedin=1 at init

2021-11-05 22:49:22.480964 0x563      Default     0x0                  41     0    powerd [powerd:batteryhealth] Previous Battery Health: Flags:35651587 State:5 MaxCapacity:82 CycleCount:

2021-11-05 22:49:22.480964 0x563      Default     0x0                  41     0    powerd [powerd:batteryhealth] calib: svcFlags pre: 0x3
2021-11-05 22:49:22.480964 0x563      Default     0x0                  41     0    powerd [powerd:batteryhealth] calib0: device not relevant
2021-11-05 22:49:22.480964 0x563      Default     0x0                  41     0    powerd [powerd:batteryhealth] calib: svcFlags post: 0x3
2021-11-05 22:49:22.480965 0x563      Error       0x0                  41     0    powerd [powerd:batteryhealth] Failed to calculate Nominal Capacity percentage. NominalCapacity:0 DesignCapacity:0

2021-11-05 22:49:22.480965 0x563      Error       0x0                  41     0    powerd [powerd:batteryhealth] Failed to read battery weightedRa

2021-11-05 22:49:22.480965 0x563      Default     0x0                  41     0    powerd [powerd:batteryhealth] Unable to determine Battery Health Service state. Service Flags:0x2200003 Service State:5

2021-11-05 22:49:22.480965 0x563      Default     0x0                  41     0    powerd [powerd:batteryhealth] calib: skipping due to precedence
2021-11-05 22:49:22.480969 0x563      Default     0x0                  41     0    powerd [powerd:batteryhealth] Updated Battery Health: Flags:35651587 State:5 MaxCapacity:82 CycleCount:

2021-11-05 22:49:22.480985 0x483      Default     0x0                  41     0    powerd [powerd:batteryhealth] Previous Battery Health: Flags:35651587 State:5 MaxCapacity:82 CycleCount:

2021-11-05 22:49:22.480985 0x483      Default     0x0                  41     0    powerd [powerd:batteryhealth] calib: svcFlags pre: 0x3
2021-11-05 22:49:22.480985 0x483      Default     0x0                  41     0    powerd [powerd:batteryhealth] calib0: device not relevant
2021-11-05 22:49:22.480985 0x483      Default     0x0                  41     0    powerd [powerd:batteryhealth] calib: svcFlags post: 0x3
2021-11-05 22:49:22.480985 0x483      Error       0x0                  41     0    powerd [powerd:batteryhealth] Failed to calculate Nominal Capacity percentage. NominalCapacity:0 DesignCapacity:0

2021-11-05 22:49:22.480985 0x483      Error       0x0                  41     0    powerd [powerd:batteryhealth] Failed to read battery weightedRa

2021-11-05 22:49:22.480985 0x483      Default     0x0                  41     0    powerd [powerd:batteryhealth] Unable to determine Battery Health Service state. Service Flags:0x2200003 Service State:5

2021-11-05 22:49:22.480985 0x483      Default     0x0                  41     0    powerd [powerd:batteryhealth] calib: skipping due to precedence
2021-11-05 22:49:22.480987 0x483      Default     0x0                  41     0    powerd [powerd:batteryhealth] Updated Battery Health: Flags:35651587 State:5 MaxCapacity:82 CycleCount:

2021-11-05 22:49:22.481011 0x563      Default     0x758                41     0    powerd [powerd:sleepWake] Sleep revert state: 1

2021-11-05 22:49:22.481012 0x563      Default     0x758                41     0    powerd [powerd:assertions] Process runningboardd.32 Created SystemIsActive "daemon<com.apple.ind>32-145-11:com.apple.CFNetwork.StorageDB" age:00:00:00  id:51539640345 [System: PrevIdle SysAct] 
2021-11-05 22:49:22.482162 0x482      Default     0x0                  41     0    powerd [powerd:lowPowerMode] LPM: Battery Percentage=100% at init

2021-11-05 22:49:22.482379 0x482      Default     0x0                  41     0    powerd [powerd:lowPowerMode] LPM: readPreferences: autoDisableThreshold=80%, autoDisableWhenPluggedIn=0

2021-11-05 22:49:22.482417 0x482      Default     0x0                  41     0    powerd [powerd:lowPowerMode] LPM: No previous defaults state found

2021-11-05 22:49:22.482417 0x482      Default     0x0                  41     0    powerd [powerd:lowPowerMode] LPM: No saved state found, not auto-enabling

2021-11-05 22:49:22.482418 0x482      Default     0x0                  41     0    powerd (FindMyDevice) [com.apple.icloud.findmydeviced:_] -[FMDFMIPManager isLostModeActive]
2021-11-05 22:49:22.482419 0x482      Activity    0xb4                 41     0    powerd (libsystem_containermanager.dylib) container_system_path_for_identifier
2021-11-05 22:49:22.482420 0x482      Info        0xb4                 41     0    powerd (libsystem_containermanager.dylib) [com.apple.containermanager:cache] containermanagerd not initialized yet. can't return container for group systemgroup.com.apple.icloud.findmydevice.managed in process
2021-11-05 22:49:22.482420 0x482      Info        0xb4                 41     0    powerd (libsystem_containermanager.dylib) [com.apple.containermanager:cache] Cache miss; command = 17, identifier = <private>, groupIdentifier = systemgroup.com.apple.icloud.findmydevice.managed
2021-11-05 22:49:22.493946 0x482      Default     0x0                  41     0    powerd (libsystem_containermanager.dylib) [com.apple.containermanager:unspecified] container_system_group_path_for_identifier: success
2021-11-05 22:49:22.493951 0x482      Default     0x0                  41     0    powerd (FindMyDevice) [com.apple.icloud.findmydeviced:_] Shared file not found. Returning lost mode type as - FMDLostModeTypeNone
2021-11-05 22:49:22.493951 0x482      Default     0x0                  41     0    powerd (FindMyDevice) [com.apple.icloud.findmydeviced:_] FMiP shared info has lost mode type - 0
2021-11-05 22:49:22.493952 0x482      Default     0x0                  41     0    powerd (FindMyDevice) [com.apple.icloud.findmydeviced:_] -[FMDFMIPManager isLostModeActive] : NO
2021-11-05 22:49:22.509033 0x485      Default     0x81e                41     0    powerd [powerd:assertions] Process runningboardd.32 Released SystemIsActive "daemon<com.apple.akd>32-147-10:com.apple.CFNetwork.StorageDB" age:00:00:01  id:51539640344 [System: PrevIdle SysAct] 
2021-11-05 22:49:22.518439 0x4f7      Default     0x0                  41     0    powerd [powerd:assertions] Aysnc Assertion: received initial connection from 58
2021-11-05 22:49:22.525492 0x4f7      Default     0x94f                41     0    powerd [powerd:assertions] Process runningboardd.32 Released SystemIsActive "daemon<com.apple.ind>32-145-11:com.apple.CFNetwork.StorageDB" age:00:00:01  id:51539640345 [System: PrevIdle SysAct] 
2021-11-05 22:49:22.531772 0x563      Default     0xa17                41     0    powerd [powerd:sleepWake] Sleep revert state: 1

2021-11-05 22:49:22.531773 0x563      Default     0xa17                41     0    powerd [powerd:assertions] Process runningboardd.32 Created SystemIsActive "daemon<com.apple.watchlistd>32-168-16:com.apple.CFNetwork.StorageDB" age:00:00:00  id:51539640347 [System: PrevIdle SysAct] 
2021-11-05 22:49:22.533663 0x4f7      Default     0xa1e                41     0    powerd [powerd:sleepWake] Sleep revert state: 1

2021-11-05 22:49:22.533664 0x4f7      Default     0xa1e                41     0    powerd [powerd:assertions] Process runningboardd.32 Created SystemIsActive "daemon<com.apple.bookassetd>32-165-17:com.apple.CFNetwork.StorageDB" age:00:00:00  id:51539640348 [System: PrevIdle SysAct] 
2021-11-05 22:49:22.540544 0x563      Default     0xaa9                41     0    powerd [powerd:sleepWake] Sleep revert state: 1

2021-11-05 22:49:22.540545 0x563      Default     0xaa9                41     0    powerd [powerd:assertions] Process runningboardd.32 Created SystemIsActive "daemon<com.apple.coreidvd>32-174-18:com.apple.CFNetwork.StorageDB" age:00:00:00  id:51539640349 [System: PrevIdle SysAct] 
2021-11-05 22:49:22.552748 0x563      Default     0x0                  41     0    powerd [powerd:assertions] Aysnc Assertion: received initial connection from 146
2021-11-05 22:49:22.552755 0x563      Info        0x0                  41     0    powerd (libsystem_containermanager.dylib) [com.apple.containermanager:xpc] connection <0x155e18aa0/0/0; 0x0> invalidated
2021-11-05 22:49:22.557458 0x4f7      Default     0xba2                41     0    powerd [powerd:assertions] Process runningboardd.32 Released SystemIsActive "daemon<com.apple.watchlistd>32-168-16:com.apple.CFNetwork.StorageDB" age:00:00:01  id:51539640347 [System: PrevIdle SysAct] 
2021-11-05 22:49:22.562686 0x4f7      Default     0x0                  41     0    powerd [powerd:batteryhealth] Previous Battery Health: Flags:35651587 State:5 MaxCapacity:82 CycleCount:

2021-11-05 22:49:22.562686 0x4f7      Default     0x0                  41     0    powerd [powerd:batteryhealth] calib: svcFlags pre: 0x3
2021-11-05 22:49:22.562687 0x4f7      Default     0x0                  41     0    powerd [powerd:batteryhealth] calib0: device not relevant
2021-11-05 22:49:22.562687 0x4f7      Default     0x0                  41     0    powerd [powerd:batteryhealth] calib: svcFlags post: 0x3
2021-11-05 22:49:22.569331 0x563      Default     0xbfb                41     0    powerd [powerd:assertions] Process runningboardd.32 Released SystemIsActive "daemon<com.apple.coreidvd>32-174-18:com.apple.CFNetwork.StorageDB" age:00:00:01  id:51539640349 [System: PrevIdle SysAct] 
2021-11-05 22:49:22.571912 0x4f7      Default     0x0                  41     0    powerd [powerd:batteryhealth] Updated Battery Health: Flags:3 State:0 MaxCapacity:82 CycleCount:

2021-11-05 22:49:22.571913 0x4f7      Default     0x0                  41     0    powerd [powerd:battery] Battery capacity change posted(0xb0063). Capacity:99 Source:AC

2021-11-05 22:49:22.571913 0x4f7      Default     0x0                  41     0    powerd [powerd:battery] posted 'com.apple.system.powersources.timeremaining'

2021-11-05 22:49:22.572477 0x4f7      Default     0x0                  41     0    powerd [powerd:lowPowerMode] LPM: monitor: batteryPercentage=99%

2021-11-05 22:49:22.589414 0x482      Default     0x0                  41     0    powerd [powerd:assertions] Aysnc Assertion: received initial connection from 71
2021-11-05 22:49:22.623112 0x482      Default     0xe9b                41     0    powerd [powerd:sleepWake] Sleep revert state: 1

2021-11-05 22:49:22.623113 0x482      Default     0xe9b                41     0    powerd [powerd:assertions] Process runningboardd.32 Created SystemIsActive "application<com.apple.purplebuddy>;(null):(null);32-61-23:FBApplicationProcess" age:00:00:00  id:51539640354 [System: PrevIdle SysAct] 
2021-11-05 22:49:22.630544 0x563      Default     0x0                  41     0    powerd [powerd:pmSettings] Energy Saver Prefs have changed
2021-11-05 22:49:22.633589 0x563      Default     0xe9e                41     0    powerd [powerd:sleepWake] Sleep revert state: 1

2021-11-05 22:49:22.633590 0x563      Default     0xe9e                41     0    powerd [powerd:assertions] Process runningboardd.32 Created SystemIsActive "daemon<com.apple.akd>32-147-25:com.apple.CFNetwork.StorageDB" age:00:00:00  id:51539640355 [System: PrevIdle SysAct] 
2021-11-05 22:49:22.633606 0x563      Default     0x0                  41     0    powerd [powerd:pmSettings] Energy Saver Prefs have changed
2021-11-05 22:49:22.633653 0x563      Default     0x0                  41     0    powerd [powerd:assertions] Kernel assertions 0x0

2021-11-05 22:49:22.648946 0x563      Default     0x0                  41     0    powerd [powerd:assertions] Process powerd.41 Released PreventUserIdleSystemSleep "Waiting for springboard or equivalent process to start" age:00:00:13  id:4295000065 [System: PrevIdle SysAct] 
2021-11-05 22:49:22.659283 0x563      Default     0x1070               41     0    powerd [powerd:assertions] Process runningboardd.32 Released SystemIsActive "application<com.apple.purplebuddy>;(null):(null);32-61-23:FBApplicationProcess" age:00:00:01  id:51539640354 [System: PrevIdle SysAct] 
2021-11-05 22:49:22.662779 0x563      Default     0x0                  41     0    powerd [powerd:assertions] Process CommCenter.89 Released SystemIsActive "com.apple.AppleBasebandManager.ServerNotReady" age:00:00:11  id:51539640338 [System: PrevIdle SysAct] 
2021-11-05 22:49:22.663258 0x482      Default     0x0                  41     0    powerd [powerd:assertions] Process CommCenter.89 Released SystemIsActive "com.apple.AppleBasebandManager.RadioNotReady.Bootup" age:00:00:11  id:51539640339 [System: PrevIdle SysAct] 
2021-11-05 22:49:22.668044 0x4f7      Default     0x0                  41     0    powerd [powerd:assertions] Aysnc Assertion: received initial connection from 75
2021-11-05 22:49:22.668428 0x482      Default     0x107c               41     0    powerd [powerd:assertions] Process runningboardd.32 Released SystemIsActive "daemon<com.apple.bookassetd>32-165-17:com.apple.CFNetwork.StorageDB" age:00:00:05  id:51539640348 [System: PrevIdle SysAct] 
2021-11-05 22:49:22.696081 0x482      Default     0x1120               41     0    powerd [powerd:sleepWake] Sleep revert state: 1

2021-11-05 22:49:22.696082 0x482      Default     0x1120               41     0    powerd [powerd:assertions] Process runningboardd.32 Created SystemIsActive "daemon<com.apple.appstored>32-202-36:com.apple.CFNetwork.StorageDB" age:00:00:00  id:51539640359 [System: PrevIdle SysAct] 
2021-11-05 22:49:22.696946 0x563      Default     0x1125               41     0    powerd [powerd:sleepWake] Sleep revert state: 1

2021-11-05 22:49:22.696947 0x563      Default     0x1125               41     0    powerd [powerd:assertions] Process runningboardd.32 Created SystemIsActive "daemon<com.apple.itunesstored>32-201-37:com.apple.CFNetwork.StorageDB" age:00:00:00  id:51539640360 [System: PrevIdle SysAct] 
2021-11-05 22:49:22.698188 0x563      Default     0x0                  41     0    powerd [powerd:assertions] Process mediaserverd.35 Released PreventUserIdleDisplaySleep "com.apple.audio.context200.preventuseridledisplaysleep" age:00:00:14  id:21474869263 [System: PrevIdle SysAct] 
2021-11-05 22:49:22.704852 0x4f7      Default     0x0                  41     0    powerd [powerd:assertions] Process profiled.143 Released PreventUserIdleSystemSleep "MC activity" age:00:00:09  id:4295000087 [System: PrevIdle SysAct] 
2021-11-05 22:49:22.736588 0x482      Default     0x1386               41     0    powerd [powerd:assertions] Process runningboardd.32 Released SystemIsActive "daemon<com.apple.akd>32-147-25:com.apple.CFNetwork.StorageDB" age:00:00:04  id:51539640355 [System: PrevIdle SysAct] 
2021-11-05 22:49:22.736593 0x482      Default     0x1386               41     0    powerd [powerd:assertions] Process runningboardd.32 Released SystemIsActive "daemon<com.apple.appstored>32-202-36:com.apple.CFNetwork.StorageDB" age:00:00:01  id:51539640359 [System: PrevIdle SysAct] 
2021-11-05 22:49:23.053983 0x482      Default     0x0                  41     0    powerd [powerd:assertions] Process mediaserverd.35 TimedOut PreventUserIdleSystemSleep "com.apple.APEndpointManagerCarPlay.timed" age:00:00:30  id:4295000066 [System: PrevIdle SysAct] 
2021-11-05 22:49:23.069420 0x482      Default     0x2005               41     0    powerd [powerd:assertions] Process runningboardd.32 Released SystemIsActive "daemon<com.apple.amsengagementd>32-166-58:com.apple.CFNetwork.StorageDB" age:00:00:01  id:51539640381 [System: PrevIdle SysAct] 
2021-11-05 22:49:23.069823 0x482      Default     0x0                  41     0    powerd [powerd:assertions] Aysnc Assertion: received initial connection from 98
2021-11-05 22:49:23.072425 0x482      Default     0x200a               41     0    powerd [powerd:sleepWake] Sleep revert state: 1

2021-11-05 22:49:23.072430 0x482      Default     0x200a               41     0    powerd [powerd:assertions] Process runningboardd.32 Created SystemIsActive "daemon<com.apple.ap.promotedcontentd>32-215-62:com.apple.CFNetwork.StorageDB" age:00:00:00  id:51539640383 [System: PrevIdle SysAct] 
2021-11-05 22:49:23.086639 0x482      Default     0x0                  41     0    powerd [powerd:assertions] Check assertion activity update from clients 0
2021-11-05 22:49:23.086649 0x482      Default     0x0                  41     0    powerd [powerd:assertions] checkForAssertionActivityUpdates : setting timer to fire in 5 secs
2021-11-05 22:49:23.086713 0x482      Default     0x0                  41     0    powerd [powerd:assertions] checkForAssertionActivityUpdates : setting timer to fire in 5 secs
2021-11-05 22:49:23.086845 0x5be      Default     0x0                  41     0    powerd Unexpected readFromIdx 374. arrCnt=209

2021-11-05 22:49:23.086894 0x5be      Default     0x0                  41     0    powerd [powerd:assertions] Assertion Activity Update: logged 209 entries. New refCnt 209, overflow 1
2021-11-05 22:49:23.101969 0x5be      Default     0x20f8               41     0    powerd [powerd:assertions] Process runningboardd.32 Released SystemIsActive "daemon<com.apple.ap.promotedcontentd>32-215-62:com.apple.CFNetwork.StorageDB" age:00:00:01  id:51539640383 [System: PrevIdle SysAct] 
2021-11-05 22:49:23.107730 0x5be      Default     0x0                  41     0    powerd [powerd:batteryhealth] Previous Battery Health: Flags:3 State:0 MaxCapacity:82 CycleCount:

2021-11-05 22:49:23.107967 0x5be      Default     0x0                  41     0    powerd [powerd:batteryhealth] calib: svcFlags pre: 0x3
2021-11-05 22:49:23.107978 0x5be      Default     0x0                  41     0    powerd [powerd:batteryhealth] calib0: device not relevant
2021-11-05 22:49:23.107980 0x5be      Default     0x0                  41     0    powerd [powerd:batteryhealth] calib: svcFlags post: 0x3
2021-11-05 22:49:23.107991 0x5be      Default     0x0                  41     0    powerd [powerd:batteryhealth] Updated Battery Health: Flags:3 State:0 MaxCapacity:82 CycleCount:

2021-11-05 22:49:23.108033 0x5be      Default     0x0                  41     0    powerd [powerd:batteryhealth] Previous Battery Health: Flags:3 State:0 MaxCapacity:82 CycleCount:

2021-11-05 22:49:23.108040 0x5be      Default     0x0                  41     0    powerd [powerd:batteryhealth] calib: svcFlags pre: 0x3
2021-11-05 22:49:23.108042 0x5be      Default     0x0                  41     0    powerd [powerd:batteryhealth] calib0: device not relevant
2021-11-05 22:49:23.108042 0x5be      Default     0x0                  41     0    powerd [powerd:batteryhealth] calib: svcFlags post: 0x3
2021-11-05 22:49:23.108056 0x5be      Default     0x0                  41     0    powerd [powerd:batteryhealth] Updated Battery Health: Flags:3 State:0 MaxCapacity:82 CycleCount:

2021-11-05 22:49:23.108078 0x5be      Default     0x0                  41     0    powerd [powerd:batteryhealth] Previous Battery Health: Flags:3 State:0 MaxCapacity:82 CycleCount:

2021-11-05 22:49:23.108079 0x5be      Default     0x0                  41     0    powerd [powerd:batteryhealth] calib: svcFlags pre: 0x3
2021-11-05 22:49:23.108081 0x5be      Default     0x0                  41     0    powerd [powerd:batteryhealth] calib0: device not relevant
2021-11-05 22:49:23.108084 0x5be      Default     0x0                  41     0    powerd [powerd:batteryhealth] calib: svcFlags post: 0x3
2021-11-05 22:49:23.108095 0x5be      Default     0x0                  41     0    powerd [powerd:batteryhealth] Updated Battery Health: Flags:3 State:0 MaxCapacity:82 CycleCount:

2021-11-05 22:49:23.208516 0x482      Default     0x210c               41     0    powerd [powerd:sleepWake] Sleep revert state: 1

2021-11-05 22:49:23.208519 0x482      Default     0x210c               41     0    powerd [powerd:assertions] Process runningboardd.32 Created SystemIsActive "daemon<com.apple.atc>32-181-67:com.apple.medialibraryd 018E61AD-5D19-4E67-AD59-49223A92B750 Finish Task Assertion, Database transaction for library at path: /var/mobile/Media/iTunes_Control/iTunes/MediaLibrary.sqlitedb(FinishTask)" age:00:00:00  id:51539640385 [System: PrevIdle SysAct] 
2021-11-05 22:49:23.211274 0x482      Default     0x2125               41     0    powerd [powerd:assertions] Process runningboardd.32 Released SystemIsActive "daemon<com.apple.atc>32-181-67:com.apple.medialibraryd 018E61AD-5D19-4E67-AD59-49223A92B750 Finish Task Assertion, Database transaction for library at path: /var/mobile/Media/iTunes_Control/iTunes/MediaLibrary.sqlitedb(FinishTask)" age:00:00:00  id:51539640385 [System: PrevIdle SysAct] 
2021-11-05 22:49:23.265230 0x482      Default     0x0                  41     0    powerd [powerd:assertions] Process apsd.118 Released NoIdleSleepAssertion "com.apple.apsd-connectcouriers" age:00:00:11  id:4295000126 [System: PrevIdle SysAct] 
2021-11-05 22:49:23.362596 0x482      Default     0x0                  41     0    powerd [powerd:systemLoad] rootDomain's user activity state:0

2021-11-05 22:49:23.362596 0x482      Default     0x0                  41     0    powerd [powerd:systemLoad] Display state: Off NotificationWake : 0

2021-11-05 22:49:23.362607 0x482      Default     0x0                  41     0    powerd [powerd:systemLoad] Activity changes from 0x1 to 0x0. UseActiveState:0

2021-11-05 22:49:23.362607 0x482      Default     0x0                  41     0    powerd [powerd:systemLoad] hidActive:0 displayOff:1 assertionActivityValid:0 now:0x35  hid_ts:0x0 assertion_ts:0x0

2021-11-05 22:49:23.363200 0x482      Default     0x0                  41     0    powerd [powerd:assertions] Process locationd.68 Summary NoIdleSleepAssertion "com.apple.persistentconnection[locationd,68,com.apple.locationd.clSeparationAlertsServicePersistentTimer-PendingSimpleTimer(0x1055a4410)]" age:00:00:07  id:4295000128 [System: PrevIdle SysAct] 
2021-11-05 22:49:23.363200 0x482      Default     0x0                  41     0    powerd [powerd:assertions] Process runningboardd.32 Summary SystemIsActive "daemon<com.apple.SpringBoard>32-61-3:FBSystemApp-PreventIdleSleep" age:00:00:42  id:51539640323 [System: PrevIdle SysAct] 
2021-11-05 22:49:23.363221 0x482      Default     0x0                  41     0    powerd [powerd:assertions] Process kernel_task.0 Released Idle Sleep Preventer "AppleARMBacklight" age: id:0 [System: PrevIdle SysAct] 
2021-11-05 22:55:16.212453 0x400      Default     0x0                  41     0    powerd [powerd:prefs] Looking for MDM prefs

2021-11-05 22:55:16.212457 0x400      Error       0x0                  41     0    powerd [powerd:prefs] Failed to get prefs from path

2021-11-05 22:55:16.212563 0x400      Activity    0xa0                 41     0    powerd (CoreFoundation) Loading Preferences From System CFPrefsD
2021-11-05 22:55:16.212589 0x400      Activity    0xa1                 41     0    powerd (CoreFoundation) Loading Preferences From System CFPrefsD
2021-11-05 22:55:16.212620 0x400      Default     0x0                  41     0    powerd [powerd:pmSettings] Sleep timer 2147483647 display timer 10

2021-11-05 22:55:16.212679 0x400      Default     0x0                  41     0    powerd [powerd:assertions] Trial Initialization: Starting Timer
2021-11-05 22:55:16.212680 0x400      Default     0x0                  41     0    powerd [powerd:systemLoad] rootDomain's user activity state:1

2021-11-05 22:55:16.212767 0x400      Default     0x0                  41     0    powerd [powerd:lowPowerMode] LPM: Initialized PMLowPowerModeService

2021-11-05 22:55:16.212811 0x48b      Default     0x0                  41     0    powerd [powerd:systemLoad] Activity changes from 0xffff to 0x0. UseActiveState:0

2021-11-05 22:55:16.212811 0x48b      Default     0x0                  41     0    powerd [powerd:systemLoad] hidActive:1 displayOff:1 assertionActivityValid:0 now:0xa  hid_ts:0xa assertion_ts:0x0

2021-11-05 22:55:16.212822 0x48f      Default     0x0                  41     0    powerd [powerd:battery] posted 'com.apple.system.powersources.attach'

2021-11-05 22:55:16.212824 0x48f      Default     0x0                  41     0    powerd [powerd:battery] posted 'com.apple.system.powermanagement.poweradapter'

2021-11-05 22:55:16.212884 0x48f      Default     0x0                  41     0    powerd [powerd:batteryhealth] batteryHealthP0Threshold set to 0

2021-11-05 22:55:16.212886 0x48f      Default     0x0                  41     0    powerd [powerd:batteryhealth] batteryHealthUPOAware set to 0

2021-11-05 22:55:16.212890 0x48f      Activity    0xa2                 41     0    powerd (CoreFoundation) Loading Preferences From System CFPrefsD
2021-11-05 22:55:16.212950 0x48f      Default     0x0                  41     0    powerd [powerd:batteryhealth] Previous Battery Health: Flags:3 State:0 MaxCapacity:82 CycleCount:

2021-11-05 22:55:16.212950 0x48f      Default     0x0                  41     0    powerd [powerd:batteryhealth] calib: svcFlags pre: 0x3
2021-11-05 22:55:16.212952 0x48f      Default     0x0                  41     0    powerd [powerd:batteryhealth] calib0: device not relevant
2021-11-05 22:55:16.212953 0x48f      Default     0x0                  41     0    powerd [powerd:batteryhealth] calib: svcFlags post: 0x3
2021-11-05 22:55:16.212953 0x48f      Error       0x0                  41     0    powerd [powerd:batteryhealth] Failed to calculate Nominal Capacity percentage. NominalCapacity:0 DesignCapacity:0

2021-11-05 22:55:16.212953 0x48f      Error       0x0                  41     0    powerd [powerd:batteryhealth] Battery health UPO Aware value not set

2021-11-05 22:55:16.212953 0x48f      Error       0x0                  41     0    powerd [powerd:batteryhealth] Battery P0 threshold is not set

2021-11-05 22:55:16.212953 0x48f      Default     0x0                  41     0    powerd [powerd:batteryhealth] Unable to determine Battery Health Service state. Service Flags:0x2280003 Service State:5

2021-11-05 22:55:16.212953 0x48f      Default     0x0                  41     0    powerd [powerd:batteryhealth] calib: skipping due to precedence
2021-11-05 22:55:16.212981 0x48f      Default     0x0                  41     0    powerd [powerd:batteryhealth] Updated Battery Health: Flags:36175875 State:5 MaxCapacity:82 CycleCount:

2021-11-05 22:55:16.212981 0x48f      Default     0x0                  41     0    powerd [powerd:battery] Battery time remaining posted(0x10000001c4b0000) Time:0 Source:AC

2021-11-05 22:55:16.212986 0x48f      Default     0x0                  41     0    powerd [powerd:battery] posted 'com.apple.system.powersources.lowbattery'

2021-11-05 22:55:16.212986 0x48f      Default     0x0                  41     0    powerd [powerd:battery] Battery capacity change posted(0xb0064). Capacity:100 Source:AC

2021-11-05 22:55:16.212986 0x48f      Default     0x0                  41     0    powerd [powerd:battery] Power Source change. Source:AC
2021-11-05 22:55:16.212990 0x493      Default     0x0                  41     0    powerd [powerd:BDC] No match for SMC IOService. Can't start BDC
2021-11-05 22:55:16.212995 0x48b      Default     0x0                  41     0    powerd [powerd:assertions] Assertion bufffer initialized. Sending high water mark notification
2021-11-05 22:55:16.213770 0x48b      Default     0x0                  41     0    powerd (Trial) [com.apple.trial:_] Initializing TRIClient. Trial version: TrialXP-276
2021-11-05 22:55:16.213781 0x48b      Default     0x0                  41     0    powerd (Trial) [com.apple.trial:_] <private> 0x145d0b760 (no container): using Trial root dir <private>
2021-11-05 22:55:16.213863 0x48b      Default     0x0                  41     0    powerd (Trial) [com.apple.trial:_] adding update handler 0 for namespace COREOS_POWERD_ASSERTIONS
2021-11-05 22:55:16.214171 0x48b      Default     0x0                  41     0    powerd (Trial) [com.apple.trial:_] Namespace resolver file not present: <private>
2021-11-05 22:55:16.214200 0x48b      Default     0x0                  41     0    powerd [powerd:assertions] System Assertion Timer: feature enabled, feature flag: 1, trial value: 1
2021-11-05 22:55:16.214206 0x48b      Default     0x0                  41     0    powerd [powerd:assertions] System Assertion Timer: assertion timeouts data: <private>
2021-11-05 22:55:16.214224 0x48b      Default     0x0                  41     0    powerd [powerd:assertions] System Assertion Timer: setting timeout value to 600
2021-11-05 22:55:16.217980 0x493      Default     0x4b                 41     0    powerd [powerd:sleepWake] Sleep revert state: 1

2021-11-05 22:55:16.217982 0x493      Default     0x4b                 41     0    powerd [powerd:assertions] Process runningboardd.32 Created SystemIsActive "daemon<com.apple.SpringBoard>32-61-2:FBSystemShellInitialize" age:00:00:00  id:51539640323 [System: PrevIdle SysAct] 
2021-11-05 22:55:16.225063 0x48f      Default     0x0                  41     0    powerd [powerd:systemLoad] Display state: On NotificationWake : 0

2021-11-05 22:55:16.225063 0x48f      Default     0x0                  41     0    powerd [powerd:systemLoad] Activity changes from 0x0 to 0x1. UseActiveState:1

2021-11-05 22:55:16.225063 0x48f      Default     0x0                  41     0    powerd [powerd:systemLoad] hidActive:1 displayOff:0 assertionActivityValid:0 now:0xa  hid_ts:0xa assertion_ts:0x0

2021-11-05 22:55:16.228193 0x48c      Default     0x0                  41     0    powerd [powerd:assertions] Aysnc Assertion: received initial connection from 35
2021-11-05 22:55:16.261741 0x493      Default     0x0                  41     0    powerd [powerd:lowPowerMode] LPM: Deferred Init timer fired

2021-11-05 22:55:16.266536 0x567      Default     0x0                  41     0    powerd [powerd:sleepWake] Sleep revert state: 1

2021-11-05 22:55:16.266538 0x567      Default     0x0                  41     0    powerd [powerd:assertions] Process CommCenter.89 Created SystemIsActive "com.apple.AppleBasebandManager.ServerNotReady" age:00:00:00  id:51539640338 [System: PrevIdle SysAct] 
2021-11-05 22:55:16.267717 0x567      Default     0x0                  41     0    powerd [powerd:sleepWake] Sleep revert state: 1

2021-11-05 22:55:16.267721 0x590      Default     0x0                  41     0    powerd [powerd:batteryhealth] Received notification for batteryHealthP0Threshold. Value set to 500

2021-11-05 22:55:16.267723 0x590      Default     0x0                  41     0    powerd [powerd:batteryhealth] Received notification for batteryHealthUPOAware. Value set to 5850451

2021-11-05 22:55:16.267724 0x567      Default     0x0                  41     0    powerd [powerd:assertions] Process CommCenter.89 Created SystemIsActive "com.apple.AppleBasebandManager.RadioNotReady.Bootup" age:00:00:00  id:51539640339 [System: PrevIdle SysAct] 
2021-11-05 22:55:16.280564 0x590      Default     0x0                  41     0    powerd [powerd:assertions] Aysnc Assertion: received initial connection from 85
2021-11-05 22:55:16.333746 0x48b      Default     0x0                  41     0    powerd [powerd:batteryhealth] Previous Battery Health: Flags:36175875 State:5 MaxCapacity:82 CycleCount:

2021-11-05 22:55:16.333746 0x48b      Default     0x0                  41     0    powerd [powerd:batteryhealth] calib: svcFlags pre: 0x3
2021-11-05 22:55:16.333746 0x48b      Default     0x0                  41     0    powerd [powerd:batteryhealth] calib0: device not relevant
2021-11-05 22:55:16.333746 0x48b      Default     0x0                  41     0    powerd [powerd:batteryhealth] calib: svcFlags post: 0x3
2021-11-05 22:55:16.333746 0x48b      Error       0x0                  41     0    powerd [powerd:batteryhealth] Failed to calculate Nominal Capacity percentage. NominalCapacity:0 DesignCapacity:0

2021-11-05 22:55:16.333747 0x48b      Activity    0xa3                 41     0    powerd (CoreFoundation) Loading Preferences From System CFPrefsD
2021-11-05 22:55:16.333761 0x48b      Error       0x0                  41     0    powerd [powerd:batteryhealth] Failed to read battery weightedRa

2021-11-05 22:55:16.333761 0x48b      Default     0x0                  41     0    powerd [powerd:batteryhealth] Unable to determine Battery Health Service state. Service Flags:0x2200003 Service State:5

2021-11-05 22:55:16.333761 0x48b      Default     0x0                  41     0    powerd [powerd:batteryhealth] calib: skipping due to precedence
2021-11-05 22:55:16.333777 0x48b      Default     0x0                  41     0    powerd [powerd:batteryhealth] Updated Battery Health: Flags:35651587 State:5 MaxCapacity:82 CycleCount:

2021-11-05 22:55:16.333941 0x590      Default     0x0                  41     0    powerd [powerd:batteryhealth] Previous Battery Health: Flags:35651587 State:5 MaxCapacity:82 CycleCount:

2021-11-05 22:55:16.333941 0x590      Default     0x0                  41     0    powerd [powerd:batteryhealth] calib: svcFlags pre: 0x3
2021-11-05 22:55:16.333941 0x590      Default     0x0                  41     0    powerd [powerd:batteryhealth] calib0: device not relevant
2021-11-05 22:55:16.333941 0x590      Default     0x0                  41     0    powerd [powerd:batteryhealth] calib: svcFlags post: 0x3
2021-11-05 22:55:16.333941 0x590      Error       0x0                  41     0    powerd [powerd:batteryhealth] Failed to calculate Nominal Capacity percentage. NominalCapacity:0 DesignCapacity:0

2021-11-05 22:55:16.333941 0x590      Error       0x0                  41     0    powerd [powerd:batteryhealth] Failed to read battery weightedRa

2021-11-05 22:55:16.333941 0x590      Default     0x0                  41     0    powerd [powerd:batteryhealth] Unable to determine Battery Health Service state. Service Flags:0x2200003 Service State:5

2021-11-05 22:55:16.333941 0x590      Default     0x0                  41     0    powerd [powerd:batteryhealth] calib: skipping due to precedence
2021-11-05 22:55:16.333943 0x590      Default     0x0                  41     0    powerd [powerd:batteryhealth] Updated Battery Health: Flags:35651587 State:5 MaxCapacity:82 CycleCount:

2021-11-05 22:55:16.333954 0x590      Default     0x0                  41     0    powerd [powerd:batteryhealth] Previous Battery Health: Flags:35651587 State:5 MaxCapacity:82 CycleCount:

2021-11-05 22:55:16.333954 0x590      Default     0x0                  41     0    powerd [powerd:batteryhealth] calib: svcFlags pre: 0x3
2021-11-05 22:55:16.333954 0x590      Default     0x0                  41     0    powerd [powerd:batteryhealth] calib0: device not relevant
2021-11-05 22:55:16.333954 0x590      Default     0x0                  41     0    powerd [powerd:batteryhealth] calib: svcFlags post: 0x3
2021-11-05 22:55:16.333954 0x590      Error       0x0                  41     0    powerd [powerd:batteryhealth] Failed to calculate Nominal Capacity percentage. NominalCapacity:0 DesignCapacity:0

2021-11-05 22:55:16.333955 0x590      Error       0x0                  41     0    powerd [powerd:batteryhealth] Failed to read battery weightedRa

2021-11-05 22:55:16.333955 0x590      Default     0x0                  41     0    powerd [powerd:batteryhealth] Unable to determine Battery Health Service state. Service Flags:0x2200003 Service State:5

2021-11-05 22:55:16.333955 0x590      Default     0x0                  41     0    powerd [powerd:batteryhealth] calib: skipping due to precedence
2021-11-05 22:55:16.333956 0x590      Default     0x0                  41     0    powerd [powerd:batteryhealth] Updated Battery Health: Flags:35651587 State:5 MaxCapacity:82 CycleCount:

2021-11-05 22:55:16.339466 0x48b      Default     0x0                  41     0    powerd [powerd:assertions] Process CommCenter.89 Released SystemIsActive "com.apple.AppleBasebandManager.ServerNotReady" age:00:00:03  id:51539640338 [System: PrevIdle SysAct] 
2021-11-05 22:55:16.339857 0x590      Default     0x0                  41     0    powerd [powerd:assertions] Process CommCenter.89 Released SystemIsActive "com.apple.AppleBasebandManager.RadioNotReady.Bootup" age:00:00:03  id:51539640339 [System: PrevIdle SysAct] 
2021-11-05 22:55:16.351087 0x590      Default     0x0                  41     0    powerd [powerd:assertions] Aysnc Assertion: received initial connection from 58
2021-11-05 22:55:16.407218 0x493      Default     0x0                  41     0    powerd [powerd:lowPowerMode] LPM: Pluggedin=1 at init

2021-11-05 22:55:16.407322 0x493      Default     0x0                  41     0    powerd [powerd:lowPowerMode] LPM: Battery Percentage=100% at init

2021-11-05 22:55:16.407364 0x493      Default     0x0                  41     0    powerd [powerd:lowPowerMode] LPM: readPreferences: autoDisableThreshold=80%, autoDisableWhenPluggedIn=0

2021-11-05 22:55:16.407400 0x493      Default     0x0                  41     0    powerd [powerd:lowPowerMode] LPM: No previous defaults state found

2021-11-05 22:55:16.407400 0x493      Default     0x0                  41     0    powerd [powerd:lowPowerMode] LPM: No saved state found, not auto-enabling

2021-11-05 22:55:16.407413 0x493      Default     0x0                  41     0    powerd (FindMyDevice) [com.apple.icloud.findmydeviced:_] -[FMDFMIPManager isLostModeActive]
2021-11-05 22:55:16.407414 0x493      Activity    0xa4                 41     0    powerd (libsystem_containermanager.dylib) container_system_path_for_identifier
2021-11-05 22:55:16.407416 0x493      Info        0xa4                 41     0    powerd (libsystem_containermanager.dylib) [com.apple.containermanager:cache] containermanagerd not initialized yet. can't return container for group systemgroup.com.apple.icloud.findmydevice.managed in process
2021-11-05 22:55:16.407416 0x493      Info        0xa4                 41     0    powerd (libsystem_containermanager.dylib) [com.apple.containermanager:cache] Cache miss; command = 17, identifier = <private>, groupIdentifier = systemgroup.com.apple.icloud.findmydevice.managed
2021-11-05 22:55:16.407449 0x493      Default     0x0                  41     0    powerd (libsystem_containermanager.dylib) [com.apple.containermanager:unspecified] container_system_group_path_for_identifier: success
2021-11-05 22:55:16.407454 0x493      Default     0x0                  41     0    powerd (FindMyDevice) [com.apple.icloud.findmydeviced:_] Shared file not found. Returning lost mode type as - FMDLostModeTypeNone
2021-11-05 22:55:16.407454 0x493      Default     0x0                  41     0    powerd (FindMyDevice) [com.apple.icloud.findmydeviced:_] FMiP shared info has lost mode type - 0
2021-11-05 22:55:16.407454 0x493      Default     0x0                  41     0    powerd (FindMyDevice) [com.apple.icloud.findmydeviced:_] -[FMDFMIPManager isLostModeActive] : NO
2021-11-05 22:55:16.410825 0x590      Default     0x8ad                41     0    powerd [powerd:sleepWake] Sleep revert state: 1

2021-11-05 22:55:16.410826 0x590      Default     0x8ad                41     0    powerd [powerd:assertions] Process runningboardd.32 Created SystemIsActive "daemon<com.apple.akd>32-154-9:com.apple.CFNetwork.StorageDB" age:00:00:00  id:51539640344 [System: PrevIdle SysAct] 
2021-11-05 22:55:16.410858 0x48f      Default     0x8bb                41     0    powerd [powerd:sleepWake] Sleep revert state: 1

2021-11-05 22:55:16.410859 0x48f      Default     0x8bb                41     0    powerd [powerd:assertions] Process runningboardd.32 Created SystemIsActive "daemon<com.apple.coreidvd>32-148-12:com.apple.CFNetwork.StorageDB" age:00:00:00  id:51539640345 [System: PrevIdle SysAct] 
2021-11-05 22:55:16.413684 0x48f      Default     0x8cb                41     0    powerd [powerd:sleepWake] Sleep revert state: 1

2021-11-05 22:55:16.413685 0x48f      Default     0x8cb                41     0    powerd [powerd:assertions] Process runningboardd.32 Created SystemIsActive "daemon<com.apple.bookassetd>32-151-15:com.apple.CFNetwork.StorageDB" age:00:00:00  id:51539640346 [System: PrevIdle SysAct] 
2021-11-05 22:55:16.413759 0x590      Default     0x8ce                41     0    powerd [powerd:sleepWake] Sleep revert state: 1

2021-11-05 22:55:16.413760 0x590      Default     0x8ce                41     0    powerd [powerd:assertions] Process runningboardd.32 Created SystemIsActive "daemon<com.apple.watchlistd>32-153-16:com.apple.CFNetwork.StorageDB" age:00:00:00  id:51539640347 [System: PrevIdle SysAct] 
2021-11-05 22:55:16.419731 0x48f      Default     0x0                  41     0    powerd [powerd:assertions] Aysnc Assertion: received initial connection from 165
2021-11-05 22:55:16.447376 0x590      Default     0xb90                41     0    powerd [powerd:sleepWake] Sleep revert state: 1

2021-11-05 22:55:16.447378 0x590      Default     0xb90                41     0    powerd [powerd:assertions] Process runningboardd.32 Created SystemIsActive "daemon<com.apple.nsurlsessiond>32-131-19:com.apple.CFNetwork.StorageDB" age:00:00:00  id:51539640351 [System: PrevIdle SysAct] 
2021-11-05 22:55:16.447385 0x48f      Default     0xb93                41     0    powerd [powerd:assertions] Process runningboardd.32 Released SystemIsActive "daemon<com.apple.coreidvd>32-148-12:com.apple.CFNetwork.StorageDB" age:00:00:01  id:51539640345 [System: PrevIdle SysAct] 
2021-11-05 22:55:16.447390 0x590      Default     0xb93                41     0    powerd [powerd:assertions] Process runningboardd.32 Released SystemIsActive "daemon<com.apple.watchlistd>32-153-16:com.apple.CFNetwork.StorageDB" age:00:00:01  id:51539640347 [System: PrevIdle SysAct] 
2021-11-05 22:55:16.458304 0x48f      Default     0xbcd                41     0    powerd [powerd:assertions] Process runningboardd.32 Released SystemIsActive "daemon<com.apple.akd>32-154-9:com.apple.CFNetwork.StorageDB" age:00:00:01  id:51539640344 [System: PrevIdle SysAct] 
2021-11-05 22:55:16.458330 0x493      Info        0x0                  41     0    powerd (libsystem_containermanager.dylib) [com.apple.containermanager:xpc] connection <0x145d20350/0/0; 0x0> invalidated
2021-11-05 22:55:16.458332 0x590      Default     0x0                  41     0    powerd [powerd:batteryhealth] Previous Battery Health: Flags:35651587 State:5 MaxCapacity:82 CycleCount:

2021-11-05 22:55:16.458332 0x590      Default     0x0                  41     0    powerd [powerd:batteryhealth] calib: svcFlags pre: 0x3
2021-11-05 22:55:16.458332 0x590      Default     0x0                  41     0    powerd [powerd:batteryhealth] calib0: device not relevant
2021-11-05 22:55:16.458332 0x590      Default     0x0                  41     0    powerd [powerd:batteryhealth] calib: svcFlags post: 0x3
2021-11-05 22:55:16.463768 0x590      Default     0x0                  41     0    powerd [powerd:batteryhealth] Updated Battery Health: Flags:3 State:0 MaxCapacity:82 CycleCount:

2021-11-05 22:55:16.974325 0x48c      Default     0x0                  41     0    powerd (AggregateDictionary) AggregateDictionary is deprecated and will be removed in this release. Please migrate to Core Analytics.
2021-11-05 22:55:16.975078 0x48c      Default     0x1f03               41     0    powerd [powerd:sleepWake] Sleep revert state: 1

2021-11-05 22:55:16.975081 0x48c      Default     0x1f03               41     0    powerd [powerd:assertions] Process runningboardd.32 Created SystemIsActive "daemon<com.apple.ap.promotedcontentd>32-212-54:com.apple.CFNetwork.StorageDB" age:00:00:00  id:51539640385 [System: PrevIdle SysAct] 
2021-11-05 22:55:17.004140 0x48c      Default     0x2018               41     0    powerd [powerd:assertions] Process runningboardd.32 Released SystemIsActive "daemon<com.apple.ap.promotedcontentd>32-212-54:com.apple.CFNetwork.StorageDB" age:00:00:01  id:51539640385 [System: PrevIdle SysAct] 
2021-11-05 22:55:17.006736 0x48c      Default     0x0                  41     0    powerd [powerd:assertions] Check assertion activity update from clients 0
2021-11-05 22:55:17.006760 0x48c      Default     0x0                  41     0    powerd [powerd:assertions] checkForAssertionActivityUpdates : setting timer to fire in 5 secs
2021-11-05 22:55:17.006763 0x48c      Default     0x0                  41     0    powerd [powerd:assertions] checkForAssertionActivityUpdates : setting timer to fire in 5 secs
2021-11-05 22:55:17.007095 0x48b      Default     0x0                  41     0    powerd [powerd:assertions] Assertion Activity Update: logged 37 entries. New refCnt 246, overflow 0
2021-11-05 22:55:17.024999 0x48b      Default     0x0                  41     0    powerd [powerd:batteryhealth] Previous Battery Health: Flags:3 State:0 MaxCapacity:82 CycleCount:

2021-11-05 22:55:17.025046 0x48b      Default     0x0                  41     0    powerd [powerd:batteryhealth] calib: svcFlags pre: 0x3
2021-11-05 22:55:17.025059 0x48b      Default     0x0                  41     0    powerd [powerd:batteryhealth] calib0: device not relevant
2021-11-05 22:55:17.025066 0x48b      Default     0x0                  41     0    powerd [powerd:batteryhealth] calib: svcFlags post: 0x3
2021-11-05 22:55:17.025073 0x48b      Default     0x0                  41     0    powerd [powerd:batteryhealth] Updated Battery Health: Flags:3 State:0 MaxCapacity:82 CycleCount:

2021-11-05 22:55:17.025103 0x48b      Default     0x0                  41     0    powerd [powerd:batteryhealth] Previous Battery Health: Flags:3 State:0 MaxCapacity:82 CycleCount:

2021-11-05 22:55:17.025106 0x48b      Default     0x0                  41     0    powerd [powerd:batteryhealth] calib: svcFlags pre: 0x3
2021-11-05 22:55:17.025109 0x48b      Default     0x0                  41     0    powerd [powerd:batteryhealth] calib0: device not relevant
2021-11-05 22:55:17.025112 0x48b      Default     0x0                  41     0    powerd [powerd:batteryhealth] calib: svcFlags post: 0x3
2021-11-05 22:55:17.025119 0x48b      Default     0x0                  41     0    powerd [powerd:batteryhealth] Updated Battery Health: Flags:3 State:0 MaxCapacity:82 CycleCount:

2021-11-05 22:55:17.025144 0x48b      Default     0x0                  41     0    powerd [powerd:batteryhealth] Previous Battery Health: Flags:3 State:0 MaxCapacity:82 CycleCount:

2021-11-05 22:55:17.025145 0x48b      Default     0x0                  41     0    powerd [powerd:batteryhealth] calib: svcFlags pre: 0x3
2021-11-05 22:55:17.025146 0x48b      Default     0x0                  41     0    powerd [powerd:batteryhealth] calib0: device not relevant
2021-11-05 22:55:17.025147 0x48b      Default     0x0                  41     0    powerd [powerd:batteryhealth] calib: svcFlags post: 0x3
2021-11-05 22:55:17.025158 0x48b      Default     0x0                  41     0    powerd [powerd:batteryhealth] Updated Battery Health: Flags:3 State:0 MaxCapacity:82 CycleCount:

2021-11-05 22:55:17.088608 0x48b      Default     0x2077               41     0    powerd [powerd:sleepWake] Sleep revert state: 1

2021-11-05 22:55:17.088610 0x48b      Default     0x2077               41     0    powerd [powerd:assertions] Process runningboardd.32 Created SystemIsActive "daemon<com.apple.atc>32-172-59:com.apple.medialibraryd FBBF7353-AF64-4F53-9753-C1238F32B42B Finish Task Assertion, Database transaction for library at path: /var/mobile/Media/iTunes_Control/iTunes/MediaLibrary.sqlitedb(FinishTask)" age:00:00:00  id:51539640386 [System: PrevIdle SysAct] 
2021-11-05 22:55:17.091476 0x48b      Default     0x2090               41     0    powerd [powerd:assertions] Process runningboardd.32 Released SystemIsActive "daemon<com.apple.atc>32-172-59:com.apple.medialibraryd FBBF7353-AF64-4F53-9753-C1238F32B42B Finish Task Assertion, Database transaction for library at path: /var/mobile/Media/iTunes_Control/iTunes/MediaLibrary.sqlitedb(FinishTask)" age:00:00:00  id:51539640386 [System: PrevIdle SysAct] 
2021-11-05 22:55:17.198585 0x48b      Default     0x0                  41     0    powerd [powerd:assertions] Process apsd.101 Released NoIdleSleepAssertion "com.apple.apsd-connectcouriers" age:00:00:11  id:4295000127 [System: PrevIdle SysAct] 
2021-11-05 22:55:17.271207 0x48b      Default     0x0                  41     0    powerd [powerd:systemLoad] rootDomain's user activity state:0

2021-11-05 22:55:17.271207 0x48b      Default     0x0                  41     0    powerd [powerd:systemLoad] Display state: Off NotificationWake : 0

2021-11-05 22:55:17.271257 0x48b      Default     0x0                  41     0    powerd [powerd:systemLoad] Activity changes from 0x1 to 0x0. UseActiveState:0

2021-11-05 22:55:17.271257 0x48b      Default     0x0                  41     0    powerd [powerd:systemLoad] hidActive:0 displayOff:1 assertionActivityValid:0 now:0x36  hid_ts:0x0 assertion_ts:0x0

2021-11-05 22:55:17.271432 0x48b      Default     0x0                  41     0    powerd [powerd:assertions] Process locationd.68 Summary NoIdleSleepAssertion "com.apple.persistentconnection[locationd,68,com.apple.locationd.clSeparationAlertsServicePersistentTimer-PendingSimpleTimer(0x102ed5f60)]" age:00:00:07  id:4295000131 [System: PrevIdle SysAct] 
2021-11-05 22:55:17.271433 0x48b      Default     0x0                  41     0    powerd [powerd:assertions] Process runningboardd.32 Summary SystemIsActive "daemon<com.apple.SpringBoard>32-61-3:FBSystemApp-PreventIdleSleep" age:00:00:43  id:51539640323 [System: PrevIdle SysAct] 
2021-11-05 22:55:17.271490 0x48b      Default     0x0                  41     0    powerd [powerd:assertions] Process kernel_task.0 Released Idle Sleep Preventer "AppleARMBacklight" age: id:0 [System: PrevIdle SysAct] 
2021-11-05 22:55:17.286427 0x493      Default     0x215b               41     0    powerd [powerd:assertions] Process runningboardd.32 Released SystemIsActive "daemon<com.apple.SpringBoard>32-61-3:FBSystemApp-PreventIdleSleep" age:00:00:44  id:51539640323 [System: PrevIdle] 
2021-11-05 22:55:17.454504 0x493      Default     0x0                  41     0    powerd [powerd:assertions] Process locationd.68 Released NoIdleSleepAssertion "com.apple.persistentconnection[locationd,68,com.apple.locationd.clSeparationAlertsServicePersistentTimer-PendingSimpleTimer(0x102ed5f60)]" age:00:00:14  id:4295000131 [System: PrevIdle] 
2021-11-05 22:58:40.882901 0x400      Default     0x0                  41     0    powerd [powerd:prefs] Looking for MDM prefs

2021-11-05 22:58:40.882906 0x400      Error       0x0                  41     0    powerd [powerd:prefs] Failed to get prefs from path

2021-11-05 22:58:40.883016 0x400      Activity    0x90                 41     0    powerd (CoreFoundation) Loading Preferences From System CFPrefsD
2021-11-05 22:58:40.883042 0x400      Activity    0x91                 41     0    powerd (CoreFoundation) Loading Preferences From System CFPrefsD
2021-11-05 22:58:40.883075 0x400      Default     0x0                  41     0    powerd [powerd:pmSettings] Sleep timer 2147483647 display timer 10

2021-11-05 22:58:40.883141 0x400      Default     0x0                  41     0    powerd [powerd:assertions] Trial Initialization: Starting Timer
2021-11-05 22:58:40.883141 0x400      Default     0x0                  41     0    powerd [powerd:systemLoad] rootDomain's user activity state:1

2021-11-05 22:58:40.883229 0x400      Default     0x0                  41     0    powerd [powerd:lowPowerMode] LPM: Initialized PMLowPowerModeService

2021-11-05 22:58:40.883277 0x48a      Default     0x0                  41     0    powerd [powerd:systemLoad] Activity changes from 0xffff to 0x0. UseActiveState:0

2021-11-05 22:58:40.883277 0x48a      Default     0x0                  41     0    powerd [powerd:systemLoad] hidActive:1 displayOff:1 assertionActivityValid:0 now:0xa  hid_ts:0xa assertion_ts:0x0

2021-11-05 22:58:40.883289 0x48c      Default     0x0                  41     0    powerd [powerd:battery] posted 'com.apple.system.powersources.attach'

2021-11-05 22:58:40.883290 0x48c      Default     0x0                  41     0    powerd [powerd:battery] posted 'com.apple.system.powermanagement.poweradapter'

2021-11-05 22:58:40.883356 0x48c      Default     0x0                  41     0    powerd [powerd:batteryhealth] batteryHealthP0Threshold set to 0

2021-11-05 22:58:40.883358 0x48c      Default     0x0                  41     0    powerd [powerd:batteryhealth] batteryHealthUPOAware set to 0

2021-11-05 22:58:40.883363 0x48c      Activity    0x92                 41     0    powerd (CoreFoundation) Loading Preferences From System CFPrefsD
2021-11-05 22:58:40.883401 0x48c      Default     0x0                  41     0    powerd [powerd:batteryhealth] Previous Battery Health: Flags:3 State:0 MaxCapacity:82 CycleCount:

2021-11-05 22:58:40.883401 0x48c      Default     0x0                  41     0    powerd [powerd:batteryhealth] calib: svcFlags pre: 0x3
2021-11-05 22:58:40.883403 0x48c      Default     0x0                  41     0    powerd [powerd:batteryhealth] calib0: device not relevant
2021-11-05 22:58:40.883403 0x48c      Default     0x0                  41     0    powerd [powerd:batteryhealth] calib: svcFlags post: 0x3
2021-11-05 22:58:40.883403 0x48c      Error       0x0                  41     0    powerd [powerd:batteryhealth] Failed to calculate Nominal Capacity percentage. NominalCapacity:0 DesignCapacity:0

2021-11-05 22:58:40.883403 0x48c      Error       0x0                  41     0    powerd [powerd:batteryhealth] Battery health UPO Aware value not set

2021-11-05 22:58:40.883403 0x48c      Error       0x0                  41     0    powerd [powerd:batteryhealth] Battery P0 threshold is not set

2021-11-05 22:58:40.883403 0x48c      Default     0x0                  41     0    powerd [powerd:batteryhealth] Unable to determine Battery Health Service state. Service Flags:0x2280003 Service State:5

2021-11-05 22:58:40.883403 0x48c      Default     0x0                  41     0    powerd [powerd:batteryhealth] calib: skipping due to precedence
2021-11-05 22:58:40.883429 0x48c      Default     0x0                  41     0    powerd [powerd:batteryhealth] Updated Battery Health: Flags:36175875 State:5 MaxCapacity:82 CycleCount:

2021-11-05 22:58:40.883430 0x48c      Default     0x0                  41     0    powerd [powerd:battery] Battery time remaining posted(0x10000001c4b0000) Time:0 Source:AC

2021-11-05 22:58:40.883434 0x48c      Default     0x0                  41     0    powerd [powerd:battery] posted 'com.apple.system.powersources.lowbattery'

2021-11-05 22:58:40.883434 0x48c      Default     0x0                  41     0    powerd [powerd:battery] Battery capacity change posted(0xb0064). Capacity:100 Source:AC

2021-11-05 22:58:40.883434 0x48c      Default     0x0                  41     0    powerd [powerd:battery] Power Source change. Source:AC
2021-11-05 22:58:40.883439 0x490      Default     0x0                  41     0    powerd [powerd:BDC] No match for SMC IOService. Can't start BDC
2021-11-05 22:58:40.883443 0x48a      Default     0x0                  41     0    powerd [powerd:assertions] Assertion bufffer initialized. Sending high water mark notification
2021-11-05 22:58:40.884243 0x48a      Default     0x0                  41     0    powerd (Trial) [com.apple.trial:_] Initializing TRIClient. Trial version: TrialXP-276
2021-11-05 22:58:40.884254 0x48a      Default     0x0                  41     0    powerd (Trial) [com.apple.trial:_] <private> 0x11fe11db0 (no container): using Trial root dir <private>
2021-11-05 22:58:40.884335 0x48a      Default     0x0                  41     0    powerd (Trial) [com.apple.trial:_] adding update handler 0 for namespace COREOS_POWERD_ASSERTIONS
2021-11-05 22:58:40.884624 0x48a      Default     0x0                  41     0    powerd (Trial) [com.apple.trial:_] Namespace resolver file not present: <private>
2021-11-05 22:58:40.884653 0x48a      Default     0x0                  41     0    powerd [powerd:assertions] System Assertion Timer: feature enabled, feature flag: 1, trial value: 1
2021-11-05 22:58:40.884659 0x48a      Default     0x0                  41     0    powerd [powerd:assertions] System Assertion Timer: assertion timeouts data: <private>
2021-11-05 22:58:40.884680 0x48a      Default     0x0                  41     0    powerd [powerd:assertions] System Assertion Timer: setting timeout value to 600
2021-11-05 22:58:40.888597 0x48a      Default     0x5c                 41     0    powerd [powerd:sleepWake] Sleep revert state: 1

2021-11-05 22:58:40.888598 0x48a      Default     0x5c                 41     0    powerd [powerd:assertions] Process runningboardd.32 Created SystemIsActive "daemon<com.apple.SpringBoard>32-61-2:FBSystemShellInitialize" age:00:00:00  id:51539640323 [System: PrevIdle SysAct] 
2021-11-05 22:58:40.896904 0x489      Default     0x0                  41     0    powerd [powerd:assertions] Aysnc Assertion: received initial connection from 35
2021-11-05 22:58:40.899500 0x48a      Default     0x0                  41     0    powerd [powerd:systemLoad] Display state: On NotificationWake : 0

2021-11-05 22:58:40.899501 0x48a      Default     0x0                  41     0    powerd [powerd:systemLoad] Activity changes from 0x0 to 0x1. UseActiveState:1

2021-11-05 22:58:40.899501 0x48a      Default     0x0                  41     0    powerd [powerd:systemLoad] hidActive:1 displayOff:0 assertionActivityValid:0 now:0xb  hid_ts:0xa assertion_ts:0x0

2021-11-05 22:58:40.933460 0x568      Default     0x0                  41     0    powerd [powerd:sleepWake] Sleep revert state: 1

2021-11-05 22:58:40.933463 0x568      Default     0x0                  41     0    powerd [powerd:assertions] Process CommCenter.89 Created SystemIsActive "com.apple.AppleBasebandManager.ServerNotReady" age:00:00:00  id:51539640338 [System: PrevIdle SysAct] 
2021-11-05 22:58:40.935159 0x568      Default     0x0                  41     0    powerd [powerd:batteryhealth] Received notification for batteryHealthP0Threshold. Value set to 500

2021-11-05 22:58:40.935160 0x568      Default     0x0                  41     0    powerd [powerd:batteryhealth] Received notification for batteryHealthUPOAware. Value set to 5850451

2021-11-05 22:58:40.940097 0x58f      Default     0x0                  41     0    powerd [powerd:sleepWake] Sleep revert state: 1

2021-11-05 22:58:40.940099 0x58f      Default     0x0                  41     0    powerd [powerd:assertions] Process CommCenter.89 Created SystemIsActive "com.apple.AppleBasebandManager.RadioNotReady.Bootup" age:00:00:00  id:51539640340 [System: PrevIdle SysAct] 
2021-11-05 22:58:40.951837 0x58f      Default     0x0                  41     0    powerd [powerd:assertions] Aysnc Assertion: received initial connection from 85
2021-11-05 22:58:40.976356 0x58f      Default     0x0                  41     0    powerd [powerd:batteryhealth] Previous Battery Health: Flags:36175875 State:5 MaxCapacity:82 CycleCount:

2021-11-05 22:58:40.976356 0x58f      Default     0x0                  41     0    powerd [powerd:batteryhealth] calib: svcFlags pre: 0x3
2021-11-05 22:58:40.976356 0x58f      Default     0x0                  41     0    powerd [powerd:batteryhealth] calib0: device not relevant
2021-11-05 22:58:40.976356 0x58f      Default     0x0                  41     0    powerd [powerd:batteryhealth] calib: svcFlags post: 0x3
2021-11-05 22:58:40.976356 0x58f      Error       0x0                  41     0    powerd [powerd:batteryhealth] Failed to calculate Nominal Capacity percentage. NominalCapacity:0 DesignCapacity:0

2021-11-05 22:58:40.976357 0x58f      Activity    0x93                 41     0    powerd (CoreFoundation) Loading Preferences From System CFPrefsD
2021-11-05 22:58:40.976372 0x58f      Error       0x0                  41     0    powerd [powerd:batteryhealth] Failed to read battery weightedRa

2021-11-05 22:58:40.976372 0x58f      Default     0x0                  41     0    powerd [powerd:batteryhealth] Unable to determine Battery Health Service state. Service Flags:0x2200003 Service State:5

2021-11-05 22:58:40.976372 0x58f      Default     0x0                  41     0    powerd [powerd:batteryhealth] calib: skipping due to precedence
2021-11-05 22:58:40.976384 0x58f      Default     0x0                  41     0    powerd [powerd:batteryhealth] Updated Battery Health: Flags:35651587 State:5 MaxCapacity:82 CycleCount:

2021-11-05 22:58:40.976582 0x58f      Default     0x0                  41     0    powerd [powerd:batteryhealth] Previous Battery Health: Flags:35651587 State:5 MaxCapacity:82 CycleCount:

2021-11-05 22:58:40.976582 0x58f      Default     0x0                  41     0    powerd [powerd:batteryhealth] calib: svcFlags pre: 0x3
2021-11-05 22:58:40.976582 0x58f      Default     0x0                  41     0    powerd [powerd:batteryhealth] calib0: device not relevant
2021-11-05 22:58:40.976582 0x58f      Default     0x0                  41     0    powerd [powerd:batteryhealth] calib: svcFlags post: 0x3
2021-11-05 22:58:40.976582 0x58f      Error       0x0                  41     0    powerd [powerd:batteryhealth] Failed to calculate Nominal Capacity percentage. NominalCapacity:0 DesignCapacity:0

2021-11-05 22:58:40.976582 0x58f      Error       0x0                  41     0    powerd [powerd:batteryhealth] Failed to read battery weightedRa

2021-11-05 22:58:40.976582 0x58f      Default     0x0                  41     0    powerd [powerd:batteryhealth] Unable to determine Battery Health Service state. Service Flags:0x2200003 Service State:5

2021-11-05 22:58:40.976582 0x58f      Default     0x0                  41     0    powerd [powerd:batteryhealth] calib: skipping due to precedence
2021-11-05 22:58:40.976584 0x58f      Default     0x0                  41     0    powerd [powerd:batteryhealth] Updated Battery Health: Flags:35651587 State:5 MaxCapacity:82 CycleCount:

2021-11-05 22:58:40.976599 0x58f      Default     0x0                  41     0    powerd [powerd:batteryhealth] Previous Battery Health: Flags:35651587 State:5 MaxCapacity:82 CycleCount:

2021-11-05 22:58:40.976599 0x58f      Default     0x0                  41     0    powerd [powerd:batteryhealth] calib: svcFlags pre: 0x3
2021-11-05 22:58:40.976599 0x58f      Default     0x0                  41     0    powerd [powerd:batteryhealth] calib0: device not relevant
2021-11-05 22:58:40.976599 0x58f      Default     0x0                  41     0    powerd [powerd:batteryhealth] calib: svcFlags post: 0x3
2021-11-05 22:58:40.976599 0x58f      Error       0x0                  41     0    powerd [powerd:batteryhealth] Failed to calculate Nominal Capacity percentage. NominalCapacity:0 DesignCapacity:0

2021-11-05 22:58:40.976600 0x58f      Error       0x0                  41     0    powerd [powerd:batteryhealth] Failed to read battery weightedRa

2021-11-05 22:58:40.976600 0x58f      Default     0x0                  41     0    powerd [powerd:batteryhealth] Unable to determine Battery Health Service state. Service Flags:0x2200003 Service State:5

2021-11-05 22:58:40.976600 0x58f      Default     0x0                  41     0    powerd [powerd:batteryhealth] calib: skipping due to precedence
2021-11-05 22:58:40.976602 0x58f      Default     0x0                  41     0    powerd [powerd:batteryhealth] Updated Battery Health: Flags:35651587 State:5 MaxCapacity:82 CycleCount:

2021-11-05 22:58:40.997608 0x48c      Default     0x0                  41     0    powerd [powerd:assertions] Process CommCenter.89 Released SystemIsActive "com.apple.AppleBasebandManager.ServerNotReady" age:00:00:02  id:51539640338 [System: PrevIdle SysAct] 
2021-11-05 22:58:40.997788 0x48c      Default     0x0                  41     0    powerd [powerd:assertions] Process CommCenter.89 Released SystemIsActive "com.apple.AppleBasebandManager.RadioNotReady.Bootup" age:00:00:02  id:51539640340 [System: PrevIdle SysAct] 
2021-11-05 22:58:41.031528 0x48c      Default     0x6d5                41     0    powerd [powerd:sleepWake] Sleep revert state: 1

2021-11-05 22:58:41.031529 0x48c      Default     0x6d5                41     0    powerd [powerd:assertions] Process runningboardd.32 Created SystemIsActive "daemon<com.apple.akd>32-142-9:com.apple.CFNetwork.StorageDB" age:00:00:00  id:51539640344 [System: PrevIdle SysAct] 
2021-11-05 22:58:41.055480 0x58f      Default     0x7f2                41     0    powerd [powerd:sleepWake] Sleep revert state: 1

2021-11-05 22:58:41.055481 0x58f      Default     0x7f2                41     0    powerd [powerd:assertions] Process runningboardd.32 Created SystemIsActive "daemon<com.apple.coreidvd>32-143-14:com.apple.CFNetwork.StorageDB" age:00:00:00  id:51539640345 [System: PrevIdle SysAct] 
2021-11-05 22:58:41.056555 0x58f      Default     0x0                  41     0    powerd [powerd:assertions] Aysnc Assertion: received initial connection from 58
2021-11-05 22:58:41.057992 0x58f      Default     0x7ff                41     0    powerd [powerd:sleepWake] Sleep revert state: 1

2021-11-05 22:58:41.057993 0x58f      Default     0x7ff                41     0    powerd [powerd:assertions] Process runningboardd.32 Created SystemIsActive "daemon<com.apple.watchlistd>32-147-15:com.apple.CFNetwork.StorageDB" age:00:00:00  id:51539640346 [System: PrevIdle SysAct] 
2021-11-05 22:58:41.058047 0x58f      Default     0x851                41     0    powerd [powerd:sleepWake] Sleep revert state: 1

2021-11-05 22:58:41.058048 0x58f      Default     0x851                41     0    powerd [powerd:assertions] Process runningboardd.32 Created SystemIsActive "daemon<com.apple.bookassetd>32-140-16:com.apple.CFNetwork.StorageDB" age:00:00:00  id:51539640347 [System: PrevIdle SysAct] 
2021-11-05 22:58:41.058218 0x58f      Default     0x856                41     0    powerd [powerd:assertions] Process runningboardd.32 Released SystemIsActive "daemon<com.apple.akd>32-142-9:com.apple.CFNetwork.StorageDB" age:00:00:01  id:51539640344 [System: PrevIdle SysAct] 
2021-11-05 22:58:41.076268 0x58f      Default     0x85b                41     0    powerd [powerd:sleepWake] Sleep revert state: 1

2021-11-05 22:58:41.076269 0x58f      Default     0x85b                41     0    powerd [powerd:assertions] Process runningboardd.32 Created SystemIsActive "daemon<com.apple.akd>32-142-17:com.apple.CFNetwork.StorageDB" age:00:00:00  id:51539640348 [System: PrevIdle SysAct] 
2021-11-05 22:58:41.085769 0x57d      Default     0x0                  41     0    powerd [powerd:lowPowerMode] LPM: Deferred Init timer fired

2021-11-05 22:58:41.092664 0x57d      Default     0x0                  41     0    powerd [powerd:lowPowerMode] LPM: Pluggedin=1 at init

2021-11-05 22:58:41.092670 0x57d      Default     0x0                  41     0    powerd [powerd:lowPowerMode] LPM: Battery Percentage=100% at init

2021-11-05 22:58:41.092715 0x57d      Default     0x0                  41     0    powerd [powerd:lowPowerMode] LPM: readPreferences: autoDisableThreshold=80%, autoDisableWhenPluggedIn=0

2021-11-05 22:58:41.092782 0x57d      Default     0x0                  41     0    powerd [powerd:lowPowerMode] LPM: No previous defaults state found

2021-11-05 22:58:41.092782 0x57d      Default     0x0                  41     0    powerd [powerd:lowPowerMode] LPM: No saved state found, not auto-enabling

2021-11-05 22:58:41.092786 0x57d      Default     0x0                  41     0    powerd (FindMyDevice) [com.apple.icloud.findmydeviced:_] -[FMDFMIPManager isLostModeActive]
2021-11-05 22:58:41.092789 0x57d      Activity    0x94                 41     0    powerd (libsystem_containermanager.dylib) container_system_path_for_identifier
2021-11-05 22:58:41.092791 0x57d      Info        0x94                 41     0    powerd (libsystem_containermanager.dylib) [com.apple.containermanager:cache] containermanagerd not initialized yet. can't return container for group systemgroup.com.apple.icloud.findmydevice.managed in process
2021-11-05 22:58:41.092791 0x57d      Info        0x94                 41     0    powerd (libsystem_containermanager.dylib) [com.apple.containermanager:cache] Cache miss; command = 17, identifier = <private>, groupIdentifier = systemgroup.com.apple.icloud.findmydevice.managed
2021-11-05 22:58:41.096787 0x57d      Default     0x0                  41     0    powerd (libsystem_containermanager.dylib) [com.apple.containermanager:unspecified] container_system_group_path_for_identifier: success
2021-11-05 22:58:41.096802 0x57d      Default     0x0                  41     0    powerd (FindMyDevice) [com.apple.icloud.findmydeviced:_] Shared file not found. Returning lost mode type as - FMDLostModeTypeNone
2021-11-05 22:58:41.096802 0x57d      Default     0x0                  41     0    powerd (FindMyDevice) [com.apple.icloud.findmydeviced:_] FMiP shared info has lost mode type - 0
2021-11-05 22:58:41.096802 0x57d      Default     0x0                  41     0    powerd (FindMyDevice) [com.apple.icloud.findmydeviced:_] -[FMDFMIPManager isLostModeActive] : NO
2021-11-05 22:58:41.102648 0x489      Default     0x0                  41     0    powerd [powerd:assertions] Aysnc Assertion: received initial connection from 71
2021-11-05 22:58:41.107555 0x489      Default     0xc31                41     0    powerd [powerd:assertions] Process runningboardd.32 Released SystemIsActive "daemon<com.apple.watchlistd>32-147-15:com.apple.CFNetwork.StorageDB" age:00:00:02  id:51539640346 [System: PrevIdle SysAct] 
2021-11-05 22:58:41.127723 0x57d      Default     0xc86                41     0    powerd [powerd:assertions] Process runningboardd.32 Released SystemIsActive "daemon<com.apple.coreidvd>32-143-14:com.apple.CFNetwork.StorageDB" age:00:00:03  id:51539640345 [System: PrevIdle SysAct] 
2021-11-05 22:58:41.127821 0x57d      Default     0xdc3                41     0    powerd [powerd:sleepWake] Sleep revert state: 1

2021-11-05 22:58:41.128012 0x57d      Default     0xdc3                41     0    powerd [powerd:assertions] Process runningboardd.32 Created SystemIsActive "daemon<com.apple.nsurlsessiond>32-134-21:com.apple.CFNetwork.StorageDB" age:00:00:00  id:51539640351 [System: PrevIdle SysAct] 
2021-11-05 22:58:41.131036 0x489      Default     0x0                  41     0    powerd [powerd:batteryhealth] Previous Battery Health: Flags:35651587 State:5 MaxCapacity:82 CycleCount:

2021-11-05 22:58:41.131037 0x489      Default     0x0                  41     0    powerd [powerd:batteryhealth] calib: svcFlags pre: 0x3
2021-11-05 22:58:41.131037 0x489      Default     0x0                  41     0    powerd [powerd:batteryhealth] calib0: device not relevant
2021-11-05 22:58:41.131037 0x489      Default     0x0                  41     0    powerd [powerd:batteryhealth] calib: svcFlags post: 0x3
2021-11-05 22:58:41.131325 0x57d      Default     0x0                  41     0    powerd [powerd:assertions] Aysnc Assertion: received initial connection from 170
2021-11-05 22:58:41.136672 0x489      Default     0x0                  41     0    powerd [powerd:batteryhealth] Updated Battery Health: Flags:3 State:0 MaxCapacity:82 CycleCount:

2021-11-05 22:58:41.136673 0x489      Default     0x0                  41     0    powerd [powerd:battery] Battery capacity change posted(0xb0063). Capacity:99 Source:AC

2021-11-05 22:58:41.136674 0x489      Default     0x0                  41     0    powerd [powerd:battery] posted 'com.apple.system.powersources.timeremaining'

2021-11-05 22:58:41.136707 0x57d      Default     0x0                  41     0    powerd [powerd:lowPowerMode] LPM: monitor: batteryPercentage=99%

2021-11-05 22:58:41.139258 0x489      Default     0xea9                41     0    powerd [powerd:sleepWake] Sleep revert state: 1

2021-11-05 22:58:41.139260 0x489      Default     0xea9                41     0    powerd [powerd:assertions] Process runningboardd.32 Created SystemIsActive "daemon<com.apple.ind>32-183-23:com.apple.CFNetwork.StorageDB" age:00:00:00  id:51539640354 [System: PrevIdle SysAct] 
2021-11-05 22:58:41.140063 0x48a      Default     0x0                  41     0    powerd (CoreAnalytics) [com.apple.CoreAnalytics:client] Received configuration update from daemon (initial)
2021-11-05 22:58:41.147009 0x489      Default     0xeb2                41     0    powerd [powerd:assertions] Process runningboardd.32 Released SystemIsActive "daemon<com.apple.akd>32-142-17:com.apple.CFNetwork.StorageDB" age:00:00:02  id:51539640348 [System: PrevIdle SysAct] 
2021-11-05 22:58:41.147064 0x48a      Info        0x0                  41     0    powerd (libsystem_containermanager.dylib) [com.apple.containermanager:xpc] connection <0x11fd18890/0/0; 0x0> invalidated
2021-11-05 22:58:41.157470 0x489      Default     0x0                  41     0    powerd [powerd:assertions] Aysnc Assertion: received initial connection from 181
2021-11-05 22:58:41.164034 0x489      Default     0xf28                41     0    powerd [powerd:sleepWake] Sleep revert state: 1

2021-11-05 22:58:41.164036 0x489      Default     0xf28                41     0    powerd [powerd:assertions] Process runningboardd.32 Created SystemIsActive "daemon<com.apple.akd>32-142-24:com.apple.CFNetwork.StorageDB" age:00:00:00  id:51539640356 [System: PrevIdle SysAct] 
2021-11-05 22:58:41.164071 0x489      Default     0xf77                41     0    powerd [powerd:sleepWake] Sleep revert state: 1

2021-11-05 22:58:41.164071 0x489      Default     0xf77                41     0    powerd [powerd:assertions] Process runningboardd.32 Created SystemIsActive "application<com.apple.purplebuddy>;(null):(null);32-61-25:FBApplicationProcess" age:00:00:00  id:51539640357 [System: PrevIdle SysAct] 
2021-11-05 22:58:41.180904 0x489      Default     0xfd1                41     0    powerd [powerd:assertions] Process runningboardd.32 Released SystemIsActive "daemon<com.apple.nsurlsessiond>32-134-21:com.apple.CFNetwork.StorageDB" age:00:00:02  id:51539640351 [System: PrevIdle SysAct] 
2021-11-05 22:58:41.180911 0x489      Default     0x102b               41     0    powerd [powerd:assertions] Process runningboardd.32 Released SystemIsActive "daemon<com.apple.ind>32-183-23:com.apple.CFNetwork.StorageDB" age:00:00:01  id:51539640354 [System: PrevIdle SysAct] 
2021-11-05 22:58:41.186453 0x489      Default     0x0                  41     0    powerd [powerd:assertions] Process powerd.41 Released PreventUserIdleSystemSleep "Waiting for springboard or equivalent process to start" age:00:00:12  id:4295000065 [System: PrevIdle SysAct] 
2021-11-05 22:58:41.202382 0x568      Default     0x111d               41     0    powerd [powerd:assertions] Process runningboardd.32 Released SystemIsActive "application<com.apple.purplebuddy>;(null):(null);32-61-25:FBApplicationProcess" age:00:00:01  id:51539640357 [System: PrevIdle SysAct] 
2021-11-05 22:58:41.202844 0x568      Default     0x0                  41     0    powerd [powerd:sleepWake] Sleep revert state: 1

2021-11-05 22:58:41.202846 0x568      Default     0x0                  41     0    powerd [powerd:assertions] Process CommCenter.89 Created SystemIsActive "LASD cells fetched" age:00:00:00  id:51539640360 [System: PrevIdle SysAct] 
2021-11-05 22:58:41.236071 0x568      Default     0x1196               41     0    powerd [powerd:assertions] Process runningboardd.32 Released SystemIsActive "daemon<com.apple.bookassetd>32-140-16:com.apple.CFNetwork.StorageDB" age:00:00:07  id:51539640347 [System: PrevIdle SysAct] 
2021-11-05 22:58:41.238046 0x568      Default     0x1205               41     0    powerd [powerd:sleepWake] Sleep revert state: 1

2021-11-05 22:58:41.238047 0x568      Default     0x1205               41     0    powerd [powerd:assertions] Process runningboardd.32 Created SystemIsActive "daemon<com.apple.itunesstored>32-198-36:com.apple.CFNetwork.StorageDB" age:00:00:00  id:51539640363 [System: PrevIdle SysAct] 
2021-11-05 22:58:41.247359 0x568      Default     0x12cc               41     0    powerd [powerd:sleepWake] Sleep revert state: 1

2021-11-05 22:58:41.247360 0x568      Default     0x12cc               41     0    powerd [powerd:assertions] Process runningboardd.32 Created SystemIsActive "daemon<com.apple.appstored>32-199-37:com.apple.CFNetwork.StorageDB" age:00:00:00  id:51539640366 [System: PrevIdle SysAct] 
2021-11-05 22:58:41.252832 0x568      Default     0x12dd               41     0    powerd [powerd:assertions] Process runningboardd.32 Released SystemIsActive "daemon<com.apple.akd>32-142-24:com.apple.CFNetwork.StorageDB" age:00:00:03  id:51539640356 [System: PrevIdle SysAct] 
2021-11-05 22:58:41.253859 0x568      Default     0x130a               41     0    powerd [powerd:sleepWake] Sleep revert state: 1

2021-11-05 22:58:41.529263 0x57d      Default     0x1f5a               41     0    powerd [powerd:assertions] Process runningboardd.32 Released SystemIsActive "daemon<com.apple.amsengagementd>32-149-54:com.apple.CFNetwork.StorageDB" age:00:00:01  id:51539640383 [System: PrevIdle SysAct] 
2021-11-05 22:58:41.542033 0x48a      Default     0x0                  41     0    powerd [powerd:assertions] Aysnc Assertion: received initial connection from 100
2021-11-05 22:58:41.546263 0x48a      Default     0x1ffd               41     0    powerd [powerd:sleepWake] Sleep revert state: 1

2021-11-05 22:58:41.546266 0x48a      Default     0x1ffd               41     0    powerd [powerd:assertions] Process runningboardd.32 Created SystemIsActive "daemon<com.apple.ap.promotedcontentd>32-210-64:com.apple.CFNetwork.StorageDB" age:00:00:00  id:51539640386 [System: PrevIdle SysAct] 
2021-11-05 22:58:41.552022 0x48a      Default     0x201f               41     0    powerd [powerd:assertions] Process runningboardd.32 Released SystemIsActive "daemon<com.apple.amsaccountsd>32-87-59:com.apple.CFNetwork.StorageDB" age:00:00:01  id:51539640384 [System: PrevIdle SysAct] 
2021-11-05 22:58:41.575748 0x57d      Default     0x2091               41     0    powerd [powerd:assertions] Process runningboardd.32 Released SystemIsActive "daemon<com.apple.ap.promotedcontentd>32-210-64:com.apple.CFNetwork.StorageDB" age:00:00:01  id:51539640386 [System: PrevIdle SysAct] 
2021-11-05 22:58:41.589842 0x57d      Default     0x0                  41     0    powerd [powerd:assertions] Check assertion activity update from clients 0
2021-11-05 22:58:41.589854 0x57d      Default     0x0                  41     0    powerd [powerd:assertions] checkForAssertionActivityUpdates : setting timer to fire in 5 secs
2021-11-05 22:58:41.589855 0x57d      Default     0x0                  41     0    powerd [powerd:assertions] checkForAssertionActivityUpdates : setting timer to fire in 5 secs
2021-11-05 22:58:41.590675 0x48a      Default     0x0                  41     0    powerd Unexpected readFromIdx 246. arrCnt=227

2021-11-05 22:58:41.590850 0x48a      Default     0x0                  41     0    powerd [powerd:assertions] Assertion Activity Update: logged 227 entries. New refCnt 227, overflow 1
2021-11-05 22:58:41.599556 0x48a      Error       0x0                  41     0    powerd [powerd:assertions] Async client id is not found for id 0x8002

2021-11-05 22:58:41.599567 0x48a      Default     0x0                  41     0    powerd [powerd:assertions] Process mediaserverd.35 TimedOut PreventUserIdleSystemSleep "com.apple.APEndpointManagerCarPlay.timed" age:00:00:29  id:4295000066 [System: PrevIdle SysAct] 
2021-11-05 22:58:41.613380 0x48a      Default     0x0                  41     0    powerd [powerd:batteryhealth] Previous Battery Health: Flags:3 State:0 MaxCapacity:82 CycleCount:

2021-11-05 22:58:41.613588 0x48a      Default     0x0                  41     0    powerd [powerd:batteryhealth] calib: svcFlags pre: 0x3
2021-11-05 22:58:41.613591 0x48a      Default     0x0                  41     0    powerd [powerd:batteryhealth] calib0: device not relevant
2021-11-05 22:58:41.613594 0x48a      Default     0x0                  41     0    powerd [powerd:batteryhealth] calib: svcFlags post: 0x3
2021-11-05 22:58:41.613605 0x48a      Default     0x0                  41     0    powerd [powerd:batteryhealth] Updated Battery Health: Flags:3 State:0 MaxCapacity:82 CycleCount:

2021-11-05 22:58:41.613639 0x48a      Default     0x0                  41     0    powerd [powerd:batteryhealth] Previous Battery Health: Flags:3 State:0 MaxCapacity:82 CycleCount:

2021-11-05 22:58:41.613642 0x48a      Default     0x0                  41     0    powerd [powerd:batteryhealth] calib: svcFlags pre: 0x3
2021-11-05 22:58:41.613645 0x48a      Default     0x0                  41     0    powerd [powerd:batteryhealth] calib0: device not relevant
2021-11-05 22:58:41.613648 0x48a      Default     0x0                  41     0    powerd [powerd:batteryhealth] calib: svcFlags post: 0x3
2021-11-05 22:58:41.613655 0x48a      Default     0x0                  41     0    powerd [powerd:batteryhealth] Updated Battery Health: Flags:3 State:0 MaxCapacity:82 CycleCount:

2021-11-05 22:58:41.613684 0x48a      Default     0x0                  41     0    powerd [powerd:batteryhealth] Previous Battery Health: Flags:3 State:0 MaxCapacity:82 CycleCount:

2021-11-05 22:58:41.613686 0x48a      Default     0x0                  41     0    powerd [powerd:batteryhealth] calib: svcFlags pre: 0x3
2021-11-05 22:58:41.613690 0x48a      Default     0x0                  41     0    powerd [powerd:batteryhealth] calib0: device not relevant
2021-11-05 22:58:41.613692 0x48a      Default     0x0                  41     0    powerd [powerd:batteryhealth] calib: svcFlags post: 0x3
2021-11-05 22:58:41.613708 0x48a      Default     0x0                  41     0    powerd [powerd:batteryhealth] Updated Battery Health: Flags:3 State:0 MaxCapacity:82 CycleCount:

2021-11-05 22:58:41.717366 0x48a      Default     0x217a               41     0    powerd [powerd:sleepWake] Sleep revert state: 1

2021-11-05 22:58:41.717368 0x48a      Default     0x217a               41     0    powerd [powerd:assertions] Process runningboardd.32 Created SystemIsActive "daemon<com.apple.atc>32-175-70:com.apple.medialibraryd 16394F1D-6718-44FC-878D-C8B2FFCF6906 Finish Task Assertion, Database transaction for library at path: /var/mobile/Media/iTunes_Control/iTunes/MediaLibrary.sqlitedb(FinishTask)" age:00:00:00  id:51539640389 [System: PrevIdle SysAct] 
2021-11-05 22:58:41.720146 0x48a      Default     0x2193               41     0    powerd [powerd:assertions] Process runningboardd.32 Released SystemIsActive "daemon<com.apple.atc>32-175-70:com.apple.medialibraryd 16394F1D-6718-44FC-878D-C8B2FFCF6906 Finish Task Assertion, Database transaction for library at path: /var/mobile/Media/iTunes_Control/iTunes/MediaLibrary.sqlitedb(FinishTask)" age:00:00:00  id:51539640389 [System: PrevIdle SysAct] 
2021-11-05 22:58:41.767376 0x48a      Default     0x0                  41     0    powerd [powerd:assertions] Process apsd.107 Released NoIdleSleepAssertion "com.apple.apsd-connectcouriers" age:00:00:11  id:4295000129 [System: PrevIdle SysAct] 
2021-11-05 22:58:41.902738 0x57d      Default     0x0                  41     0    powerd [powerd:systemLoad] rootDomain's user activity state:0

2021-11-05 22:58:41.902738 0x57d      Default     0x0                  41     0    powerd [powerd:systemLoad] Display state: Off NotificationWake : 0

2021-11-05 22:58:41.902748 0x57d      Default     0x0                  41     0    powerd [powerd:systemLoad] Activity changes from 0x1 to 0x0. UseActiveState:0

2021-11-05 22:58:41.902748 0x57d      Default     0x0                  41     0    powerd [powerd:systemLoad] hidActive:0 displayOff:1 assertionActivityValid:0 now:0x34  hid_ts:0x0 assertion_ts:0x0

2021-11-05 22:58:41.903019 0x57d      Default     0x0                  41     0    powerd [powerd:assertions] Process locationd.68 Summary NoIdleSleepAssertion "com.apple.persistentconnection[locationd,68,com.apple.locationd.clSeparationAlertsServicePersistentTimer-PendingSimpleTimer(0x105e04160)]" age:00:00:08  id:4295000132 [System: PrevIdle SysAct] 
2021-11-05 23:02:38.516079 0x413      Default     0x0                  41     0    powerd [powerd:prefs] Looking for MDM prefs

2021-11-05 23:02:38.516083 0x413      Error       0x0                  41     0    powerd [powerd:prefs] Failed to get prefs from path

2021-11-05 23:02:38.516191 0x413      Activity    0x90                 41     0    powerd (CoreFoundation) Loading Preferences From System CFPrefsD
2021-11-05 23:02:38.516216 0x413      Activity    0x91                 41     0    powerd (CoreFoundation) Loading Preferences From System CFPrefsD
2021-11-05 23:02:38.516255 0x413      Default     0x0                  41     0    powerd [powerd:pmSettings] Sleep timer 2147483647 display timer 10

2021-11-05 23:02:38.516326 0x413      Default     0x0                  41     0    powerd [powerd:assertions] Trial Initialization: Starting Timer
2021-11-05 23:02:38.516327 0x413      Default     0x0                  41     0    powerd [powerd:systemLoad] rootDomain's user activity state:1

2021-11-05 23:02:38.516399 0x413      Default     0x0                  41     0    powerd [powerd:lowPowerMode] LPM: Initialized PMLowPowerModeService

2021-11-05 23:02:38.516441 0x480      Default     0x0                  41     0    powerd [powerd:systemLoad] Activity changes from 0xffff to 0x0. UseActiveState:0

2021-11-05 23:02:38.516441 0x480      Default     0x0                  41     0    powerd [powerd:systemLoad] hidActive:1 displayOff:1 assertionActivityValid:0 now:0xa  hid_ts:0xa assertion_ts:0x0

2021-11-05 23:02:38.516452 0x482      Default     0x0                  41     0    powerd [powerd:battery] posted 'com.apple.system.powersources.attach'

2021-11-05 23:02:38.516453 0x482      Default     0x0                  41     0    powerd [powerd:battery] posted 'com.apple.system.powermanagement.poweradapter'

2021-11-05 23:02:38.516511 0x482      Default     0x0                  41     0    powerd [powerd:batteryhealth] batteryHealthP0Threshold set to 0

2021-11-05 23:02:38.516513 0x482      Default     0x0                  41     0    powerd [powerd:batteryhealth] batteryHealthUPOAware set to 0

2021-11-05 23:02:38.516517 0x482      Activity    0x92                 41     0    powerd (CoreFoundation) Loading Preferences From System CFPrefsD
2021-11-05 23:02:38.516550 0x482      Default     0x0                  41     0    powerd [powerd:batteryhealth] Previous Battery Health: Flags:3 State:0 MaxCapacity:82 CycleCount:

2021-11-05 23:02:38.516550 0x482      Default     0x0                  41     0    powerd [powerd:batteryhealth] calib: svcFlags pre: 0x3
2021-11-05 23:02:38.516551 0x482      Default     0x0                  41     0    powerd [powerd:batteryhealth] calib0: device not relevant
2021-11-05 23:02:38.516551 0x482      Default     0x0                  41     0    powerd [powerd:batteryhealth] calib: svcFlags post: 0x3
2021-11-05 23:02:38.516552 0x482      Error       0x0                  41     0    powerd [powerd:batteryhealth] Failed to calculate Nominal Capacity percentage. NominalCapacity:0 DesignCapacity:0

2021-11-05 23:02:38.516552 0x482      Error       0x0                  41     0    powerd [powerd:batteryhealth] Battery health UPO Aware value not set

2021-11-05 23:02:38.516552 0x482      Error       0x0                  41     0    powerd [powerd:batteryhealth] Battery P0 threshold is not set

2021-11-05 23:02:38.516552 0x482      Default     0x0                  41     0    powerd [powerd:batteryhealth] Unable to determine Battery Health Service state. Service Flags:0x2280003 Service State:5

2021-11-05 23:02:38.516552 0x482      Default     0x0                  41     0    powerd [powerd:batteryhealth] calib: skipping due to precedence
2021-11-05 23:02:38.516578 0x482      Default     0x0                  41     0    powerd [powerd:batteryhealth] Updated Battery Health: Flags:36175875 State:5 MaxCapacity:82 CycleCount:

2021-11-05 23:02:38.516579 0x482      Default     0x0                  41     0    powerd [powerd:battery] Battery time remaining posted(0x10000001c4b0000) Time:0 Source:AC

2021-11-05 23:02:38.516583 0x482      Default     0x0                  41     0    powerd [powerd:battery] posted 'com.apple.system.powersources.lowbattery'

2021-11-05 23:02:38.516583 0x482      Default     0x0                  41     0    powerd [powerd:battery] Battery capacity change posted(0xb0064). Capacity:100 Source:AC

2021-11-05 23:02:38.516583 0x482      Default     0x0                  41     0    powerd [powerd:battery] Power Source change. Source:AC
2021-11-05 23:02:38.516587 0x486      Default     0x0                  41     0    powerd [powerd:BDC] No match for SMC IOService. Can't start BDC
2021-11-05 23:02:38.516592 0x480      Default     0x0                  41     0    powerd [powerd:assertions] Assertion bufffer initialized. Sending high water mark notification
2021-11-05 23:02:38.517318 0x480      Default     0x0                  41     0    powerd (Trial) [com.apple.trial:_] Initializing TRIClient. Trial version: TrialXP-276
2021-11-05 23:02:38.517328 0x480      Default     0x0                  41     0    powerd (Trial) [com.apple.trial:_] <private> 0x135e12a20 (no container): using Trial root dir <private>
2021-11-05 23:02:38.517404 0x480      Default     0x0                  41     0    powerd (Trial) [com.apple.trial:_] adding update handler 0 for namespace COREOS_POWERD_ASSERTIONS
2021-11-05 23:02:38.517791 0x480      Default     0x0                  41     0    powerd (Trial) [com.apple.trial:_] Namespace resolver file not present: <private>
2021-11-05 23:02:38.517820 0x480      Default     0x0                  41     0    powerd [powerd:assertions] System Assertion Timer: feature enabled, feature flag: 1, trial value: 1
2021-11-05 23:02:38.517825 0x480      Default     0x0                  41     0    powerd [powerd:assertions] System Assertion Timer: assertion timeouts data: <private>
2021-11-05 23:02:38.517850 0x480      Default     0x0                  41     0    powerd [powerd:assertions] System Assertion Timer: setting timeout value to 600
2021-11-05 23:02:38.522707 0x486      Default     0x5b                 41     0    powerd [powerd:sleepWake] Sleep revert state: 1

2021-11-05 23:02:38.522708 0x486      Default     0x5b                 41     0    powerd [powerd:assertions] Process runningboardd.32 Created SystemIsActive "daemon<com.apple.SpringBoard>32-61-2:FBSystemShellInitialize" age:00:00:00  id:51539640323 [System: PrevIdle SysAct] 
2021-11-05 23:02:38.529418 0x486      Default     0x0                  41     0    powerd [powerd:assertions] Aysnc Assertion: received initial connection from 35
2021-11-05 23:02:38.532885 0x4ed      Default     0x0                  41     0    powerd [powerd:systemLoad] Display state: On NotificationWake : 0

2021-11-05 23:02:38.532885 0x4ed      Default     0x0                  41     0    powerd [powerd:systemLoad] Activity changes from 0x0 to 0x1. UseActiveState:1

2021-11-05 23:02:38.532885 0x4ed      Default     0x0                  41     0    powerd [powerd:systemLoad] hidActive:1 displayOff:0 assertionActivityValid:0 now:0xb  hid_ts:0xa assertion_ts:0x0

2021-11-05 23:02:38.590504 0x548      Default     0x0                  41     0    powerd [powerd:assertions] Aysnc Assertion: received initial connection from 85
2021-11-05 23:02:38.600784 0x480      Default     0x0                  41     0    powerd [powerd:batteryhealth] Previous Battery Health: Flags:36175875 State:5 MaxCapacity:82 CycleCount:

2021-11-05 23:02:38.600784 0x480      Default     0x0                  41     0    powerd [powerd:batteryhealth] calib: svcFlags pre: 0x3
2021-11-05 23:02:38.600784 0x480      Default     0x0                  41     0    powerd [powerd:batteryhealth] calib0: device not relevant
2021-11-05 23:02:38.600784 0x480      Default     0x0                  41     0    powerd [powerd:batteryhealth] calib: svcFlags post: 0x3
2021-11-05 23:02:38.600784 0x480      Error       0x0                  41     0    powerd [powerd:batteryhealth] Failed to calculate Nominal Capacity percentage. NominalCapacity:0 DesignCapacity:0

2021-11-05 23:02:38.600784 0x480      Error       0x0                  41     0    powerd [powerd:batteryhealth] Battery health UPO Aware value not set

2021-11-05 23:02:38.600784 0x480      Error       0x0                  41     0    powerd [powerd:batteryhealth] Battery P0 threshold is not set

2021-11-05 23:02:38.600784 0x480      Default     0x0                  41     0    powerd [powerd:batteryhealth] Unable to determine Battery Health Service state. Service Flags:0x2280003 Service State:5

2021-11-05 23:02:38.600784 0x480      Default     0x0                  41     0    powerd [powerd:batteryhealth] calib: skipping due to precedence
2021-11-05 23:02:38.600785 0x480      Default     0x0                  41     0    powerd [powerd:batteryhealth] Updated Battery Health: Flags:36175875 State:5 MaxCapacity:82 CycleCount:

2021-11-05 23:02:38.600935 0x548      Default     0x0                  41     0    powerd [powerd:batteryhealth] Previous Battery Health: Flags:36175875 State:5 MaxCapacity:82 CycleCount:

2021-11-05 23:02:38.600935 0x548      Default     0x0                  41     0    powerd [powerd:batteryhealth] calib: svcFlags pre: 0x3
2021-11-05 23:02:38.600935 0x548      Default     0x0                  41     0    powerd [powerd:batteryhealth] calib0: device not relevant
2021-11-05 23:02:38.600935 0x548      Default     0x0                  41     0    powerd [powerd:batteryhealth] calib: svcFlags post: 0x3
2021-11-05 23:02:38.600935 0x548      Error       0x0                  41     0    powerd [powerd:batteryhealth] Failed to calculate Nominal Capacity percentage. NominalCapacity:0 DesignCapacity:0

2021-11-05 23:02:38.600935 0x548      Error       0x0                  41     0    powerd [powerd:batteryhealth] Battery health UPO Aware value not set

2021-11-05 23:02:38.600936 0x548      Error       0x0                  41     0    powerd [powerd:batteryhealth] Battery P0 threshold is not set

2021-11-05 23:02:38.600936 0x548      Default     0x0                  41     0    powerd [powerd:batteryhealth] Unable to determine Battery Health Service state. Service Flags:0x2280003 Service State:5

2021-11-05 23:02:38.600936 0x548      Default     0x0                  41     0    powerd [powerd:batteryhealth] calib: skipping due to precedence
2021-11-05 23:02:38.600937 0x548      Default     0x0                  41     0    powerd [powerd:batteryhealth] Updated Battery Health: Flags:36175875 State:5 MaxCapacity:82 CycleCount:

2021-11-05 23:02:38.600947 0x480      Default     0x0                  41     0    powerd [powerd:batteryhealth] Previous Battery Health: Flags:36175875 State:5 MaxCapacity:82 CycleCount:

2021-11-05 23:02:38.600947 0x480      Default     0x0                  41     0    powerd [powerd:batteryhealth] calib: svcFlags pre: 0x3
2021-11-05 23:02:38.600948 0x480      Default     0x0                  41     0    powerd [powerd:batteryhealth] calib0: device not relevant
2021-11-05 23:02:38.600948 0x480      Default     0x0                  41     0    powerd [powerd:batteryhealth] calib: svcFlags post: 0x3
2021-11-05 23:02:38.600948 0x480      Error       0x0                  41     0    powerd [powerd:batteryhealth] Failed to calculate Nominal Capacity percentage. NominalCapacity:0 DesignCapacity:0

2021-11-05 23:02:38.600948 0x480      Error       0x0                  41     0    powerd [powerd:batteryhealth] Battery health UPO Aware value not set

2021-11-05 23:02:38.600948 0x480      Error       0x0                  41     0    powerd [powerd:batteryhealth] Battery P0 threshold is not set

2021-11-05 23:02:38.600948 0x480      Default     0x0                  41     0    powerd [powerd:batteryhealth] Unable to determine Battery Health Service state. Service Flags:0x2280003 Service State:5

2021-11-05 23:02:38.600948 0x480      Default     0x0                  41     0    powerd [powerd:batteryhealth] calib: skipping due to precedence
2021-11-05 23:02:38.600949 0x480      Default     0x0                  41     0    powerd [powerd:batteryhealth] Updated Battery Health: Flags:36175875 State:5 MaxCapacity:82 CycleCount:

2021-11-05 23:02:38.604572 0x4ed      Default     0x0                  41     0    powerd [powerd:lowPowerMode] LPM: Deferred Init timer fired

2021-11-05 23:02:38.604774 0x548      Default     0x0                  41     0    powerd [powerd:assertions] Aysnc Assertion: received initial connection from 58
2021-11-05 23:02:38.617651 0x548      Default     0x42a                41     0    powerd [powerd:sleepWake] Sleep revert state: 1

2021-11-05 23:02:38.617655 0x548      Default     0x42a                41     0    powerd [powerd:assertions] Process runningboardd.32 Created SystemIsActive "daemon<com.apple.akd>32-145-8:com.apple.CFNetwork.StorageDB" age:00:00:00  id:51539640341 [System: PrevIdle SysAct] 
2021-11-05 23:02:38.638034 0x4ed      Default     0x0                  41     0    powerd [powerd:lowPowerMode] LPM: Pluggedin=1 at init

2021-11-05 23:02:38.638443 0x4ed      Default     0x0                  41     0    powerd [powerd:lowPowerMode] LPM: Battery Percentage=100% at init

2021-11-05 23:02:38.638510 0x4ed      Default     0x0                  41     0    powerd [powerd:lowPowerMode] LPM: readPreferences: autoDisableThreshold=80%, autoDisableWhenPluggedIn=0

2021-11-05 23:02:38.638581 0x548      Default     0x0                  41     0    powerd [powerd:assertions] Aysnc Assertion: received initial connection from 153
2021-11-05 23:02:38.654873 0x4ed      Default     0x0                  41     0    powerd [powerd:lowPowerMode] LPM: No previous defaults state found

2021-11-05 23:02:38.654873 0x4ed      Default     0x0                  41     0    powerd [powerd:lowPowerMode] LPM: No saved state found, not auto-enabling

2021-11-05 23:02:38.654874 0x4ed      Default     0x0                  41     0    powerd (FindMyDevice) [com.apple.icloud.findmydeviced:_] -[FMDFMIPManager isLostModeActive]
2021-11-05 23:02:38.654874 0x4ed      Activity    0x93                 41     0    powerd (libsystem_containermanager.dylib) container_system_path_for_identifier
2021-11-05 23:02:38.654875 0x4ed      Info        0x93                 41     0    powerd (libsystem_containermanager.dylib) [com.apple.containermanager:cache] containermanagerd not initialized yet. can't return container for group systemgroup.com.apple.icloud.findmydevice.managed in process
2021-11-05 23:02:38.654875 0x4ed      Info        0x93                 41     0    powerd (libsystem_containermanager.dylib) [com.apple.containermanager:cache] Cache miss; command = 17, identifier = <private>, groupIdentifier = systemgroup.com.apple.icloud.findmydevice.managed
2021-11-05 23:02:38.655026 0x486      Default     0x757                41     0    powerd [powerd:assertions] Process runningboardd.32 Released SystemIsActive "daemon<com.apple.akd>32-145-8:com.apple.CFNetwork.StorageDB" age:00:00:01  id:51539640341 [System: PrevIdle SysAct] 
2021-11-05 23:02:38.662324 0x4ed      Default     0x0                  41     0    powerd (libsystem_containermanager.dylib) [com.apple.containermanager:unspecified] container_system_group_path_for_identifier: success
2021-11-05 23:02:38.662327 0x4ed      Default     0x0                  41     0    powerd (FindMyDevice) [com.apple.icloud.findmydeviced:_] Shared file not found. Returning lost mode type as - FMDLostModeTypeNone
2021-11-05 23:02:38.662327 0x4ed      Default     0x0                  41     0    powerd (FindMyDevice) [com.apple.icloud.findmydeviced:_] FMiP shared info has lost mode type - 0
2021-11-05 23:02:38.662327 0x4ed      Default     0x0                  41     0    powerd (FindMyDevice) [com.apple.icloud.findmydeviced:_] -[FMDFMIPManager isLostModeActive] : NO
2021-11-05 23:02:38.666479 0x548      Default     0x75a                41     0    powerd [powerd:sleepWake] Sleep revert state: 1

2021-11-05 23:02:38.666480 0x548      Default     0x75a                41     0    powerd [powerd:assertions] Process runningboardd.32 Created SystemIsActive "daemon<com.apple.coreidvd>32-134-10:com.apple.CFNetwork.StorageDB" age:00:00:00  id:51539640344 [System: PrevIdle SysAct] 
2021-11-05 23:02:38.672719 0x548      Default     0x75d                41     0    powerd [powerd:sleepWake] Sleep revert state: 1

2021-11-05 23:02:38.672720 0x548      Default     0x75d                41     0    powerd [powerd:assertions] Process runningboardd.32 Created SystemIsActive "daemon<com.apple.nsurlsessiond>32-129-11:com.apple.CFNetwork.StorageDB" age:00:00:00  id:51539640345 [System: PrevIdle SysAct] 
2021-11-05 23:02:38.684181 0x548      Default     0x983                41     0    powerd [powerd:sleepWake] Sleep revert state: 1

2021-11-05 23:02:38.684182 0x548      Default     0x983                41     0    powerd [powerd:assertions] Process runningboardd.32 Created SystemIsActive "daemon<com.apple.watchlistd>32-138-16:com.apple.CFNetwork.StorageDB" age:00:00:00  id:51539640346 [System: PrevIdle SysAct] 
2021-11-05 23:02:38.684193 0x486      Default     0x984                41     0    powerd [powerd:sleepWake] Sleep revert state: 1

2021-11-05 23:02:38.684194 0x486      Default     0x984                41     0    powerd [powerd:assertions] Process runningboardd.32 Created SystemIsActive "daemon<com.apple.bookassetd>32-139-17:com.apple.CFNetwork.StorageDB" age:00:00:00  id:51539640347 [System: PrevIdle SysAct] 
2021-11-05 23:02:38.698280 0x548      Default     0xb05                41     0    powerd [powerd:assertions] Process runningboardd.32 Released SystemIsActive "daemon<com.apple.coreidvd>32-134-10:com.apple.CFNetwork.StorageDB" age:00:00:01  id:51539640344 [System: PrevIdle SysAct] 
2021-11-05 23:02:38.704819 0x548      Default     0xb41                41     0    powerd [powerd:sleepWake] Sleep revert state: 1

2021-11-05 23:02:38.704820 0x548      Default     0xb41                41     0    powerd [powerd:assertions] Process runningboardd.32 Created SystemIsActive "daemon<com.apple.ind>32-175-20:com.apple.CFNetwork.StorageDB" age:00:00:00  id:51539640349 [System: PrevIdle SysAct] 
2021-11-05 23:02:38.719226 0x486      Default     0xc0f                41     0    powerd [powerd:assertions] Process runningboardd.32 Released SystemIsActive "daemon<com.apple.watchlistd>32-138-16:com.apple.CFNetwork.StorageDB" age:00:00:01  id:51539640346 [System: PrevIdle SysAct] 
2021-11-05 23:02:38.719230 0x486      Default     0xc0f                41     0    powerd [powerd:assertions] Process runningboardd.32 Released SystemIsActive "daemon<com.apple.bookassetd>32-139-17:com.apple.CFNetwork.StorageDB" age:00:00:01  id:51539640347 [System: PrevIdle SysAct] 
2021-11-05 23:02:38.719232 0x486      Default     0xc0f                41     0    powerd [powerd:assertions] Process runningboardd.32 Released SystemIsActive "daemon<com.apple.nsurlsessiond>32-129-11:com.apple.CFNetwork.StorageDB" age:00:00:01  id:51539640345 [System: PrevIdle SysAct] 
2021-11-05 23:02:38.719324 0x548      Info        0x0                  41     0    powerd (libsystem_containermanager.dylib) [com.apple.containermanager:xpc] connection <0x135d16cc0/0/0; 0x0> invalidated
2021-11-05 23:02:38.734638 0x486      Default     0x0                  41     0    powerd [powerd:batteryhealth] Previous Battery Health: Flags:36175875 State:5 MaxCapacity:82 CycleCount:

2021-11-05 23:02:38.734638 0x486      Default     0x0                  41     0    powerd [powerd:batteryhealth] calib: svcFlags pre: 0x3
2021-11-05 23:02:38.734638 0x486      Default     0x0                  41     0    powerd [powerd:batteryhealth] calib0: device not relevant
2021-11-05 23:02:38.734638 0x486      Default     0x0                  41     0    powerd [powerd:batteryhealth] calib: svcFlags post: 0x3
2021-11-05 23:02:38.734639 0x486      Error       0x0                  41     0    powerd [powerd:batteryhealth] Battery health UPO Aware value not set

2021-11-05 23:02:38.734639 0x486      Error       0x0                  41     0    powerd [powerd:batteryhealth] Battery P0 threshold is not set

2021-11-05 23:02:38.734639 0x486      Default     0x0                  41     0    powerd [powerd:batteryhealth] Unable to determine Battery Health Service state. Service Flags:0x2080003 Service State:5

2021-11-05 23:02:38.734639 0x486      Default     0x0                  41     0    powerd [powerd:batteryhealth] calib: skipping due to precedence
2021-11-05 23:02:38.734661 0x486      Default     0x0                  41     0    powerd [powerd:batteryhealth] Updated Battery Health: Flags:34078723 State:5 MaxCapacity:82 CycleCount:

2021-11-05 23:02:38.740187 0x486      Default     0xd89                41     0    powerd [powerd:assertions] Process runningboardd.32 Released SystemIsActive "daemon<com.apple.ind>32-175-20:com.apple.CFNetwork.StorageDB" age:00:00:01  id:51539640349 [System: PrevIdle SysAct] 
2021-11-05 23:02:38.743599 0x486      Default     0xe72                41     0    powerd [powerd:sleepWake] Sleep revert state: 1

2021-11-05 23:02:38.743600 0x486      Default     0xe72                41     0    powerd [powerd:assertions] Process runningboardd.32 Created SystemIsActive "daemon<com.apple.watchlistd>32-138-21:com.apple.CFNetwork.StorageDB" age:00:00:00  id:51539640351 [System: PrevIdle SysAct] 
2021-11-05 23:02:38.745072 0x486      Default     0x0                  41     0    powerd [powerd:sleepWake] Sleep revert state: 1

2021-11-05 23:02:38.745075 0x486      Default     0x0                  41     0    powerd [powerd:assertions] Process CommCenter.89 Created SystemIsActive "com.apple.AppleBasebandManager.ServerNotReady" age:00:00:00  id:51539640352 [System: PrevIdle SysAct] 
2021-11-05 23:02:38.745164 0x4ed      Default     0x0                  41     0    powerd [powerd:sleepWake] Sleep revert state: 1

2021-11-05 23:02:38.745165 0x4ed      Default     0x0                  41     0    powerd [powerd:assertions] Process CommCenter.89 Created SystemIsActive "com.apple.AppleBasebandManager.RadioNotReady.Bootup" age:00:00:00  id:51539640353 [System: PrevIdle SysAct] 
2021-11-05 23:02:38.745931 0x486      Default     0x0                  41     0    powerd [powerd:pmSettings] Energy Saver Prefs have changed
2021-11-05 23:02:38.752589 0x481      Default     0x0                  41     0    powerd [powerd:assertions] Kernel assertions 0x0

2021-11-05 23:02:38.752606 0x4ed      Default     0x0                  41     0    powerd [powerd:pmSettings] Energy Saver Prefs have changed
2021-11-05 23:02:38.755651 0x486      Default     0xe78                41     0    powerd [powerd:sleepWake] Sleep revert state: 1

2021-11-05 23:02:38.755651 0x486      Default     0xe78                41     0    powerd [powerd:assertions] Process runningboardd.32 Created SystemIsActive "daemon<com.apple.coreidvd>32-134-22:com.apple.CFNetwork.StorageDB" age:00:00:00  id:51539640354 [System: PrevIdle SysAct] 
2021-11-05 23:02:38.759029 0x4ed      Default     0xf21                41     0    powerd [powerd:sleepWake] Sleep revert state: 1

2021-11-05 23:02:38.759029 0x4ed      Default     0xf21                41     0    powerd [powerd:assertions] Process runningboardd.32 Created SystemIsActive "application<com.apple.purplebuddy>;(null):(null);32-61-23:FBApplicationProcess" age:00:00:00  id:51539640355 [System: PrevIdle SysAct] 
2021-11-05 23:02:38.784441 0x4ed      Default     0x0                  41     0    powerd [powerd:assertions] Process powerd.41 Released PreventUserIdleSystemSleep "Waiting for springboard or equivalent process to start" age:00:00:11  id:4295000065 [System: PrevIdle SysAct] 
2021-11-05 23:02:38.786845 0x486      Default     0xf92                41     0    powerd [powerd:sleepWake] Sleep revert state: 1

2021-11-05 23:02:38.786846 0x486      Default     0xf92                41     0    powerd [powerd:assertions] Process runningboardd.32 Created SystemIsActive "daemon<com.apple.akd>32-145-30:com.apple.CFNetwork.StorageDB" age:00:00:00  id:51539640357 [System: PrevIdle SysAct] 
2021-11-05 23:02:38.809042 0x4ed      Default     0x109b               41     0    powerd [powerd:assertions] Process runningboardd.32 Released SystemIsActive "application<com.apple.purplebuddy>;(null):(null);32-61-23:FBApplicationProcess" age:00:00:02  id:51539640355 [System: PrevIdle SysAct] 
2021-11-05 23:02:38.814742 0x481      Default     0x0                  41     0    powerd [powerd:assertions] Aysnc Assertion: received initial connection from 75
2021-11-05 23:02:38.825588 0x486      Default     0x1140               41     0    powerd [powerd:sleepWake] Sleep revert state: 1

2021-11-05 23:02:38.825589 0x486      Default     0x1140               41     0    powerd [powerd:assertions] Process runningboardd.32 Created SystemIsActive "daemon<com.apple.itunesstored>32-196-34:com.apple.CFNetwork.StorageDB" age:00:00:00  id:51539640360 [System: PrevIdle SysAct] 
2021-11-05 23:02:38.844827 0x481      Default     0x0                  41     0    powerd [powerd:batteryhealth] Received notification for batteryHealthP0Threshold. Value set to 500

2021-11-05 23:02:38.844828 0x481      Default     0x0                  41     0    powerd [powerd:batteryhealth] Received notification for batteryHealthUPOAware. Value set to 5850451

2021-11-05 23:02:38.846360 0x4ed      Default     0x123e               41     0    powerd [powerd:assertions] Process runningboardd.32 Released SystemIsActive "daemon<com.apple.coreidvd>32-134-22:com.apple.CFNetwork.StorageDB" age:00:00:03  id:51539640354 [System: PrevIdle SysAct] 
2021-11-05 23:02:38.846363 0x486      Default     0x123e               41     0    powerd [powerd:assertions] Process runningboardd.32 Released SystemIsActive "daemon<com.apple.akd>32-145-30:com.apple.CFNetwork.StorageDB" age:00:00:02  id:51539640357 [System: PrevIdle SysAct] 
2021-11-05 23:02:38.849623 0x486      Default     0x0                  41     0    powerd [powerd:assertions] Aysnc Assertion: received initial connection from 71
2021-11-05 23:02:38.860092 0x4ed      Default     0x12d1               41     0    powerd [powerd:assertions] Process runningboardd.32 Released SystemIsActive "daemon<com.apple.itunesstored>32-196-34:com.apple.CFNetwork.StorageDB" age:00:00:01  id:51539640360 [System: PrevIdle SysAct] 
2021-11-05 23:02:38.860646 0x481      Default     0x12de               41     0    powerd [powerd:sleepWake] Sleep revert state: 1

2021-11-05 23:02:39.061045 0x4ed      Default     0x1d72               41     0    powerd [powerd:assertions] Process runningboardd.32 Released SystemIsActive "daemon<com.apple.passd>32-130-47:com.apple.CFNetwork.StorageDB" age:00:00:01  id:51539640377 [System: PrevIdle SysAct] 
2021-11-05 23:02:39.077042 0x4ed      Default     0x1e0a               41     0    powerd [powerd:sleepWake] Sleep revert state: 1

2021-11-05 23:02:39.077043 0x4ed      Default     0x1e0a               41     0    powerd [powerd:assertions] Process runningboardd.32 Created SystemIsActive "daemon<com.apple.amsengagementd>32-137-52:com.apple.CFNetwork.StorageDB" age:00:00:00  id:51539640381 [System: PrevIdle SysAct] 
2021-11-05 23:02:39.094800 0x4ed      Default     0x1eee               41     0    powerd [powerd:sleepWake] Sleep revert state: 1

2021-11-05 23:02:39.094801 0x4ed      Default     0x1eee               41     0    powerd [powerd:assertions] Process runningboardd.32 Created SystemIsActive "daemon<com.apple.ap.promotedcontentd>32-209-59:com.apple.CFNetwork.StorageDB" age:00:00:00  id:51539640382 [System: PrevIdle SysAct] 
2021-11-05 23:02:39.105192 0x4ed      Default     0x1f17               41     0    powerd [powerd:assertions] Process runningboardd.32 Released SystemIsActive "daemon<com.apple.amsengagementd>32-137-52:com.apple.CFNetwork.StorageDB" age:00:00:01  id:51539640381 [System: PrevIdle SysAct] 
2021-11-05 23:02:39.121249 0x4ed      Default     0x1fab               41     0    powerd [powerd:sleepWake] Sleep revert state: 1

2021-11-05 23:02:39.121250 0x4ed      Default     0x1fab               41     0    powerd [powerd:assertions] Process runningboardd.32 Created SystemIsActive "daemon<com.apple.amsaccountsd>32-87-63:com.apple.CFNetwork.StorageDB" age:00:00:00  id:51539640383 [System: PrevIdle SysAct] 
2021-11-05 23:02:39.122617 0x4ed      Default     0x1fcd               41     0    powerd [powerd:assertions] Process runningboardd.32 Released SystemIsActive "daemon<com.apple.ap.promotedcontentd>32-209-59:com.apple.CFNetwork.StorageDB" age:00:00:01  id:51539640382 [System: PrevIdle SysAct] 
2021-11-05 23:02:39.134490 0x4ed      Default     0x0                  41     0    powerd (AggregateDictionary) AggregateDictionary is deprecated and will be removed in this release. Please migrate to Core Analytics.
2021-11-05 23:02:39.139300 0x548      Default     0x0                  41     0    powerd [powerd:assertions] Check assertion activity update from clients 0
2021-11-05 23:02:39.139307 0x548      Default     0x0                  41     0    powerd [powerd:assertions] checkForAssertionActivityUpdates : setting timer to fire in 5 secs
2021-11-05 23:02:39.139307 0x548      Default     0x0                  41     0    powerd [powerd:assertions] checkForAssertionActivityUpdates : setting timer to fire in 5 secs
2021-11-05 23:02:39.139952 0x4ed      Default     0x0                  41     0    powerd Unexpected readFromIdx 227. arrCnt=208

2021-11-05 23:02:39.139998 0x4ed      Default     0x0                  41     0    powerd [powerd:assertions] Assertion Activity Update: logged 208 entries. New refCnt 208, overflow 1
2021-11-05 23:02:39.149784 0x548      Default     0x2098               41     0    powerd [powerd:assertions] Process runningboardd.32 Released SystemIsActive "daemon<com.apple.amsaccountsd>32-87-63:com.apple.CFNetwork.StorageDB" age:00:00:01  id:51539640383 [System: PrevIdle SysAct] 
2021-11-05 23:02:39.151962 0x548      Default     0x0                  41     0    powerd [powerd:batteryhealth] Previous Battery Health: Flags:34078723 State:5 MaxCapacity:82 CycleCount:

2021-11-05 23:02:39.151962 0x548      Default     0x0                  41     0    powerd [powerd:batteryhealth] calib: svcFlags pre: 0x3
2021-11-05 23:02:39.151962 0x548      Default     0x0                  41     0    powerd [powerd:batteryhealth] calib0: device not relevant
2021-11-05 23:02:39.151962 0x548      Default     0x0                  41     0    powerd [powerd:batteryhealth] calib: svcFlags post: 0x3
2021-11-05 23:02:39.151963 0x548      Activity    0x94                 41     0    powerd (CoreFoundation) Loading Preferences From System CFPrefsD
2021-11-05 23:02:39.152005 0x548      Default     0x0                  41     0    powerd [powerd:batteryhealth] Updated Battery Health: Flags:3 State:0 MaxCapacity:82 CycleCount:

2021-11-05 23:02:39.152017 0x548      Default     0x0                  41     0    powerd [powerd:batteryhealth] Previous Battery Health: Flags:3 State:0 MaxCapacity:82 CycleCount:

2021-11-05 23:02:39.152017 0x548      Default     0x0                  41     0    powerd [powerd:batteryhealth] calib: svcFlags pre: 0x3
2021-11-05 23:02:39.152017 0x548      Default     0x0                  41     0    powerd [powerd:batteryhealth] calib0: device not relevant
2021-11-05 23:02:39.152017 0x548      Default     0x0                  41     0    powerd [powerd:batteryhealth] calib: svcFlags post: 0x3
2021-11-05 23:02:39.152019 0x548      Default     0x0                  41     0    powerd [powerd:batteryhealth] Updated Battery Health: Flags:3 State:0 MaxCapacity:82 CycleCount:

2021-11-05 23:02:39.152028 0x548      Default     0x0                  41     0    powerd [powerd:batteryhealth] Previous Battery Health: Flags:3 State:0 MaxCapacity:82 CycleCount:

2021-11-05 23:02:39.152028 0x548      Default     0x0                  41     0    powerd [powerd:batteryhealth] calib: svcFlags pre: 0x3
2021-11-05 23:02:39.152028 0x548      Default     0x0                  41     0    powerd [powerd:batteryhealth] calib0: device not relevant
2021-11-05 23:02:39.152028 0x548      Default     0x0                  41     0    powerd [powerd:batteryhealth] calib: svcFlags post: 0x3
2021-11-05 23:02:39.152030 0x548      Default     0x0                  41     0    powerd [powerd:batteryhealth] Updated Battery Health: Flags:3 State:0 MaxCapacity:82 CycleCount:

2021-11-05 23:02:39.247856 0x486      Error       0x0                  41     0    powerd [powerd:assertions] Async client id is not found for id 0x8002

2021-11-05 23:02:39.247857 0x486      Default     0x0                  41     0    powerd [powerd:assertions] Process mediaserverd.35 TimedOut PreventUserIdleSystemSleep "com.apple.APEndpointManagerCarPlay.timed" age:00:00:30  id:4295000066 [System: PrevIdle SysAct] 
2021-11-05 23:02:39.308308 0x548      Default     0x0                  41     0    powerd [powerd:assertions] Process apsd.112 Released NoIdleSleepAssertion "com.apple.apsd-connectcouriers" age:00:00:11  id:4295000123 [System: SysAct] 
2021-11-05 23:02:39.322233 0x548      Default     0x20c8               41     0    powerd [powerd:sleepWake] Sleep revert state: 1

2021-11-05 23:02:39.322235 0x548      Default     0x20c8               41     0    powerd [powerd:assertions] Process runningboardd.32 Created SystemIsActive "daemon<com.apple.atc>32-185-68:com.apple.medialibraryd 0728DB41-4B90-4B2D-A0D5-13B7C4790E62 Finish Task Assertion, Database transaction for library at path: /var/mobile/Media/iTunes_Control/iTunes/MediaLibrary.sqlitedb(FinishTask)" age:00:00:00  id:51539640384 [System: SysAct] 
2021-11-05 23:06:59.300082 0x40d      Default     0x0                  41     0    powerd [powerd:prefs] Looking for MDM prefs

2021-11-05 23:06:59.300086 0x40d      Error       0x0                  41     0    powerd [powerd:prefs] Failed to get prefs from path

2021-11-05 23:06:59.300202 0x40d      Activity    0x80                 41     0    powerd (CoreFoundation) Loading Preferences From System CFPrefsD
2021-11-05 23:06:59.300228 0x40d      Activity    0x81                 41     0    powerd (CoreFoundation) Loading Preferences From System CFPrefsD
2021-11-05 23:06:59.300261 0x40d      Default     0x0                  41     0    powerd [powerd:pmSettings] Sleep timer 2147483647 display timer 10

2021-11-05 23:06:59.300316 0x40d      Default     0x0                  41     0    powerd [powerd:assertions] Trial Initialization: Starting Timer
2021-11-05 23:06:59.300317 0x40d      Default     0x0                  41     0    powerd [powerd:systemLoad] rootDomain's user activity state:1

2021-11-05 23:06:59.300409 0x40d      Default     0x0                  41     0    powerd [powerd:lowPowerMode] LPM: Initialized PMLowPowerModeService

2021-11-05 23:06:59.300451 0x483      Default     0x0                  41     0    powerd [powerd:systemLoad] Activity changes from 0xffff to 0x0. UseActiveState:0

2021-11-05 23:06:59.300451 0x483      Default     0x0                  41     0    powerd [powerd:systemLoad] hidActive:1 displayOff:1 assertionActivityValid:0 now:0xa  hid_ts:0xa assertion_ts:0x0

2021-11-05 23:06:59.300462 0x485      Default     0x0                  41     0    powerd [powerd:battery] posted 'com.apple.system.powersources.attach'

2021-11-05 23:06:59.300464 0x485      Default     0x0                  41     0    powerd [powerd:battery] posted 'com.apple.system.powermanagement.poweradapter'

2021-11-05 23:06:59.300527 0x485      Default     0x0                  41     0    powerd [powerd:batteryhealth] batteryHealthP0Threshold set to 0

2021-11-05 23:06:59.300531 0x485      Default     0x0                  41     0    powerd [powerd:batteryhealth] batteryHealthUPOAware set to 0

2021-11-05 23:06:59.300535 0x485      Activity    0x82                 41     0    powerd (CoreFoundation) Loading Preferences From System CFPrefsD
2021-11-05 23:06:59.300569 0x485      Default     0x0                  41     0    powerd [powerd:batteryhealth] Previous Battery Health: Flags:3 State:0 MaxCapacity:82 CycleCount:

2021-11-05 23:06:59.300569 0x485      Default     0x0                  41     0    powerd [powerd:batteryhealth] calib: svcFlags pre: 0x3
2021-11-05 23:06:59.300571 0x485      Default     0x0                  41     0    powerd [powerd:batteryhealth] calib0: device not relevant
2021-11-05 23:06:59.300571 0x485      Default     0x0                  41     0    powerd [powerd:batteryhealth] calib: svcFlags post: 0x3
2021-11-05 23:06:59.300571 0x485      Error       0x0                  41     0    powerd [powerd:batteryhealth] Failed to calculate Nominal Capacity percentage. NominalCapacity:0 DesignCapacity:0

2021-11-05 23:06:59.300571 0x485      Error       0x0                  41     0    powerd [powerd:batteryhealth] Battery health UPO Aware value not set

2021-11-05 23:06:59.300571 0x485      Error       0x0                  41     0    powerd [powerd:batteryhealth] Battery P0 threshold is not set

2021-11-05 23:06:59.300571 0x485      Default     0x0                  41     0    powerd [powerd:batteryhealth] Unable to determine Battery Health Service state. Service Flags:0x2280003 Service State:5

2021-11-05 23:06:59.300571 0x485      Default     0x0                  41     0    powerd [powerd:batteryhealth] calib: skipping due to precedence
2021-11-05 23:06:59.300598 0x485      Default     0x0                  41     0    powerd [powerd:batteryhealth] Updated Battery Health: Flags:36175875 State:5 MaxCapacity:82 CycleCount:

2021-11-05 23:06:59.300599 0x485      Default     0x0                  41     0    powerd [powerd:battery] Battery time remaining posted(0x10000001c4b0000) Time:0 Source:AC

2021-11-05 23:06:59.300603 0x485      Default     0x0                  41     0    powerd [powerd:battery] posted 'com.apple.system.powersources.lowbattery'

2021-11-05 23:06:59.300603 0x485      Default     0x0                  41     0    powerd [powerd:battery] Battery capacity change posted(0xb0064). Capacity:100 Source:AC

2021-11-05 23:06:59.300603 0x485      Default     0x0                  41     0    powerd [powerd:battery] Power Source change. Source:AC
2021-11-05 23:06:59.300607 0x48a      Default     0x0                  41     0    powerd [powerd:BDC] No match for SMC IOService. Can't start BDC
2021-11-05 23:06:59.300612 0x483      Default     0x0                  41     0    powerd [powerd:assertions] Assertion bufffer initialized. Sending high water mark notification
2021-11-05 23:06:59.301335 0x483      Default     0x0                  41     0    powerd (Trial) [com.apple.trial:_] Initializing TRIClient. Trial version: TrialXP-276
2021-11-05 23:06:59.301345 0x483      Default     0x0                  41     0    powerd (Trial) [com.apple.trial:_] <private> 0x103313900 (no container): using Trial root dir <private>
2021-11-05 23:06:59.301434 0x483      Default     0x0                  41     0    powerd (Trial) [com.apple.trial:_] adding update handler 0 for namespace COREOS_POWERD_ASSERTIONS
2021-11-05 23:06:59.301747 0x483      Default     0x0                  41     0    powerd (Trial) [com.apple.trial:_] Namespace resolver file not present: <private>
2021-11-05 23:06:59.301776 0x483      Default     0x0                  41     0    powerd [powerd:assertions] System Assertion Timer: feature enabled, feature flag: 1, trial value: 1
2021-11-05 23:06:59.301781 0x483      Default     0x0                  41     0    powerd [powerd:assertions] System Assertion Timer: assertion timeouts data: <private>
2021-11-05 23:06:59.301794 0x483      Default     0x0                  41     0    powerd [powerd:assertions] System Assertion Timer: setting timeout value to 600
2021-11-05 23:06:59.306965 0x484      Default     0x5b                 41     0    powerd [powerd:sleepWake] Sleep revert state: 1

2021-11-05 23:06:59.307002 0x484      Default     0x5b                 41     0    powerd [powerd:assertions] Process runningboardd.32 Created SystemIsActive "daemon<com.apple.SpringBoard>32-61-2:FBSystemShellInitialize" age:00:00:00  id:51539640323 [System: PrevIdle SysAct] 
2021-11-05 23:06:59.319205 0x48a      Default     0x0                  41     0    powerd [powerd:assertions] Aysnc Assertion: received initial connection from 35
2021-11-05 23:06:59.320429 0x48a      Default     0x0                  41     0    powerd [powerd:systemLoad] Display state: On NotificationWake : 0

2021-11-05 23:06:59.320429 0x48a      Default     0x0                  41     0    powerd [powerd:systemLoad] Activity changes from 0x0 to 0x1. UseActiveState:1

2021-11-05 23:06:59.320429 0x48a      Default     0x0                  41     0    powerd [powerd:systemLoad] hidActive:1 displayOff:0 assertionActivityValid:0 now:0xb  hid_ts:0xa assertion_ts:0x0

2021-11-05 23:06:59.353373 0x485      Default     0x0                  41     0    powerd [powerd:sleepWake] Sleep revert state: 1

2021-11-05 23:06:59.353375 0x485      Default     0x0                  41     0    powerd [powerd:assertions] Process CommCenter.89 Created SystemIsActive "com.apple.AppleBasebandManager.ServerNotReady" age:00:00:00  id:51539640338 [System: PrevIdle SysAct] 
2021-11-05 23:06:59.354810 0x55b      Default     0x0                  41     0    powerd [powerd:sleepWake] Sleep revert state: 1

2021-11-05 23:06:59.354811 0x55b      Default     0x0                  41     0    powerd [powerd:assertions] Process CommCenter.89 Created SystemIsActive "com.apple.AppleBasebandManager.RadioNotReady.Bootup" age:00:00:00  id:51539640339 [System: PrevIdle SysAct] 
2021-11-05 23:06:59.370535 0x524      Default     0x0                  41     0    powerd [powerd:batteryhealth] Received notification for batteryHealthP0Threshold. Value set to 500

2021-11-05 23:06:59.370537 0x524      Default     0x0                  41     0    powerd [powerd:batteryhealth] Received notification for batteryHealthUPOAware. Value set to 5850451

2021-11-05 23:06:59.394302 0x485      Default     0x0                  41     0    powerd [powerd:assertions] Aysnc Assertion: received initial connection from 85
2021-11-05 23:06:59.418094 0x484      Default     0x0                  41     0    powerd [powerd:batteryhealth] Previous Battery Health: Flags:36175875 State:5 MaxCapacity:82 CycleCount:

2021-11-05 23:06:59.418094 0x484      Default     0x0                  41     0    powerd [powerd:batteryhealth] calib: svcFlags pre: 0x3
2021-11-05 23:06:59.418094 0x484      Default     0x0                  41     0    powerd [powerd:batteryhealth] calib0: device not relevant
2021-11-05 23:06:59.418094 0x484      Default     0x0                  41     0    powerd [powerd:batteryhealth] calib: svcFlags post: 0x3
2021-11-05 23:06:59.418094 0x484      Error       0x0                  41     0    powerd [powerd:batteryhealth] Failed to calculate Nominal Capacity percentage. NominalCapacity:0 DesignCapacity:0

2021-11-05 23:06:59.418094 0x484      Activity    0x83                 41     0    powerd (CoreFoundation) Loading Preferences From System CFPrefsD
2021-11-05 23:06:59.418105 0x484      Error       0x0                  41     0    powerd [powerd:batteryhealth] Failed to read battery weightedRa

2021-11-05 23:06:59.418105 0x484      Default     0x0                  41     0    powerd [powerd:batteryhealth] Unable to determine Battery Health Service state. Service Flags:0x2200003 Service State:5

2021-11-05 23:06:59.418105 0x484      Default     0x0                  41     0    powerd [powerd:batteryhealth] calib: skipping due to precedence
2021-11-05 23:06:59.418116 0x484      Default     0x0                  41     0    powerd [powerd:batteryhealth] Updated Battery Health: Flags:35651587 State:5 MaxCapacity:82 CycleCount:

2021-11-05 23:06:59.418331 0x484      Default     0x0                  41     0    powerd [powerd:batteryhealth] Previous Battery Health: Flags:35651587 State:5 MaxCapacity:82 CycleCount:

2021-11-05 23:06:59.418331 0x484      Default     0x0                  41     0    powerd [powerd:batteryhealth] calib: svcFlags pre: 0x3
2021-11-05 23:06:59.418331 0x484      Default     0x0                  41     0    powerd [powerd:batteryhealth] calib0: device not relevant
2021-11-05 23:06:59.418331 0x484      Default     0x0                  41     0    powerd [powerd:batteryhealth] calib: svcFlags post: 0x3
2021-11-05 23:06:59.418331 0x484      Error       0x0                  41     0    powerd [powerd:batteryhealth] Failed to calculate Nominal Capacity percentage. NominalCapacity:0 DesignCapacity:0

2021-11-05 23:06:59.418331 0x484      Error       0x0                  41     0    powerd [powerd:batteryhealth] Failed to read battery weightedRa

2021-11-05 23:06:59.418331 0x484      Default     0x0                  41     0    powerd [powerd:batteryhealth] Unable to determine Battery Health Service state. Service Flags:0x2200003 Service State:5

2021-11-05 23:06:59.418331 0x484      Default     0x0                  41     0    powerd [powerd:batteryhealth] calib: skipping due to precedence
2021-11-05 23:06:59.418333 0x484      Default     0x0                  41     0    powerd [powerd:batteryhealth] Updated Battery Health: Flags:35651587 State:5 MaxCapacity:82 CycleCount:

2021-11-05 23:06:59.418346 0x524      Default     0x0                  41     0    powerd [powerd:batteryhealth] Previous Battery Health: Flags:35651587 State:5 MaxCapacity:82 CycleCount:

2021-11-05 23:06:59.418346 0x524      Default     0x0                  41     0    powerd [powerd:batteryhealth] calib: svcFlags pre: 0x3
2021-11-05 23:06:59.418346 0x524      Default     0x0                  41     0    powerd [powerd:batteryhealth] calib0: device not relevant
2021-11-05 23:06:59.418346 0x524      Default     0x0                  41     0    powerd [powerd:batteryhealth] calib: svcFlags post: 0x3
2021-11-05 23:06:59.418347 0x524      Error       0x0                  41     0    powerd [powerd:batteryhealth] Failed to calculate Nominal Capacity percentage. NominalCapacity:0 DesignCapacity:0

2021-11-05 23:06:59.418347 0x524      Error       0x0                  41     0    powerd [powerd:batteryhealth] Failed to read battery weightedRa

2021-11-05 23:06:59.418347 0x524      Default     0x0                  41     0    powerd [powerd:batteryhealth] Unable to determine Battery Health Service state. Service Flags:0x2200003 Service State:5

2021-11-05 23:06:59.418347 0x524      Default     0x0                  41     0    powerd [powerd:batteryhealth] calib: skipping due to precedence
2021-11-05 23:06:59.418348 0x524      Default     0x0                  41     0    powerd [powerd:batteryhealth] Updated Battery Health: Flags:35651587 State:5 MaxCapacity:82 CycleCount:

2021-11-05 23:06:59.426530 0x484      Default     0x0                  41     0    powerd [powerd:assertions] Process CommCenter.89 Released SystemIsActive "com.apple.AppleBasebandManager.ServerNotReady" age:00:00:03  id:51539640338 [System: PrevIdle SysAct] 
2021-11-05 23:06:59.426892 0x524      Default     0x0                  41     0    powerd [powerd:assertions] Process CommCenter.89 Released SystemIsActive "com.apple.AppleBasebandManager.RadioNotReady.Bootup" age:00:00:03  id:51539640339 [System: PrevIdle SysAct] 
2021-11-05 23:06:59.447496 0x55b      Default     0x0                  41     0    powerd [powerd:lowPowerMode] LPM: Deferred Init timer fired

2021-11-05 23:06:59.447621 0x48a      Default     0x633                41     0    powerd [powerd:sleepWake] Sleep revert state: 1

2021-11-05 23:06:59.447622 0x48a      Default     0x633                41     0    powerd [powerd:assertions] Process runningboardd.32 Created SystemIsActive "daemon<com.apple.nsurlsessiond>32-134-9:com.apple.CFNetwork.StorageDB" age:00:00:00  id:51539640342 [System: PrevIdle SysAct] 
2021-11-05 23:06:59.457395 0x55b      Default     0x0                  41     0    powerd [powerd:lowPowerMode] LPM: Pluggedin=1 at init

2021-11-05 23:06:59.457398 0x55b      Default     0x0                  41     0    powerd [powerd:lowPowerMode] LPM: Battery Percentage=100% at init

2021-11-05 23:06:59.457515 0x55b      Default     0x0                  41     0    powerd [powerd:lowPowerMode] LPM: readPreferences: autoDisableThreshold=80%, autoDisableWhenPluggedIn=0

2021-11-05 23:06:59.460718 0x483      Default     0x7b6                41     0    powerd [powerd:sleepWake] Sleep revert state: 1

2021-11-05 23:06:59.460720 0x483      Default     0x7b6                41     0    powerd [powerd:assertions] Process runningboardd.32 Created SystemIsActive "daemon<com.apple.ind>32-159-10:com.apple.CFNetwork.StorageDB" age:00:00:00  id:51539640344 [System: PrevIdle SysAct] 
2021-11-05 23:06:59.463965 0x55b      Default     0x0                  41     0    powerd [powerd:lowPowerMode] LPM: No previous defaults state found

2021-11-05 23:06:59.463965 0x55b      Default     0x0                  41     0    powerd [powerd:lowPowerMode] LPM: No saved state found, not auto-enabling

2021-11-05 23:06:59.463968 0x55b      Default     0x0                  41     0    powerd (FindMyDevice) [com.apple.icloud.findmydeviced:_] -[FMDFMIPManager isLostModeActive]
2021-11-05 23:06:59.467037 0x48a      Default     0x803                41     0    powerd [powerd:sleepWake] Sleep revert state: 1

2021-11-05 23:06:59.467038 0x55b      Activity    0x84                 41     0    powerd (libsystem_containermanager.dylib) container_system_path_for_identifier
2021-11-05 23:06:59.467039 0x48a      Default     0x803                41     0    powerd [powerd:assertions] Process runningboardd.32 Created SystemIsActive "daemon<com.apple.akd>32-160-11:com.apple.CFNetwork.StorageDB" age:00:00:00  id:51539640346 [System: PrevIdle SysAct] 
2021-11-05 23:06:59.469606 0x55b      Info        0x84                 41     0    powerd (libsystem_containermanager.dylib) [com.apple.containermanager:cache] containermanagerd not initialized yet. can't return container for group systemgroup.com.apple.icloud.findmydevice.managed in process
2021-11-05 23:06:59.469606 0x55b      Info        0x84                 41     0    powerd (libsystem_containermanager.dylib) [com.apple.containermanager:cache] Cache miss; command = 17, identifier = <private>, groupIdentifier = systemgroup.com.apple.icloud.findmydevice.managed
2021-11-05 23:06:59.469694 0x55b      Default     0x0                  41     0    powerd (libsystem_containermanager.dylib) [com.apple.containermanager:unspecified] container_system_group_path_for_identifier: success
2021-11-05 23:06:59.469698 0x55b      Default     0x0                  41     0    powerd (FindMyDevice) [com.apple.icloud.findmydeviced:_] Shared file not found. Returning lost mode type as - FMDLostModeTypeNone
2021-11-05 23:06:59.469698 0x55b      Default     0x0                  41     0    powerd (FindMyDevice) [com.apple.icloud.findmydeviced:_] FMiP shared info has lost mode type - 0
2021-11-05 23:06:59.469698 0x55b      Default     0x0                  41     0    powerd (FindMyDevice) [com.apple.icloud.findmydeviced:_] -[FMDFMIPManager isLostModeActive] : NO
2021-11-05 23:06:59.482856 0x524      Default     0x0                  41     0    powerd [powerd:assertions] Aysnc Assertion: received initial connection from 58
2021-11-05 23:06:59.491884 0x524      Default     0xa43                41     0    powerd [powerd:assertions] Process runningboardd.32 Released SystemIsActive "daemon<com.apple.ind>32-159-10:com.apple.CFNetwork.StorageDB" age:00:00:01  id:51539640344 [System: PrevIdle SysAct] 
2021-11-05 23:06:59.491887 0x483      Default     0xa43                41     0    powerd [powerd:assertions] Process runningboardd.32 Released SystemIsActive "daemon<com.apple.akd>32-160-11:com.apple.CFNetwork.StorageDB" age:00:00:01  id:51539640346 [System: PrevIdle SysAct] 
2021-11-05 23:06:59.496569 0x524      Default     0xa5d                41     0    powerd [powerd:sleepWake] Sleep revert state: 1

2021-11-05 23:06:59.496569 0x524      Default     0xa5d                41     0    powerd [powerd:assertions] Process runningboardd.32 Created SystemIsActive "daemon<com.apple.coreidvd>32-168-12:com.apple.CFNetwork.StorageDB" age:00:00:00  id:51539640348 [System: PrevIdle SysAct] 
2021-11-05 23:06:59.501773 0x483      Default     0xa96                41     0    powerd [powerd:assertions] Process runningboardd.32 Released SystemIsActive "daemon<com.apple.nsurlsessiond>32-134-9:com.apple.CFNetwork.StorageDB" age:00:00:02  id:51539640342 [System: PrevIdle SysAct] 
2021-11-05 23:06:59.506286 0x483      Default     0xaef                41     0    powerd [powerd:sleepWake] Sleep revert state: 1

2021-11-05 23:06:59.506287 0x483      Default     0xaef                41     0    powerd [powerd:assertions] Process runningboardd.32 Created SystemIsActive "daemon<com.apple.bookassetd>32-167-17:com.apple.CFNetwork.StorageDB" age:00:00:00  id:51539640349 [System: PrevIdle SysAct] 
2021-11-05 23:06:59.506411 0x483      Default     0xb21                41     0    powerd [powerd:sleepWake] Sleep revert state: 1

2021-11-05 23:06:59.506412 0x483      Default     0xb21                41     0    powerd [powerd:assertions] Process runningboardd.32 Created SystemIsActive "daemon<com.apple.watchlistd>32-165-18:com.apple.CFNetwork.StorageDB" age:00:00:00  id:51539640350 [System: PrevIdle SysAct] 
2021-11-05 23:06:59.515442 0x485      Default     0x0                  41     0    powerd [powerd:assertions] Aysnc Assertion: received initial connection from 153
2021-11-05 23:06:59.523486 0x55b      Info        0x0                  41     0    powerd (libsystem_containermanager.dylib) [com.apple.containermanager:xpc] connection <0x103320e30/0/0; 0x0> invalidated
2021-11-05 23:06:59.530126 0x485      Default     0xcf7                41     0    powerd [powerd:assertions] Process runningboardd.32 Released SystemIsActive "daemon<com.apple.coreidvd>32-168-12:com.apple.CFNetwork.StorageDB" age:00:00:01  id:51539640348 [System: PrevIdle SysAct] 
2021-11-05 23:06:59.530129 0x485      Default     0xcf7                41     0    powerd [powerd:assertions] Process runningboardd.32 Released SystemIsActive "daemon<com.apple.watchlistd>32-165-18:com.apple.CFNetwork.StorageDB" age:00:00:00  id:51539640350 [System: PrevIdle SysAct] 
2021-11-05 23:06:59.531131 0x485      Default     0x0                  41     0    powerd [powerd:assertions] Aysnc Assertion: received initial connection from 71
2021-11-05 23:06:59.538698 0x485      Default     0xd7d                41     0    powerd [powerd:sleepWake] Sleep revert state: 1

2021-11-05 23:06:59.538699 0x485      Default     0xd7d                41     0    powerd [powerd:assertions] Process runningboardd.32 Created SystemIsActive "daemon<com.apple.watchlistd>32-165-21:com.apple.CFNetwork.StorageDB" age:00:00:00  id:51539640354 [System: PrevIdle SysAct] 
2021-11-05 23:06:59.553442 0x48a      Default     0x0                  41     0    powerd [powerd:batteryhealth] Previous Battery Health: Flags:35651587 State:5 MaxCapacity:82 CycleCount:

2021-11-05 23:06:59.553442 0x48a      Default     0x0                  41     0    powerd [powerd:batteryhealth] calib: svcFlags pre: 0x3
2021-11-05 23:06:59.553442 0x48a      Default     0x0                  41     0    powerd [powerd:batteryhealth] calib0: device not relevant
2021-11-05 23:06:59.553442 0x48a      Default     0x0                  41     0    powerd [powerd:batteryhealth] calib: svcFlags post: 0x3
2021-11-05 23:06:59.553471 0x48a      Default     0x0                  41     0    powerd [powerd:batteryhealth] Updated Battery Health: Flags:3 State:0 MaxCapacity:82 CycleCount:

2021-11-05 23:06:59.581321 0x55b      Default     0x0                  41     0    powerd [powerd:assertions] Aysnc Assertion: received initial connection from 157
2021-11-05 23:06:59.597191 0x55b      Default     0x10b2               41     0    powerd [powerd:sleepWake] Sleep revert state: 1

2021-11-05 23:06:59.597193 0x55b      Default     0x10b2               41     0    powerd [powerd:assertions] Process runningboardd.32 Created SystemIsActive "application<com.apple.purplebuddy>;(null):(null);32-61-22:FBApplicationProcess" age:00:00:00  id:51539640356 [System: PrevIdle SysAct] 
2021-11-05 23:06:59.604813 0x524      Default     0x0                  41     0    powerd (CoreAnalytics) [com.apple.CoreAnalytics:client] Received configuration update from daemon (initial)
2021-11-05 23:06:59.619987 0x55b      Default     0x0                  41     0    powerd [powerd:assertions] Process powerd.41 Released PreventUserIdleSystemSleep "Waiting for springboard or equivalent process to start" age:00:00:13  id:4295000065 [System: PrevIdle SysAct] 
2021-11-05 23:06:59.620080 0x55b      Default     0x0                  41     0    powerd [powerd:sleepWake] Sleep revert state: 1

2021-11-05 23:06:59.620082 0x55b      Default     0x0                  41     0    powerd [powerd:assertions] Process CommCenter.89 Created SystemIsActive "LASD cells fetched" age:00:00:00  id:51539640358 [System: PrevIdle SysAct] 
2021-11-05 23:06:59.628312 0x55b      Default     0x1238               41     0    powerd [powerd:assertions] Process runningboardd.32 Released SystemIsActive "application<com.apple.purplebuddy>;(null):(null);32-61-22:FBApplicationProcess" age:00:00:01  id:51539640356 [System: PrevIdle SysAct] 
2021-11-05 23:06:59.640159 0x524      Default     0x125f               41     0    powerd [powerd:assertions] Process runningboardd.32 Released SystemIsActive "daemon<com.apple.bookassetd>32-167-17:com.apple.CFNetwork.StorageDB" age:00:00:05  id:51539640349 [System: PrevIdle SysAct] 
2021-11-05 23:06:59.641934 0x48a      Default     0x0                  41     0    powerd [powerd:assertions] Aysnc Assertion: received initial connection from 75
2021-11-05 23:06:59.666971 0x48a      Default     0x13a6               41     0    powerd [powerd:sleepWake] Sleep revert state: 1

2021-11-05 23:06:59.666973 0x48a      Default     0x13a6               41     0    powerd [powerd:assertions] Process runningboardd.32 Created SystemIsActive "daemon<com.apple.appstored>32-203-36:com.apple.CFNetwork.StorageDB" age:00:00:00  id:51539640363 [System: PrevIdle SysAct] 
2021-11-05 23:06:59.672975 0x524      Default     0x13d2               41     0    powerd [powerd:sleepWake] Sleep revert state: 1

2021-11-05 23:06:59.672976 0x524      Default     0x13d2               41     0    powerd [powerd:assertions] Process runningboardd.32 Created SystemIsActive "daemon<com.apple.itunesstored>32-202-37:com.apple.CFNetwork.StorageDB" age:00:00:00  id:51539640364 [System: PrevIdle SysAct] 
2021-11-05 23:06:59.681054 0x48a      Default     0x93c                41     0    powerd [powerd:assertions] Aysnc Assertion: received initial connection from 68
2021-11-05 23:06:59.688118 0x55b      Default     0x1445               41     0    powerd [powerd:sleepWake] Sleep revert state: 1

2021-11-05 23:06:59.688118 0x55b      Default     0x1445               41     0    powerd [powerd:assertions] Process runningboardd.32 Created SystemIsActive "daemon<com.apple.atc>32-43-39:com.apple.CFNetwork.StorageDB" age:00:00:00  id:51539640365 [System: PrevIdle SysAct] 
2021-11-05 23:06:59.700770 0x48a      Default     0x1580               41     0    powerd [powerd:assertions] Process runningboardd.32 Released SystemIsActive "daemon<com.apple.itunesstored>32-202-37:com.apple.CFNetwork.StorageDB" age:00:00:01  id:51539640364 [System: PrevIdle SysAct] 
2021-11-05 23:06:59.708360 0x48a      Default     0x159d               41     0    powerd [powerd:assertions] Process CommCenter.89 Released SystemIsActive "LASD cells fetched" age:00:00:03  id:51539640358 [System: PrevIdle SysAct] 
2021-11-05 23:06:59.934169 0x524      Default     0x209b               41     0    powerd [powerd:assertions] Process runningboardd.32 Released SystemIsActive "daemon<com.apple.amsaccountsd>32-87-53:com.apple.CFNetwork.StorageDB" age:00:00:01  id:51539640379 [System: PrevIdle SysAct] 
2021-11-05 23:06:59.945487 0x524      Default     0x0                  41     0    powerd [powerd:assertions] Check assertion activity update from clients 0
2021-11-05 23:06:59.945495 0x524      Default     0x0                  41     0    powerd [powerd:assertions] checkForAssertionActivityUpdates : setting timer to fire in 5 secs
2021-11-05 23:06:59.945496 0x524      Default     0x0                  41     0    powerd [powerd:assertions] checkForAssertionActivityUpdates : setting timer to fire in 5 secs
2021-11-05 23:06:59.945582 0x55b      Default     0x0                  41     0    powerd [powerd:assertions] Assertion Activity Update: logged 9 entries. New refCnt 217, overflow 0
2021-11-05 23:06:59.951643 0x55b      Default     0x20be               41     0    powerd [powerd:assertions] Process runningboardd.32 Released SystemIsActive "daemon<com.apple.amsengagementd>32-169-56:com.apple.CFNetwork.StorageDB" age:00:00:01  id:51539640380 [System: PrevIdle SysAct] 
2021-11-05 23:06:59.955757 0x55b      Default     0x20ed               41     0    powerd [powerd:assertions] Process runningboardd.32 Released SystemIsActive "daemon<com.apple.ap.promotedcontentd>32-217-60:com.apple.CFNetwork.StorageDB" age:00:00:01  id:51539640381 [System: PrevIdle SysAct] 
2021-11-05 23:06:59.961582 0x55b      Default     0x0                  41     0    powerd [powerd:batteryhealth] Previous Battery Health: Flags:3 State:0 MaxCapacity:82 CycleCount:

2021-11-05 23:06:59.961582 0x55b      Default     0x0                  41     0    powerd [powerd:batteryhealth] calib: svcFlags pre: 0x3
2021-11-05 23:06:59.961582 0x55b      Default     0x0                  41     0    powerd [powerd:batteryhealth] calib0: device not relevant
2021-11-05 23:06:59.961582 0x55b      Default     0x0                  41     0    powerd [powerd:batteryhealth] calib: svcFlags post: 0x3
2021-11-05 23:06:59.961586 0x55b      Default     0x0                  41     0    powerd [powerd:batteryhealth] Updated Battery Health: Flags:3 State:0 MaxCapacity:82 CycleCount:

2021-11-05 23:06:59.961602 0x55b      Default     0x0                  41     0    powerd [powerd:batteryhealth] Previous Battery Health: Flags:3 State:0 MaxCapacity:82 CycleCount:

2021-11-05 23:06:59.961602 0x55b      Default     0x0                  41     0    powerd [powerd:batteryhealth] calib: svcFlags pre: 0x3
2021-11-05 23:06:59.961602 0x55b      Default     0x0                  41     0    powerd [powerd:batteryhealth] calib0: device not relevant
2021-11-05 23:06:59.961602 0x55b      Default     0x0                  41     0    powerd [powerd:batteryhealth] calib: svcFlags post: 0x3
2021-11-05 23:06:59.961605 0x55b      Default     0x0                  41     0    powerd [powerd:batteryhealth] Updated Battery Health: Flags:3 State:0 MaxCapacity:82 CycleCount:

2021-11-05 23:06:59.961618 0x55b      Default     0x0                  41     0    powerd [powerd:batteryhealth] Previous Battery Health: Flags:3 State:0 MaxCapacity:82 CycleCount:

2021-11-05 23:06:59.961618 0x55b      Default     0x0                  41     0    powerd [powerd:batteryhealth] calib: svcFlags pre: 0x3
2021-11-05 23:06:59.961618 0x55b      Default     0x0                  41     0    powerd [powerd:batteryhealth] calib0: device not relevant
2021-11-05 23:06:59.961618 0x55b      Default     0x0                  41     0    powerd [powerd:batteryhealth] calib: svcFlags post: 0x3
2021-11-05 23:06:59.961621 0x55b      Default     0x0                  41     0    powerd [powerd:batteryhealth] Updated Battery Health: Flags:3 State:0 MaxCapacity:82 CycleCount:

2021-11-05 23:07:00.028324 0x55b      Error       0x0                  41     0    powerd [powerd:assertions] Async client id is not found for id 0x8002

2021-11-05 23:07:00.028325 0x55b      Default     0x0                  41     0    powerd [powerd:assertions] Process mediaserverd.35 TimedOut PreventUserIdleSystemSleep "com.apple.APEndpointManagerCarPlay.timed" age:00:00:30  id:4295000066 [System: PrevIdle SysAct] 
2021-11-05 23:07:00.135801 0x55b      Default     0x0                  41     0    powerd [powerd:assertions] Process apsd.106 Released NoIdleSleepAssertion "com.apple.apsd-connectcouriers" age:00:00:11  id:4295000122 [System: PrevIdle SysAct] 
2021-11-05 23:07:00.159003 0x524      Default     0x2167               41     0    powerd [powerd:sleepWake] Sleep revert state: 1

2021-11-05 23:07:00.159005 0x524      Default     0x2167               41     0    powerd [powerd:assertions] Process runningboardd.32 Created SystemIsActive "daemon<com.apple.atc>32-173-64:com.apple.medialibraryd D9CC6DF0-B6C6-4A82-9175-5DCE1DC4A585 Finish Task Assertion, Database transaction for library at path: /var/mobile/Media/iTunes_Control/iTunes/MediaLibrary.sqlitedb(FinishTask)" age:00:00:00  id:51539640384 [System: PrevIdle SysAct] 
2021-11-05 23:07:00.161840 0x524      Default     0x2180               41     0    powerd [powerd:assertions] Process runningboardd.32 Released SystemIsActive "daemon<com.apple.atc>32-173-64:com.apple.medialibraryd D9CC6DF0-B6C6-4A82-9175-5DCE1DC4A585 Finish Task Assertion, Database transaction for library at path: /var/mobile/Media/iTunes_Control/iTunes/MediaLibrary.sqlitedb(FinishTask)" age:00:00:00  id:51539640384 [System: PrevIdle SysAct] 
2021-11-05 23:07:00.332020 0x55b      Default     0x0                  41     0    powerd [powerd:systemLoad] rootDomain's user activity state:0

2021-11-05 23:07:00.332020 0x55b      Default     0x0                  41     0    powerd [powerd:systemLoad] Display state: Off NotificationWake : 0

2021-11-05 23:07:00.332076 0x55b      Default     0x0                  41     0    powerd [powerd:systemLoad] Activity changes from 0x1 to 0x0. UseActiveState:0

2021-11-05 23:07:00.332076 0x55b      Default     0x0                  41     0    powerd [powerd:systemLoad] hidActive:0 displayOff:1 assertionActivityValid:0 now:0x35  hid_ts:0x0 assertion_ts:0x0

2021-11-05 23:07:00.332597 0x55b      Default     0x0                  41     0    powerd [powerd:assertions] Process locationd.68 Summary NoIdleSleepAssertion "com.apple.persistentconnection[locationd,68,com.apple.locationd.clSeparationAlertsServicePersistentTimer-PendingSimpleTimer(0x10519c200)]" age:00:00:09  id:4295000126 [System: PrevIdle SysAct] 
2021-11-05 23:07:00.332597 0x55b      Default     0x0                  41     0    powerd [powerd:assertions] Process dasd.99 Summary PreventUserIdleSystemSleep "DASActivity:com.apple.UsageTrackingAgent.activity.reset-device-activity-alarms" age:00:00:02  id:4295000129 [System: PrevIdle SysAct] 
2021-11-05 23:07:00.332597 0x55b      Default     0x0                  41     0    powerd [powerd:assertions] Process runningboardd.32 Summary SystemIsActive "daemon<com.apple.SpringBoard>32-61-3:FBSystemApp-PreventIdleSleep" age:00:00:42  id:51539640323 [System: PrevIdle SysAct] 
2021-11-05 23:07:00.332646 0x55b      Default     0x0                  41     0    powerd [powerd:assertions] Process kernel_task.0 Released Idle Sleep Preventer "AppleARMBacklight" age: id:0 [System: PrevIdle SysAct] 
2021-11-05 23:07:00.347022 0x524      Default     0x225f               41     0    powerd [powerd:assertions] Process runningboardd.32 Released SystemIsActive "daemon<com.apple.SpringBoard>32-61-3:FBSystemApp-PreventIdleSleep" age:00:00:43  id:51539640323 [System: PrevIdle] 
2021-11-05 23:07:00.463054 0x524      Default     0x0                  41     0    powerd [powerd:assertions] Process locationd.68 Released NoIdleSleepAssertion "com.apple.persistentconnection[locationd,68,com.apple.locationd.clSeparationAlertsServicePersistentTimer-PendingSimpleTimer(0x10519c200)]" age:00:00:15  id:4295000126 [System: PrevIdle] 
2021-11-05 23:07:00.728482 0x484      Default     0x0                  41     0    powerd [powerd:assertions] Sending assertion timeout message for id 0x8042 to 29 for 0x80040000

2021-11-05 23:07:00.728485 0x484      Default     0x0                  41     0    powerd [powerd:assertions] Process UserEventAgent.29 TimedOut PreventUserIdleSystemSleep "TEMP:com.apple.nanotimekitcompanion.snapshots.prewarm" age:00:00:15  id:4295000130 [System: PrevIdle] 
2021-11-05 23:07:00.971061 0x484      Default     0x0                  41     0    powerd [powerd:assertions] Process imagent.71 Released NoIdleSleepAssertion "com.apple.persistentconnection[imagent,71,message-watchdog-timer-PendingSimpleTimer(0x139d3e980)]" age:00:00:14  id:4295000131 [System: PrevIdle] 
2021-11-05 23:07:01.120850 0x484      Default     0x0                  41     0    powerd [powerd:assertions] Process locationd.68 Released NoIdleSleepAssertion "com.apple.persistentconnection[locationd,68,FenceManagerStart-PendingSimpleTimer(0x105008c70)]" age:00:00:15  id:4295000132 [System: PrevIdle] 
2021-11-05 23:07:01.365685 0xd5e      Default     0x2426               41     0    powerd [powerd:sleepWake] Sleep revert state: 1

2021-11-05 23:07:01.365688 0xd5e      Default     0x2426               41     0    powerd [powerd:assertions] Process runningboardd.32 Created SystemIsActive "xpcservice<com.apple.accessibility.AccessibilityUIServer(no host)>:25332-253-65:Shared Background Assertion 0 for com.apple.accessibility.AccessibilityUIServer(FinishTask)" age:00:00:00  id:51539640389 [System: PrevIdle SysAct] 
2021-11-05 23:07:01.368618 0xd5e      Default     0x242c               41     0    powerd [powerd:assertions] Process runningboardd.32 Released SystemIsActive "xpcservice<com.apple.accessibility.AccessibilityUIServer(no host)>:25332-253-65:Shared Background Assertion 0 for com.apple.accessibility.AccessibilityUIServer(FinishTask)" age:00:00:00  id:51539640389 [System: PrevIdle] 
2021-11-05 23:07:02.389708 0xd94      Default     0x2460               41     0    powerd [powerd:sleepWake] Sleep revert state: 1

2021-11-05 23:07:02.389711 0xd94      Default     0x2460               41     0    powerd [powerd:assertions] Process runningboardd.32 Created SystemIsActive "daemon<com.apple.akd>32-160-66:com.apple.CFNetwork.StorageDB" age:00:00:00  id:51539640390 [System: PrevIdle SysAct] 
2021-11-05 23:07:02.419469 0xd94      Default     0x2467               41     0    powerd [powerd:assertions] Process runningboardd.32 Released SystemIsActive "daemon<com.apple.akd>32-160-66:com.apple.CFNetwork.StorageDB" age:00:00:01  id:51539640390 [System: PrevIdle] 
2021-11-05 23:07:05.303751 0xefe      Default     0x2483               41     0    powerd [powerd:sleepWake] Sleep revert state: 1

2021-11-05 23:07:05.303754 0xefe      Default     0x2483               41     0    powerd [powerd:assertions] Process runningboardd.32 Created SystemIsActive "daemon<com.apple.akd>32-160-67:com.apple.CFNetwork.StorageDB" age:00:00:00  id:51539640391 [System: PrevIdle SysAct] 
2021-11-05 23:07:05.332447 0xefe      Default     0x248a               41     0    powerd [powerd:assertions] Process runningboardd.32 Released SystemIsActive "daemon<com.apple.akd>32-160-67:com.apple.CFNetwork.StorageDB" age:00:00:01  id:51539640391 [System: PrevIdle] 
2021-11-05 23:07:08.013569 0x1046     Default     0x0                  41     0    powerd [powerd:batteryhealth] Previous Battery Health: Flags:3 State:0 MaxCapacity:82 CycleCount:

2021-11-05 23:07:08.013569 0x1046     Default     0x0                  41     0    powerd [powerd:batteryhealth] calib: svcFlags pre: 0x3
2021-11-05 23:07:08.013569 0x1046     Default     0x0                  41     0    powerd [powerd:batteryhealth] calib0: device not relevant
2021-11-05 23:07:08.013569 0x1046     Default     0x0                  41     0    powerd [powerd:batteryhealth] calib: svcFlags post: 0x3
2021-11-05 23:07:08.013573 0x1046     Default     0x0                  41     0    powerd [powerd:batteryhealth] Updated Battery Health: Flags:3 State:0 MaxCapacity:82 CycleCount:

2021-11-05 23:07:08.013592 0x1046     Default     0x0                  41     0    powerd [powerd:batteryhealth] Previous Battery Health: Flags:3 State:0 MaxCapacity:82 CycleCount:

2021-11-05 23:07:08.013592 0x1046     Default     0x0                  41     0    powerd [powerd:batteryhealth] calib: svcFlags pre: 0x3
2021-11-05 23:07:08.013593 0x1046     Default     0x0                  41     0    powerd [powerd:batteryhealth] calib0: device not relevant
2021-11-05 23:07:08.013593 0x1046     Default     0x0                  41     0    powerd [powerd:batteryhealth] calib: svcFlags post: 0x3
2021-11-05 23:07:08.013596 0x1046     Default     0x0                  41     0    powerd [powerd:batteryhealth] Updated Battery Health: Flags:3 State:0 MaxCapacity:82 CycleCount:

2021-11-05 23:07:08.019069 0x1046     Default     0x0                  41     0    powerd [powerd:batteryhealth] Previous Battery Health: Flags:3 State:0 MaxCapacity:82 CycleCount:

2021-11-05 23:07:08.019069 0x1046     Default     0x0                  41     0    powerd [powerd:batteryhealth] calib: svcFlags pre: 0x3
2021-11-05 23:07:08.019069 0x1046     Default     0x0                  41     0    powerd [powerd:batteryhealth] calib0: device not relevant
2021-11-05 23:07:08.019069 0x1046     Default     0x0                  41     0    powerd [powerd:batteryhealth] calib: svcFlags post: 0x3
2021-11-05 23:07:08.019073 0x1046     Default     0x0                  41     0    powerd [powerd:batteryhealth] Updated Battery Health: Flags:3 State:0 MaxCapacity:82 CycleCount:

2021-11-05 23:07:08.019092 0x1046     Default     0x0                  41     0    powerd [powerd:batteryhealth] Previous Battery Health: Flags:3 State:0 MaxCapacity:82 CycleCount:

2021-11-05 23:07:08.019093 0x1046     Default     0x0                  41     0    powerd [powerd:batteryhealth] calib: svcFlags pre: 0x3
2021-11-05 23:07:08.019093 0x1046     Default     0x0                  41     0    powerd [powerd:batteryhealth] calib0: device not relevant
2021-11-05 23:07:08.019093 0x1046     Default     0x0                  41     0    powerd [powerd:batteryhealth] calib: svcFlags post: 0x3
2021-11-05 23:07:08.019096 0x1046     Default     0x0                  41     0    powerd [powerd:batteryhealth] Updated Battery Health: Flags:3 State:0 MaxCapacity:82 CycleCount:

2021-11-05 23:07:08.213750 0x10e0     Default     0x2705               41     0    powerd [powerd:sleepWake] Sleep revert state: 1

2021-11-05 23:07:08.213752 0x10e0     Default     0x2705               41     0    powerd [powerd:assertions] Process runningboardd.32 Created SystemIsActive "daemon<com.apple.akd>32-160-68:com.apple.CFNetwork.StorageDB" age:00:00:00  id:51539640393 [System: PrevIdle SysAct] 
2021-11-05 23:07:08.241331 0x10e0     Default     0x270c               41     0    powerd [powerd:assertions] Process runningboardd.32 Released SystemIsActive "daemon<com.apple.akd>32-160-68:com.apple.CFNetwork.StorageDB" age:00:00:01  id:51539640393 [System: PrevIdle] 
2021-11-05 23:14:02.050081 0x3f5      Default     0x0                  41     0    powerd [powerd:prefs] Looking for MDM prefs

2021-11-05 23:14:02.050085 0x3f5      Error       0x0                  41     0    powerd [powerd:prefs] Failed to get prefs from path

2021-11-05 23:14:02.050210 0x3f5      Activity    0x80                 41     0    powerd (CoreFoundation) Loading Preferences From System CFPrefsD
2021-11-05 23:14:02.050236 0x3f5      Activity    0x81                 41     0    powerd (CoreFoundation) Loading Preferences From System CFPrefsD
2021-11-05 23:14:02.050268 0x3f5      Default     0x0                  41     0    powerd [powerd:pmSettings] Sleep timer 2147483647 display timer 10

2021-11-05 23:14:02.050323 0x3f5      Default     0x0                  41     0    powerd [powerd:assertions] Trial Initialization: Starting Timer
2021-11-05 23:14:02.050323 0x3f5      Default     0x0                  41     0    powerd [powerd:systemLoad] rootDomain's user activity state:1

2021-11-05 23:14:02.050402 0x3f5      Default     0x0                  41     0    powerd [powerd:lowPowerMode] LPM: Initialized PMLowPowerModeService

2021-11-05 23:14:02.050441 0x485      Default     0x0                  41     0    powerd [powerd:battery] posted 'com.apple.system.powersources.attach'

2021-11-05 23:14:02.050443 0x485      Default     0x0                  41     0    powerd [powerd:battery] posted 'com.apple.system.powermanagement.poweradapter'

2021-11-05 23:14:02.050457 0x485      Default     0x0                  41     0    powerd [powerd:batteryhealth] batteryHealthP0Threshold set to 0

2021-11-05 23:14:02.050459 0x485      Default     0x0                  41     0    powerd [powerd:batteryhealth] batteryHealthUPOAware set to 0

2021-11-05 23:14:02.050464 0x485      Activity    0x82                 41     0    powerd (CoreFoundation) Loading Preferences From System CFPrefsD
2021-11-05 23:14:02.050494 0x485      Default     0x0                  41     0    powerd [powerd:batteryhealth] Previous Battery Health: Flags:3 State:0 MaxCapacity:82 CycleCount:

2021-11-05 23:14:02.050494 0x485      Default     0x0                  41     0    powerd [powerd:batteryhealth] calib: svcFlags pre: 0x3
2021-11-05 23:14:02.050495 0x485      Default     0x0                  41     0    powerd [powerd:batteryhealth] calib0: device not relevant
2021-11-05 23:14:02.050495 0x485      Default     0x0                  41     0    powerd [powerd:batteryhealth] calib: svcFlags post: 0x3
2021-11-05 23:14:02.050495 0x485      Error       0x0                  41     0    powerd [powerd:batteryhealth] Failed to calculate Nominal Capacity percentage. NominalCapacity:0 DesignCapacity:0

2021-11-05 23:14:02.050495 0x485      Error       0x0                  41     0    powerd [powerd:batteryhealth] Battery health UPO Aware value not set

2021-11-05 23:14:02.050495 0x485      Error       0x0                  41     0    powerd [powerd:batteryhealth] Battery P0 threshold is not set

2021-11-05 23:14:02.050496 0x485      Default     0x0                  41     0    powerd [powerd:batteryhealth] Unable to determine Battery Health Service state. Service Flags:0x2280003 Service State:5

2021-11-05 23:14:02.050496 0x485      Default     0x0                  41     0    powerd [powerd:batteryhealth] calib: skipping due to precedence
2021-11-05 23:14:02.050523 0x485      Default     0x0                  41     0    powerd [powerd:batteryhealth] Updated Battery Health: Flags:36175875 State:5 MaxCapacity:82 CycleCount:

2021-11-05 23:14:02.050523 0x485      Default     0x0                  41     0    powerd [powerd:battery] Battery time remaining posted(0x10000001c4b0000) Time:0 Source:AC

2021-11-05 23:14:02.050527 0x485      Default     0x0                  41     0    powerd [powerd:battery] posted 'com.apple.system.powersources.lowbattery'

2021-11-05 23:14:02.050528 0x485      Default     0x0                  41     0    powerd [powerd:battery] Battery capacity change posted(0xb0064). Capacity:100 Source:AC

2021-11-05 23:14:02.050528 0x485      Default     0x0                  41     0    powerd [powerd:battery] Power Source change. Source:AC
2021-11-05 23:14:02.050553 0x488      Default     0x0                  41     0    powerd [powerd:BDC] No match for SMC IOService. Can't start BDC
2021-11-05 23:14:02.050694 0x483      Default     0x0                  41     0    powerd [powerd:systemLoad] Activity changes from 0xffff to 0x0. UseActiveState:0

2021-11-05 23:14:02.050694 0x483      Default     0x0                  41     0    powerd [powerd:systemLoad] hidActive:1 displayOff:1 assertionActivityValid:0 now:0xa  hid_ts:0xa assertion_ts:0x0

2021-11-05 23:14:02.050699 0x483      Default     0x0                  41     0    powerd [powerd:assertions] Assertion bufffer initialized. Sending high water mark notification
2021-11-05 23:14:02.051371 0x483      Default     0x0                  41     0    powerd (Trial) [com.apple.trial:_] Initializing TRIClient. Trial version: TrialXP-276
2021-11-05 23:14:02.051380 0x483      Default     0x0                  41     0    powerd (Trial) [com.apple.trial:_] <private> 0x101114630 (no container): using Trial root dir <private>
2021-11-05 23:14:02.051464 0x483      Default     0x0                  41     0    powerd (Trial) [com.apple.trial:_] adding update handler 0 for namespace COREOS_POWERD_ASSERTIONS
2021-11-05 23:14:02.051836 0x483      Default     0x0                  41     0    powerd (Trial) [com.apple.trial:_] Namespace resolver file not present: <private>
2021-11-05 23:14:02.051867 0x483      Default     0x0                  41     0    powerd [powerd:assertions] System Assertion Timer: feature enabled, feature flag: 1, trial value: 1
2021-11-05 23:14:02.051873 0x483      Default     0x0                  41     0    powerd [powerd:assertions] System Assertion Timer: assertion timeouts data: <private>
2021-11-05 23:14:02.051890 0x483      Default     0x0                  41     0    powerd [powerd:assertions] System Assertion Timer: setting timeout value to 600
2021-11-05 23:14:02.058652 0x488      Default     0x5b                 41     0    powerd [powerd:sleepWake] Sleep revert state: 1

2021-11-05 23:14:02.058653 0x488      Default     0x5b                 41     0    powerd [powerd:assertions] Process runningboardd.32 Created SystemIsActive "daemon<com.apple.SpringBoard>32-61-2:FBSystemShellInitialize" age:00:00:00  id:51539640323 [System: PrevIdle SysAct] 
2021-11-05 23:14:02.065113 0x488      Default     0x0                  41     0    powerd [powerd:assertions] Aysnc Assertion: received initial connection from 35
2021-11-05 23:14:02.069708 0x485      Default     0x0                  41     0    powerd [powerd:systemLoad] Display state: On NotificationWake : 0

2021-11-05 23:14:02.069709 0x485      Default     0x0                  41     0    powerd [powerd:systemLoad] Activity changes from 0x0 to 0x1. UseActiveState:1

2021-11-05 23:14:02.069709 0x485      Default     0x0                  41     0    powerd [powerd:systemLoad] hidActive:1 displayOff:0 assertionActivityValid:0 now:0xb  hid_ts:0xa assertion_ts:0x0

2021-11-05 23:14:02.098440 0x504      Default     0x0                  41     0    powerd [powerd:sleepWake] Sleep revert state: 1

2021-11-05 23:14:02.098442 0x504      Default     0x0                  41     0    powerd [powerd:assertions] Process CommCenter.89 Created SystemIsActive "com.apple.AppleBasebandManager.ServerNotReady" age:00:00:00  id:51539640338 [System: PrevIdle SysAct] 
2021-11-05 23:14:02.099049 0x487      Default     0x0                  41     0    powerd [powerd:lowPowerMode] LPM: Deferred Init timer fired

2021-11-05 23:14:02.100873 0x504      Default     0x0                  41     0    powerd [powerd:sleepWake] Sleep revert state: 1

2021-11-05 23:14:02.100875 0x504      Default     0x0                  41     0    powerd [powerd:assertions] Process CommCenter.89 Created SystemIsActive "com.apple.AppleBasebandManager.RadioNotReady.Bootup" age:00:00:00  id:51539640339 [System: PrevIdle SysAct] 
2021-11-05 23:14:02.113577 0x58f      Default     0x0                  41     0    powerd [powerd:batteryhealth] Received notification for batteryHealthP0Threshold. Value set to 500

2021-11-05 23:14:02.113578 0x58f      Default     0x0                  41     0    powerd [powerd:batteryhealth] Received notification for batteryHealthUPOAware. Value set to 5850451

2021-11-05 23:14:02.114545 0x504      Default     0x0                  41     0    powerd [powerd:assertions] Aysnc Assertion: received initial connection from 85
2021-11-05 23:14:02.141108 0x485      Default     0x0                  41     0    powerd [powerd:batteryhealth] Previous Battery Health: Flags:36175875 State:5 MaxCapacity:82 CycleCount:

2021-11-05 23:14:02.141108 0x485      Default     0x0                  41     0    powerd [powerd:batteryhealth] calib: svcFlags pre: 0x3
2021-11-05 23:14:02.141108 0x485      Default     0x0                  41     0    powerd [powerd:batteryhealth] calib0: device not relevant
2021-11-05 23:14:02.141108 0x485      Default     0x0                  41     0    powerd [powerd:batteryhealth] calib: svcFlags post: 0x3
2021-11-05 23:14:02.141108 0x485      Error       0x0                  41     0    powerd [powerd:batteryhealth] Failed to calculate Nominal Capacity percentage. NominalCapacity:0 DesignCapacity:0

2021-11-05 23:14:02.141109 0x485      Activity    0x83                 41     0    powerd (CoreFoundation) Loading Preferences From System CFPrefsD
2021-11-05 23:14:02.141199 0x485      Error       0x0                  41     0    powerd [powerd:batteryhealth] Failed to read battery weightedRa

2021-11-05 23:14:02.141199 0x485      Default     0x0                  41     0    powerd [powerd:batteryhealth] Unable to determine Battery Health Service state. Service Flags:0x2200003 Service State:5

2021-11-05 23:14:02.141199 0x485      Default     0x0                  41     0    powerd [powerd:batteryhealth] calib: skipping due to precedence
2021-11-05 23:14:02.141216 0x485      Default     0x0                  41     0    powerd [powerd:batteryhealth] Updated Battery Health: Flags:35651587 State:5 MaxCapacity:82 CycleCount:

2021-11-05 23:14:02.141535 0x485      Default     0x0                  41     0    powerd [powerd:batteryhealth] Previous Battery Health: Flags:35651587 State:5 MaxCapacity:82 CycleCount:

2021-11-05 23:14:02.141535 0x485      Default     0x0                  41     0    powerd [powerd:batteryhealth] calib: svcFlags pre: 0x3
2021-11-05 23:14:02.141535 0x485      Default     0x0                  41     0    powerd [powerd:batteryhealth] calib0: device not relevant
2021-11-05 23:14:02.141535 0x485      Default     0x0                  41     0    powerd [powerd:batteryhealth] calib: svcFlags post: 0x3
2021-11-05 23:14:02.141535 0x485      Error       0x0                  41     0    powerd [powerd:batteryhealth] Failed to calculate Nominal Capacity percentage. NominalCapacity:0 DesignCapacity:0

2021-11-05 23:14:02.141535 0x485      Error       0x0                  41     0    powerd [powerd:batteryhealth] Failed to read battery weightedRa

2021-11-05 23:14:02.141535 0x485      Default     0x0                  41     0    powerd [powerd:batteryhealth] Unable to determine Battery Health Service state. Service Flags:0x2200003 Service State:5

2021-11-05 23:14:02.141535 0x485      Default     0x0                  41     0    powerd [powerd:batteryhealth] calib: skipping due to precedence
2021-11-05 23:14:02.141537 0x485      Default     0x0                  41     0    powerd [powerd:batteryhealth] Updated Battery Health: Flags:35651587 State:5 MaxCapacity:82 CycleCount:

2021-11-05 23:14:02.141554 0x485      Default     0x0                  41     0    powerd [powerd:batteryhealth] Previous Battery Health: Flags:35651587 State:5 MaxCapacity:82 CycleCount:

2021-11-05 23:14:02.141554 0x485      Default     0x0                  41     0    powerd [powerd:batteryhealth] calib: svcFlags pre: 0x3
2021-11-05 23:14:02.141555 0x485      Default     0x0                  41     0    powerd [powerd:batteryhealth] calib0: device not relevant
2021-11-05 23:14:02.141555 0x485      Default     0x0                  41     0    powerd [powerd:batteryhealth] calib: svcFlags post: 0x3
2021-11-05 23:14:02.141555 0x485      Error       0x0                  41     0    powerd [powerd:batteryhealth] Failed to calculate Nominal Capacity percentage. NominalCapacity:0 DesignCapacity:0

2021-11-05 23:14:02.141555 0x485      Error       0x0                  41     0    powerd [powerd:batteryhealth] Failed to read battery weightedRa

2021-11-05 23:14:02.141556 0x485      Default     0x0                  41     0    powerd [powerd:batteryhealth] Unable to determine Battery Health Service state. Service Flags:0x2200003 Service State:5

2021-11-05 23:14:02.141556 0x485      Default     0x0                  41     0    powerd [powerd:batteryhealth] calib: skipping due to precedence
2021-11-05 23:14:02.141557 0x485      Default     0x0                  41     0    powerd [powerd:batteryhealth] Updated Battery Health: Flags:35651587 State:5 MaxCapacity:82 CycleCount:

2021-11-05 23:14:02.147699 0x485      Default     0x0                  41     0    powerd [powerd:assertions] Aysnc Assertion: received initial connection from 58
2021-11-05 23:14:02.167197 0x485      Default     0x490                41     0    powerd [powerd:sleepWake] Sleep revert state: 1

2021-11-05 23:14:02.167198 0x485      Default     0x490                41     0    powerd [powerd:assertions] Process runningboardd.32 Created SystemIsActive "daemon<com.apple.nsurlsessiond>32-133-9:com.apple.CFNetwork.StorageDB" age:00:00:00  id:51539640342 [System: PrevIdle SysAct] 
2021-11-05 23:14:02.189100 0x487      Default     0x0                  41     0    powerd [powerd:lowPowerMode] LPM: Pluggedin=1 at init

2021-11-05 23:14:02.214571 0x487      Default     0x0                  41     0    powerd [powerd:lowPowerMode] LPM: Battery Percentage=100% at init

2021-11-05 23:14:02.217972 0x487      Default     0x0                  41     0    powerd [powerd:lowPowerMode] LPM: readPreferences: autoDisableThreshold=80%, autoDisableWhenPluggedIn=0

2021-11-05 23:14:02.217985 0x58f      Default     0x6ff                41     0    powerd [powerd:sleepWake] Sleep revert state: 1

2021-11-05 23:14:02.217986 0x58f      Default     0x6ff                41     0    powerd [powerd:assertions] Process runningboardd.32 Created SystemIsActive "daemon<com.apple.akd>32-156-10:com.apple.CFNetwork.StorageDB" age:00:00:00  id:51539640345 [System: PrevIdle SysAct] 
2021-11-05 23:14:02.238288 0x487      Default     0x0                  41     0    powerd [powerd:lowPowerMode] LPM: No previous defaults state found

2021-11-05 23:14:02.238288 0x487      Default     0x0                  41     0    powerd [powerd:lowPowerMode] LPM: No saved state found, not auto-enabling

2021-11-05 23:14:02.238289 0x487      Default     0x0                  41     0    powerd (FindMyDevice) [com.apple.icloud.findmydeviced:_] -[FMDFMIPManager isLostModeActive]
2021-11-05 23:14:02.238290 0x487      Activity    0x84                 41     0    powerd (libsystem_containermanager.dylib) container_system_path_for_identifier
2021-11-05 23:14:02.238291 0x487      Info        0x84                 41     0    powerd (libsystem_containermanager.dylib) [com.apple.containermanager:cache] containermanagerd not initialized yet. can't return container for group systemgroup.com.apple.icloud.findmydevice.managed in process
2021-11-05 23:14:02.238291 0x487      Info        0x84                 41     0    powerd (libsystem_containermanager.dylib) [com.apple.containermanager:cache] Cache miss; command = 17, identifier = <private>, groupIdentifier = systemgroup.com.apple.icloud.findmydevice.managed
2021-11-05 23:14:02.242538 0x487      Default     0x0                  41     0    powerd (libsystem_containermanager.dylib) [com.apple.containermanager:unspecified] container_system_group_path_for_identifier: success
2021-11-05 23:14:02.242542 0x487      Default     0x0                  41     0    powerd (FindMyDevice) [com.apple.icloud.findmydeviced:_] Shared file not found. Returning lost mode type as - FMDLostModeTypeNone
2021-11-05 23:14:02.242542 0x487      Default     0x0                  41     0    powerd (FindMyDevice) [com.apple.icloud.findmydeviced:_] FMiP shared info has lost mode type - 0
2021-11-05 23:14:02.242542 0x487      Default     0x0                  41     0    powerd (FindMyDevice) [com.apple.icloud.findmydeviced:_] -[FMDFMIPManager isLostModeActive] : NO
2021-11-05 23:14:02.242548 0x485      Default     0x8c9                41     0    powerd [powerd:assertions] Process runningboardd.32 Released SystemIsActive "daemon<com.apple.nsurlsessiond>32-133-9:com.apple.CFNetwork.StorageDB" age:00:00:03  id:51539640342 [System: PrevIdle SysAct] 
2021-11-05 23:14:02.247088 0x485      Default     0x93c                41     0    powerd [powerd:assertions] Process runningboardd.32 Released SystemIsActive "daemon<com.apple.akd>32-156-10:com.apple.CFNetwork.StorageDB" age:00:00:01  id:51539640345 [System: PrevIdle SysAct] 
2021-11-05 23:14:02.251157 0x485      Default     0x96a                41     0    powerd [powerd:sleepWake] Sleep revert state: 1

2021-11-05 23:14:02.251158 0x485      Default     0x96a                41     0    powerd [powerd:assertions] Process runningboardd.32 Created SystemIsActive "daemon<com.apple.watchlistd>32-161-13:com.apple.CFNetwork.StorageDB" age:00:00:00  id:51539640346 [System: PrevIdle SysAct] 
2021-11-05 23:14:02.253520 0x487      Default     0x0                  41     0    powerd [powerd:batteryhealth] Previous Battery Health: Flags:35651587 State:5 MaxCapacity:82 CycleCount:

2021-11-05 23:14:02.253521 0x487      Default     0x0                  41     0    powerd [powerd:batteryhealth] calib: svcFlags pre: 0x3
2021-11-05 23:14:02.253521 0x487      Default     0x0                  41     0    powerd [powerd:batteryhealth] calib0: device not relevant
2021-11-05 23:14:02.253521 0x487      Default     0x0                  41     0    powerd [powerd:batteryhealth] calib: svcFlags post: 0x3
2021-11-05 23:14:02.253607 0x487      Default     0x0                  41     0    powerd [powerd:batteryhealth] Updated Battery Health: Flags:3 State:0 MaxCapacity:82 CycleCount:

2021-11-05 23:14:02.265029 0x485      Default     0xa50                41     0    powerd [powerd:sleepWake] Sleep revert state: 1

2021-11-05 23:14:02.265031 0x485      Default     0xa50                41     0    powerd [powerd:assertions] Process runningboardd.32 Created SystemIsActive "daemon<com.apple.ind>32-171-14:com.apple.CFNetwork.StorageDB" age:00:00:00  id:51539640348 [System: PrevIdle SysAct] 
2021-11-05 23:14:02.276766 0x485      Default     0x0                  41     0    powerd [powerd:assertions] Aysnc Assertion: received initial connection from 154
2021-11-05 23:14:02.288157 0x485      Default     0xac2                41     0    powerd [powerd:assertions] Process runningboardd.32 Released SystemIsActive "daemon<com.apple.watchlistd>32-161-13:com.apple.CFNetwork.StorageDB" age:00:00:01  id:51539640346 [System: PrevIdle SysAct] 
2021-11-05 23:14:02.297230 0x488      Info        0x0                  41     0    powerd (libsystem_containermanager.dylib) [com.apple.containermanager:xpc] connection <0x10101d380/0/0; 0x0> invalidated
2021-11-05 23:14:02.299371 0x487      Default     0xbc1                41     0    powerd [powerd:sleepWake] Sleep revert state: 1

2021-11-05 23:14:02.299373 0x487      Default     0xbc1                41     0    powerd [powerd:assertions] Process runningboardd.32 Created SystemIsActive "daemon<com.apple.akd>32-156-16:com.apple.CFNetwork.StorageDB" age:00:00:00  id:51539640350 [System: PrevIdle SysAct] 
2021-11-05 23:14:02.299408 0x487      Default     0xbc5                41     0    powerd [powerd:sleepWake] Sleep revert state: 1

2021-11-05 23:14:02.299410 0x487      Default     0xbc5                41     0    powerd [powerd:assertions] Process runningboardd.32 Created SystemIsActive "daemon<com.apple.coreidvd>32-160-18:com.apple.CFNetwork.StorageDB" age:00:00:00  id:51539640351 [System: PrevIdle SysAct] 
2021-11-05 23:14:02.304101 0x487      Default     0xbc2                41     0    powerd [powerd:sleepWake] Sleep revert state: 1

2021-11-05 23:14:02.762415 0x58f      Default     0x0                  41     0    powerd [powerd:assertions] Process mediaserverd.35 TimedOut PreventUserIdleSystemSleep "com.apple.APEndpointManagerCarPlay.timed" age:00:00:29  id:4295000066 [System: PrevIdle SysAct] 
2021-11-05 23:14:02.774117 0x485      Default     0x0                  41     0    powerd [powerd:assertions] Check assertion activity update from clients 0
2021-11-05 23:14:02.774122 0x485      Default     0x0                  41     0    powerd [powerd:assertions] checkForAssertionActivityUpdates : setting timer to fire in 5 secs
2021-11-05 23:14:02.774123 0x485      Default     0x0                  41     0    powerd [powerd:assertions] checkForAssertionActivityUpdates : setting timer to fire in 5 secs
2021-11-05 23:14:02.774181 0x58f      Default     0x0                  41     0    powerd [powerd:assertions] Assertion Activity Update: logged 5 entries. New refCnt 222, overflow 0
2021-11-05 23:14:02.780763 0x58f      Default     0x204e               41     0    powerd [powerd:assertions] Process runningboardd.32 Released SystemIsActive "daemon<com.apple.ap.promotedcontentd>32-213-59:com.apple.CFNetwork.StorageDB" age:00:00:01  id:51539640380 [System: PrevIdle SysAct] 
2021-11-05 23:14:02.783919 0x58f      Default     0x20a8               41     0    powerd [powerd:assertions] Process runningboardd.32 Released SystemIsActive "daemon<com.apple.amsengagementd>32-159-60:com.apple.CFNetwork.StorageDB" age:00:00:01  id:51539640381 [System: PrevIdle SysAct] 
2021-11-05 23:14:02.788754 0x58f      Default     0x0                  41     0    powerd [powerd:batteryhealth] Previous Battery Health: Flags:3 State:0 MaxCapacity:82 CycleCount:

2021-11-05 23:14:02.788754 0x58f      Default     0x0                  41     0    powerd [powerd:batteryhealth] calib: svcFlags pre: 0x3
2021-11-05 23:14:02.788754 0x58f      Default     0x0                  41     0    powerd [powerd:batteryhealth] calib0: device not relevant
2021-11-05 23:14:02.788754 0x58f      Default     0x0                  41     0    powerd [powerd:batteryhealth] calib: svcFlags post: 0x3
2021-11-05 23:14:02.788757 0x58f      Default     0x0                  41     0    powerd [powerd:batteryhealth] Updated Battery Health: Flags:3 State:0 MaxCapacity:82 CycleCount:

2021-11-05 23:14:02.788778 0x58f      Default     0x0                  41     0    powerd [powerd:batteryhealth] Previous Battery Health: Flags:3 State:0 MaxCapacity:82 CycleCount:

2021-11-05 23:14:02.788778 0x58f      Default     0x0                  41     0    powerd [powerd:batteryhealth] calib: svcFlags pre: 0x3
2021-11-05 23:14:02.788778 0x58f      Default     0x0                  41     0    powerd [powerd:batteryhealth] calib0: device not relevant
2021-11-05 23:14:02.788778 0x58f      Default     0x0                  41     0    powerd [powerd:batteryhealth] calib: svcFlags post: 0x3
2021-11-05 23:14:02.788780 0x58f      Default     0x0                  41     0    powerd [powerd:batteryhealth] Updated Battery Health: Flags:3 State:0 MaxCapacity:82 CycleCount:

2021-11-05 23:14:02.788798 0x58f      Default     0x0                  41     0    powerd [powerd:batteryhealth] Previous Battery Health: Flags:3 State:0 MaxCapacity:82 CycleCount:

2021-11-05 23:14:02.788798 0x58f      Default     0x0                  41     0    powerd [powerd:batteryhealth] calib: svcFlags pre: 0x3
2021-11-05 23:14:02.788798 0x58f      Default     0x0                  41     0    powerd [powerd:batteryhealth] calib0: device not relevant
2021-11-05 23:14:02.788798 0x58f      Default     0x0                  41     0    powerd [powerd:batteryhealth] calib: svcFlags post: 0x3
2021-11-05 23:14:02.788801 0x58f      Default     0x0                  41     0    powerd [powerd:batteryhealth] Updated Battery Health: Flags:3 State:0 MaxCapacity:82 CycleCount:

2021-11-05 23:14:02.938754 0x485      Default     0x20ed               41     0    powerd [powerd:sleepWake] Sleep revert state: 1

2021-11-05 23:14:02.938756 0x485      Default     0x20ed               41     0    powerd [powerd:assertions] Process runningboardd.32 Created SystemIsActive "daemon<com.apple.atc>32-190-63:com.apple.medialibraryd A5DF9AA3-F409-4F05-8DF9-17344DB7815B Finish Task Assertion, Database transaction for library at path: /var/mobile/Media/iTunes_Control/iTunes/MediaLibrary.sqlitedb(FinishTask)" age:00:00:00  id:51539640382 [System: PrevIdle SysAct] 
2021-11-05 23:14:02.941526 0x485      Default     0x20f6               41     0    powerd [powerd:assertions] Process runningboardd.32 Released SystemIsActive "daemon<com.apple.atc>32-190-63:com.apple.medialibraryd A5DF9AA3-F409-4F05-8DF9-17344DB7815B Finish Task Assertion, Database transaction for library at path: /var/mobile/Media/iTunes_Control/iTunes/MediaLibrary.sqlitedb(FinishTask)" age:00:00:00  id:51539640382 [System: PrevIdle SysAct] 
2021-11-05 23:14:02.953136 0x58f      Default     0x0                  41     0    powerd [powerd:assertions] Process apsd.107 Released NoIdleSleepAssertion "com.apple.apsd-connectcouriers" age:00:00:11  id:4295000123 [System: PrevIdle SysAct] 
2021-11-05 23:14:03.110666 0x58f      Default     0x0                  41     0    powerd [powerd:systemLoad] rootDomain's user activity state:0

2021-11-05 23:14:03.110666 0x58f      Default     0x0                  41     0    powerd [powerd:systemLoad] Display state: Off NotificationWake : 0

2021-11-05 23:14:03.110677 0x58f      Default     0x0                  41     0    powerd [powerd:systemLoad] Activity changes from 0x1 to 0x0. UseActiveState:0

2021-11-05 23:14:03.110677 0x58f      Default     0x0                  41     0    powerd [powerd:systemLoad] hidActive:0 displayOff:1 assertionActivityValid:0 now:0x36  hid_ts:0x0 assertion_ts:0x0

2021-11-05 23:14:03.110796 0x58f      Default     0x0                  41     0    powerd [powerd:assertions] Process locationd.68 Summary NoIdleSleepAssertion "com.apple.persistentconnection[locationd,68,com.apple.locationd.clSeparationAlertsServicePersistentTimer-PendingSimpleTimer(0x107515de0)]" age:00:00:07  id:4295000127 [System: PrevIdle SysAct] 
2021-11-05 23:14:03.110796 0x58f      Default     0x0                  41     0    powerd [powerd:assertions] Process runningboardd.32 Summary SystemIsActive "daemon<com.apple.SpringBoard>32-61-3:FBSystemApp-PreventIdleSleep" age:00:00:43  id:51539640323 [System: PrevIdle SysAct] 
2021-11-05 23:14:03.110827 0x58f      Default     0x0                  41     0    powerd [powerd:assertions] Process kernel_task.0 Released Idle Sleep Preventer "AppleARMBacklight" age: id:0 [System: PrevIdle SysAct] 
2021-11-05 23:14:03.123794 0x58f      Default     0x218b               41     0    powerd [powerd:assertions] Process runningboardd.32 Released SystemIsActive "daemon<com.apple.SpringBoard>32-61-3:FBSystemApp-PreventIdleSleep" age:00:00:44  id:51539640323 [System: PrevIdle] 
2021-11-05 23:14:03.155510 0x58f      Default     0x22dc               41     0    powerd [powerd:sleepWake] Sleep revert state: 1

2021-11-05 23:14:03.155513 0x58f      Default     0x22dc               41     0    powerd [powerd:assertions] Process runningboardd.32 Created SystemIsActive "xpcservice<com.apple.ScreenTimeWidgetApplication.ScreenTimeWidgetExtension([daemon<com.apple.chronod>:102])>32-102-66:[ScreenTimeWidgetApplication.ScreenTimeWidgetExtension-3ECDB941984C]" age:00:00:00  id:51539640386 [System: PrevIdle SysAct] 
2021-11-05 23:14:03.170516 0x58f      Default     0x2365               41     0    powerd [powerd:assertions] Process runningboardd.32 Released SystemIsActive "xpcservice<com.apple.ScreenTimeWidgetApplication.ScreenTimeWidgetExtension([daemon<com.apple.chronod>:102])>32-102-67:[ScreenTimeWidgetApplication.ScreenTimeWidgetExtension-3ECDB941984C]" age:00:00:00  id:51539640386 [System: PrevIdle] 
2021-11-05 23:14:03.285182 0x58f      Default     0x0                  41     0    powerd [powerd:assertions] Process locationd.68 Released NoIdleSleepAssertion "com.apple.persistentconnection[locationd,68,com.apple.locationd.clSeparationAlertsServicePersistentTimer-PendingSimpleTimer(0x107515de0)]" age:00:00:14  id:4295000127 [System: PrevIdle] 
2021-11-05 23:14:03.526005 0x485      Default     0x0                  41     0    powerd [powerd:assertions] Sending assertion timeout message for id 0x8043 to 29 for 0x80020000

2021-11-05 23:14:03.526010 0x485      Default     0x0                  41     0    powerd [powerd:assertions] Process UserEventAgent.29 TimedOut PreventUserIdleSystemSleep "TEMP:com.apple.nanotimekitcompanion.snapshots.prewarm" age:00:00:15  id:4295000131 [System: PrevIdle] 
2021-11-05 23:14:03.789219 0xd3c      Default     0x0                  41     0    powerd [powerd:assertions] Process imagent.71 Released NoIdleSleepAssertion "com.apple.persistentconnection[imagent,71,message-watchdog-timer-PendingSimpleTimer(0x133d55500)]" age:00:00:14  id:4295000132 [System: PrevIdle] 
2021-11-05 23:14:03.945976 0x485      Default     0x0                  41     0    powerd [powerd:assertions] Process locationd.68 Released NoIdleSleepAssertion "com.apple.persistentconnection[locationd,68,FenceManagerStart-PendingSimpleTimer(0x1040e2d40)]" age:00:00:15  id:4295000133 [System: PrevIdle] 
2021-11-05 23:14:04.142988 0xd3c      Default     0x2422               41     0    powerd [powerd:sleepWake] Sleep revert state: 1

2021-11-05 23:14:04.142990 0xd3c      Default     0x2422               41     0    powerd [powerd:assertions] Process runningboardd.32 Created SystemIsActive "xpcservice<com.apple.accessibility.AccessibilityUIServer(no host)>:25232-252-68:Shared Background Assertion 0 for com.apple.accessibility.AccessibilityUIServer(FinishTask)" age:00:00:00  id:51539640390 [System: PrevIdle SysAct] 
2021-11-05 23:14:04.145718 0xd3c      Default     0x2428               41     0    powerd [powerd:assertions] Process runningboardd.32 Released SystemIsActive "xpcservice<com.apple.accessibility.AccessibilityUIServer(no host)>:25232-252-68:Shared Background Assertion 0 for com.apple.accessibility.AccessibilityUIServer(FinishTask)" age:00:00:00  id:51539640390 [System: PrevIdle] 
2021-11-05 23:14:05.211456 0xde9      Default     0x242c               41     0    powerd [powerd:sleepWake] Sleep revert state: 1

2021-11-05 23:14:05.211461 0xde9      Default     0x242c               41     0    powerd [powerd:assertions] Process runningboardd.32 Created SystemIsActive "daemon<com.apple.akd>32-156-69:com.apple.CFNetwork.StorageDB" age:00:00:00  id:51539640391 [System: PrevIdle SysAct] 
2021-11-05 23:14:05.239866 0xde9      Default     0x2493               41     0    powerd [powerd:assertions] Process runningboardd.32 Released SystemIsActive "daemon<com.apple.akd>32-156-69:com.apple.CFNetwork.StorageDB" age:00:00:01  id:51539640391 [System: PrevIdle] 
2021-11-05 23:14:08.132629 0xf33      Default     0x249f               41     0    powerd [powerd:sleepWake] Sleep revert state: 1

2021-11-05 23:14:08.132632 0xf33      Default     0x249f               41     0    powerd [powerd:assertions] Process runningboardd.32 Created SystemIsActive "daemon<com.apple.akd>32-156-70:com.apple.CFNetwork.StorageDB" age:00:00:00  id:51539640392 [System: PrevIdle SysAct] 
2021-11-05 23:14:08.162636 0xf33      Default     0x24d6               41     0    powerd [powerd:assertions] Process runningboardd.32 Released SystemIsActive "daemon<com.apple.akd>32-156-70:com.apple.CFNetwork.StorageDB" age:00:00:01  id:51539640392 [System: PrevIdle] 
2021-11-05 23:14:10.757373 0x10d0     Default     0x0                  41     0    powerd [powerd:batteryhealth] Previous Battery Health: Flags:3 State:0 MaxCapacity:82 CycleCount:

2021-11-05 23:14:10.757373 0x10d0     Default     0x0                  41     0    powerd [powerd:batteryhealth] calib: svcFlags pre: 0x3
2021-11-05 23:14:10.757373 0x10d0     Default     0x0                  41     0    powerd [powerd:batteryhealth] calib0: device not relevant
2021-11-05 23:14:10.757373 0x10d0     Default     0x0                  41     0    powerd [powerd:batteryhealth] calib: svcFlags post: 0x3
2021-11-05 23:14:10.757376 0x10d0     Default     0x0                  41     0    powerd [powerd:batteryhealth] Updated Battery Health: Flags:3 State:0 MaxCapacity:82 CycleCount:

2021-11-05 23:14:10.757402 0x10d0     Default     0x0                  41     0    powerd [powerd:batteryhealth] Previous Battery Health: Flags:3 State:0 MaxCapacity:82 CycleCount:

2021-11-05 23:14:10.757402 0x10d0     Default     0x0                  41     0    powerd [powerd:batteryhealth] calib: svcFlags pre: 0x3
2021-11-05 23:14:10.757402 0x10d0     Default     0x0                  41     0    powerd [powerd:batteryhealth] calib0: device not relevant
2021-11-05 23:14:10.757402 0x10d0     Default     0x0                  41     0    powerd [powerd:batteryhealth] calib: svcFlags post: 0x3
2021-11-05 23:14:10.757405 0x10d0     Default     0x0                  41     0    powerd [powerd:batteryhealth] Updated Battery Health: Flags:3 State:0 MaxCapacity:82 CycleCount:

2021-11-05 23:14:10.763057 0x10d0     Default     0x0                  41     0    powerd [powerd:batteryhealth] Previous Battery Health: Flags:3 State:0 MaxCapacity:82 CycleCount:

2021-11-05 23:14:10.763057 0x10d0     Default     0x0                  41     0    powerd [powerd:batteryhealth] calib: svcFlags pre: 0x3
2021-11-05 23:14:10.763057 0x10d0     Default     0x0                  41     0    powerd [powerd:batteryhealth] calib0: device not relevant
2021-11-05 23:14:10.763057 0x10d0     Default     0x0                  41     0    powerd [powerd:batteryhealth] calib: svcFlags post: 0x3
2021-11-05 23:14:10.763061 0x10d0     Default     0x0                  41     0    powerd [powerd:batteryhealth] Updated Battery Health: Flags:3 State:0 MaxCapacity:82 CycleCount:

2021-11-05 23:14:10.763081 0x10d0     Default     0x0                  41     0    powerd [powerd:batteryhealth] Previous Battery Health: Flags:3 State:0 MaxCapacity:82 CycleCount:

2021-11-05 23:14:10.763081 0x10d0     Default     0x0                  41     0    powerd [powerd:batteryhealth] calib: svcFlags pre: 0x3
2021-11-05 23:14:10.763081 0x10d0     Default     0x0                  41     0    powerd [powerd:batteryhealth] calib0: device not relevant
2021-11-05 23:14:10.763081 0x10d0     Default     0x0                  41     0    powerd [powerd:batteryhealth] calib: svcFlags post: 0x3
2021-11-05 23:14:10.763084 0x10d0     Default     0x0                  41     0    powerd [powerd:batteryhealth] Updated Battery Health: Flags:3 State:0 MaxCapacity:82 CycleCount:

2021-11-05 23:14:11.055423 0x10d0     Default     0x2610               41     0    powerd [powerd:sleepWake] Sleep revert state: 1

2021-11-05 23:14:11.055424 0x10d0     Default     0x2610               41     0    powerd [powerd:assertions] Process runningboardd.32 Created SystemIsActive "daemon<com.apple.akd>32-156-71:com.apple.CFNetwork.StorageDB" age:00:00:00  id:51539640393 [System: PrevIdle SysAct] 
2021-11-05 23:14:11.084164 0x10d0     Default     0x2617               41     0    powerd [powerd:assertions] Process runningboardd.32 Released SystemIsActive "daemon<com.apple.akd>32-156-71:com.apple.CFNetwork.StorageDB" age:00:00:01  id:51539640393 [System: PrevIdle] 
2021-11-05 23:14:13.981018 0x12e8     Default     0x261f               41     0    powerd [powerd:sleepWake] Sleep revert state: 1

2021-11-05 23:14:13.981020 0x12e8     Default     0x261f               41     0    powerd [powerd:assertions] Process runningboardd.32 Created SystemIsActive "daemon<com.apple.akd>32-156-72:com.apple.CFNetwork.StorageDB" age:00:00:00  id:51539640395 [System: PrevIdle SysAct] 
2021-11-05 23:14:14.010210 0x12e8     Default     0x2826               41     0    powerd [powerd:assertions] Process runningboardd.32 Released SystemIsActive "daemon<com.apple.akd>32-156-72:com.apple.CFNetwork.StorageDB" age:00:00:01  id:51539640395 [System: PrevIdle] 
2021-11-05 23:14:15.375505 0x139b     Default     0x0                  41     0    powerd [powerd:assertions] Process kernel_task.0 Released Idle Sleep Preventer "IOAccessoryUSBConnectShim" age: id:0 [System: PrevIdle] 
2021-11-05 23:14:15.375537 0x139b     Default     0x282a               41     0    powerd [powerd:sleepWake] Sleep revert state: 1

2021-11-05 23:14:15.375540 0x139b     Default     0x282a               41     0    powerd [powerd:assertions] Process runningboardd.32 Created SystemIsActive "daemon<com.apple.SpringBoard>32-61-73:FBSystemApp-PreventIdleSleep" age:00:00:00  id:51539640396 [System: PrevIdle SysAct] 
2021-11-05 23:14:15.378078 0x13e6     Default     0x0                  41     0    powerd [powerd:battery] posted 'com.apple.system.powermanagement.poweradapter'

2021-11-05 23:14:15.378079 0x13e6     Default     0x0                  41     0    powerd [powerd:battery] Battery time remaining posted(0x200000000480000) Time:0 Source:Batt

2021-11-05 23:14:15.378079 0x13e6     Default     0x0                  41     0    powerd [powerd:battery] Battery capacity change posted(0x80064). Capacity:100 Source:Batt

2021-11-05 23:14:15.378079 0x13e6     Default     0x0                  41     0    powerd [powerd:battery] Power Source change. Source:Batt
2021-11-05 23:14:15.378142 0x13b4     Default     0x0                  41     0    powerd [powerd:systemLoad] rootDomain's user activity state:1

2021-11-05 23:14:15.378142 0x13b4     Default     0x0                  41     0    powerd [powerd:systemLoad] Display state: On NotificationWake : 0

2021-11-05 23:14:15.378143 0x13b4     Default     0x0                  41     0    powerd [powerd:systemLoad] Activity changes from 0x0 to 0x2. UseActiveState:0

2021-11-05 23:14:15.378143 0x13b4     Default     0x0                  41     0    powerd [powerd:systemLoad] hidActive:0 displayOff:0 assertionActivityValid:0 now:0x235  hid_ts:0x0 assertion_ts:0x0

2021-11-05 23:14:15.378462 0x13b4     Default     0x0                  41     0    powerd [powerd:assertions] Aysnc Assertion: received initial connection from 196
2021-11-05 23:14:15.378696 0x13b4     Default     0x0                  41     0    powerd [powerd:assertions] Aysnc Assertion: received initial connection from 75
2021-11-05 23:14:15.380956 0x13e6     Default     0x0                  41     0    powerd [powerd:lowPowerMode] LPM: monitor: pluggedIn=0

2021-11-05 23:14:15.435303 0x139b     Default     0x0                  41     0    powerd [powerd:assertions] Process dasd.96 Released PreventUserIdleSystemSleep "DASActivity:com.apple.UsageTrackingAgent.activity.reset-device-activity-alarms" age:00:08:33  id:4295000129 [System: SysAct] 
2021-11-05 23:14:16.102164 0x13b4     Default     0x0                  41     0    powerd [powerd:systemLoad] rootDomain's user activity state:0

2021-11-05 23:14:16.102164 0x13b4     Default     0x0                  41     0    powerd [powerd:systemLoad] Display state: Off NotificationWake : 0

2021-11-05 23:14:16.102180 0x13b4     Default     0x0                  41     0    powerd [powerd:systemLoad] Activity changes from 0x2 to 0x0. UseActiveState:0

2021-11-05 23:14:16.102180 0x13b4     Default     0x0                  41     0    powerd [powerd:systemLoad] hidActive:0 displayOff:1 assertionActivityValid:0 now:0x253  hid_ts:0x0 assertion_ts:0x0

2021-11-05 23:14:16.102180 0x13b4     Default     0x0                  41     0    powerd [powerd:assertions] System Assertion Timeout: Starting System Assertion Timer
2021-11-05 23:14:16.106217 0x13b4     Default     0x0                  41     0    powerd [powerd:assertions] Process runningboardd.32 Summary SystemIsActive "daemon<com.apple.SpringBoard>32-61-73:FBSystemApp-PreventIdleSleep" age:00:00:30  id:51539640396 [System: SysAct] 
2021-11-05 23:14:16.106333 0x13b4     Default     0x0                  41     0    powerd [powerd:assertions] Process kernel_task.0 Released Idle Sleep Preventer "AppleARMBacklight" age: id:0 [System: SysAct] 
2021-11-05 23:14:16.122501 0x13b4     Default     0x2904               41     0    powerd [powerd:assertions] Process runningboardd.32 Released SystemIsActive "daemon<com.apple.SpringBoard>32-61-73:FBSystemApp-PreventIdleSleep" age:00:00:31  id:51539640396 [System: No Assertions] 
2021-11-05 23:14:16.194830 0x1432     Default     0x0                  41     0    powerd Received kIOMessageCanSystemSleep. UUID: EDDD98F4-36C7-42C8-A1B0-D577833EA289

2021-11-05 23:14:16.194830 0x1432     Default     0x0                  41     0    powerd [powerd:assertions] Check for async assertions
2021-11-05 23:14:16.194831 0x1432     Default     0x0                  41     0    powerd [powerd:assertions] Sending assertion check message to pid 85

2021-11-05 23:14:16.194834 0x1432     Default     0x0                  41     0    powerd [powerd:assertions] Sending assertion check message to pid 169

2021-11-05 23:14:16.194838 0x1432     Default     0x0                  41     0    powerd [powerd:assertions] Sending assertion check message to pid 54

2021-11-05 23:14:16.194840 0x1432     Default     0x0                  41     0    powerd [powerd:assertions] Sending assertion check message to pid 96

2021-11-05 23:14:16.194843 0x1432     Default     0x0                  41     0    powerd [powerd:assertions] Sending assertion check message to pid 58

